Component: ARM Compiler 5.06 update 2 (build 183) Tool: armlink [4d35b7]

==============================================================================

Removing Unused input sections from the image.

    Removing usbd_cdc_core.o(.rev16_text), (4 bytes).
    Removing usbd_cdc_core.o(.revsh_text), (4 bytes).
    Removing usbd_cdc_core.o(.rrx_text), (6 bytes).
    Removing usb_dcd.o(.rev16_text), (4 bytes).
    Removing usb_dcd.o(.revsh_text), (4 bytes).
    Removing usb_dcd.o(.rrx_text), (6 bytes).
    Removing usb_dcd.o(i.DCD_DevConnect), (32 bytes).
    Removing usb_dcd.o(i.DCD_DevDisconnect), (34 bytes).
    Removing usb_dcd.o(i.DCD_EP_Flush), (36 bytes).
    Removing usb_dcd.o(i.DCD_GetEPStatus), (64 bytes).
    Removing usb_dcd.o(i.DCD_SetEPStatus), (62 bytes).
    Removing usbd_req.o(.rev16_text), (4 bytes).
    Removing usbd_req.o(.revsh_text), (4 bytes).
    Removing usbd_req.o(.rrx_text), (6 bytes).
    Removing usb_core.o(.rev16_text), (4 bytes).
    Removing usb_core.o(.revsh_text), (4 bytes).
    Removing usb_core.o(.rrx_text), (6 bytes).
    Removing usb_core.o(i.USB_OTG_ActiveRemoteWakeup), (108 bytes).
    Removing usb_core.o(i.USB_OTG_GetEPStatus), (106 bytes).
    Removing usb_core.o(i.USB_OTG_IsHostMode), (20 bytes).
    Removing usb_core.o(i.USB_OTG_ReadOtgItr), (8 bytes).
    Removing usb_core.o(i.USB_OTG_SetEPStatus), (282 bytes).
    Removing usb_core.o(i.USB_OTG_StopDevice), (82 bytes).
    Removing usb_core.o(i.USB_OTG_UngateClock), (56 bytes).
    Removing usbd_core.o(.rev16_text), (4 bytes).
    Removing usbd_core.o(.revsh_text), (4 bytes).
    Removing usbd_core.o(.rrx_text), (6 bytes).
    Removing usbd_ioreq.o(.rev16_text), (4 bytes).
    Removing usbd_ioreq.o(.revsh_text), (4 bytes).
    Removing usbd_ioreq.o(.rrx_text), (6 bytes).
    Removing usbd_ioreq.o(i.USBD_GetRxCount), (20 bytes).
    Removing usb_dcd_int.o(.rev16_text), (4 bytes).
    Removing usb_dcd_int.o(.revsh_text), (4 bytes).
    Removing usb_dcd_int.o(.rrx_text), (6 bytes).
    Removing bin_locate.o(.test), (39092 bytes).
    Removing stm32fxxx_it.o(.rev16_text), (4 bytes).
    Removing stm32fxxx_it.o(.revsh_text), (4 bytes).
    Removing stm32fxxx_it.o(.rrx_text), (6 bytes).
    Removing stm32fxxx_it.o(i.PendSV_Handler), (2 bytes).
    Removing stm32fxxx_it.o(i.SVC_Handler), (2 bytes).
    Removing stm32fxxx_it.o(i.SysTick_Handler), (2 bytes).
    Removing system_stm32f10x.o(.rev16_text), (4 bytes).
    Removing system_stm32f10x.o(.revsh_text), (4 bytes).
    Removing system_stm32f10x.o(.rrx_text), (6 bytes).
    Removing usb_bsp.o(.rev16_text), (4 bytes).
    Removing usb_bsp.o(.revsh_text), (4 bytes).
    Removing usb_bsp.o(.rrx_text), (6 bytes).
    Removing usbd_cdc_vcp.o(.rev16_text), (4 bytes).
    Removing usbd_cdc_vcp.o(.revsh_text), (4 bytes).
    Removing usbd_cdc_vcp.o(.rrx_text), (6 bytes).
    Removing usbd_cdc_vcp.o(i.UsbSendData), (8 bytes).
    Removing usbd_cdc_vcp.o(.bss), (16 bytes).
    Removing usbd_desc.o(.rev16_text), (4 bytes).
    Removing usbd_desc.o(.revsh_text), (4 bytes).
    Removing usbd_desc.o(.rrx_text), (6 bytes).
    Removing usbd_usr.o(.rev16_text), (4 bytes).
    Removing usbd_usr.o(.revsh_text), (4 bytes).
    Removing usbd_usr.o(.rrx_text), (6 bytes).
    Removing driver.o(.rev16_text), (4 bytes).
    Removing driver.o(.revsh_text), (4 bytes).
    Removing driver.o(.rrx_text), (6 bytes).
    Removing driver.o(i.drv_boot_low), (16 bytes).
    Removing driver.o(i.drv_power_off), (20 bytes).
    Removing can.o(.rev16_text), (4 bytes).
    Removing can.o(.revsh_text), (4 bytes).
    Removing can.o(.rrx_text), (6 bytes).
    Removing can.o(i.can_send), (60 bytes).
    Removing crc32.o(i.GetCrc32), (48 bytes).
    Removing crc32.o(i.GetCrc32_One), (32 bytes).
    Removing crc32.o(i.GetCrc32_Partial), (56 bytes).
    Removing crc32.o(i.GetMeCrc), (40 bytes).
    Removing crc32.o(.constdata), (1024 bytes).
    Removing fifo8.o(.rev16_text), (4 bytes).
    Removing fifo8.o(.revsh_text), (4 bytes).
    Removing fifo8.o(.rrx_text), (6 bytes).
    Removing fifo8.o(i.EnFIFOBuf), (132 bytes).
    Removing fifo8.o(i.FIFOFreeLen), (18 bytes).
    Removing fifo8.o(i.FIFOIsEmpty), (18 bytes).
    Removing main.o(.rev16_text), (4 bytes).
    Removing main.o(.revsh_text), (4 bytes).
    Removing main.o(.rrx_text), (6 bytes).
    Removing adc.o(.rev16_text), (4 bytes).
    Removing adc.o(.revsh_text), (4 bytes).
    Removing adc.o(.rrx_text), (6 bytes).
    Removing adc.o(i.ReadADC), (432 bytes).
    Removing adc.o(.data), (24 bytes).
    Removing trace.o(.rev16_text), (4 bytes).
    Removing trace.o(.revsh_text), (4 bytes).
    Removing trace.o(.rrx_text), (6 bytes).
    Removing trace.o(i.IsAscii), (18 bytes).
    Removing trace.o(i.Trace), (104 bytes).
    Removing trace.o(i.TraceBin), (88 bytes).
    Removing trace.o(i.TraceHex), (76 bytes).
    Removing ina226.o(.rev16_text), (4 bytes).
[...]
    prvIsQueueEmpty                          0x080059ad   Thumb Code    26  queue.o(i.prvIsQueueEmpty)
    i.prvIsQueueFull                         0x080059c6   Section        0  queue.o(i.prvIsQueueFull)
    prvIsQueueFull                           0x080059c7   Thumb Code    30  queue.o(i.prvIsQueueFull)
    i.prvResetNextTaskUnblockTime            0x080059e4   Section        0  tasks.o(i.prvResetNextTaskUnblockTime)
    prvResetNextTaskUnblockTime              0x080059e5   Thumb Code    42  tasks.o(i.prvResetNextTaskUnblockTime)
    i.prvTaskExitError                       0x08005a18   Section        0  port.o(i.prvTaskExitError)
    prvTaskExitError                         0x08005a19   Thumb Code    22  port.o(i.prvTaskExitError)
    i.prvUnlockQueue                         0x08005a2e   Section        0  queue.o(i.prvUnlockQueue)
    prvUnlockQueue                           0x08005a2f   Thumb Code   126  queue.o(i.prvUnlockQueue)
    i.pvPortMalloc                           0x08005aac   Section        0  heap_3.o(i.pvPortMalloc)
    i.pxPortInitialiseStack                  0x08005acc   Section        0  port.o(i.pxPortInitialiseStack)
    i.soft_i2c_read                          0x08005af0   Section        0  soft_i2c.o(i.soft_i2c_read)
    i.soft_i2c_write                         0x08005b8c   Section        0  soft_i2c.o(i.soft_i2c_write)
    i.test_task                              0x08005c00   Section        0  test.o(i.test_task)
    i.trace_DMA_finished                     0x08005c40   Section        0  trace.o(i.trace_DMA_finished)
    trace_DMA_finished                       0x08005c41   Thumb Code    46  trace.o(i.trace_DMA_finished)
    i.trace_start_TX_DMA                     0x08005c74   Section        0  trace.o(i.trace_start_TX_DMA)
    trace_start_TX_DMA                       0x08005c75   Thumb Code    34  trace.o(i.trace_start_TX_DMA)
    i.uart_DMA_finished                      0x08005ca0   Section        0  uart_comm.o(i.uart_DMA_finished)
    uart_DMA_finished                        0x08005ca1   Thumb Code    56  uart_comm.o(i.uart_DMA_finished)
    i.uart_comm_task                         0x08005ce0   Section        0  uart_comm.o(i.uart_comm_task)
    i.uart_start_TX_DMA                      0x08005d4c   Section        0  uart_comm.o(i.uart_start_TX_DMA)
    uart_start_TX_DMA                        0x08005d4d   Thumb Code    36  uart_comm.o(i.uart_start_TX_DMA)
    i.usb_comm_task                          0x08005d78   Section        0  usb_comm.o(i.usb_comm_task)
    i.usbd_cdc_DataIn                        0x08005dac   Section        0  usbd_cdc_core.o(i.usbd_cdc_DataIn)
    i.usbd_cdc_DataOut                       0x08005e5c   Section        0  usbd_cdc_core.o(i.usbd_cdc_DataOut)
    i.usbd_cdc_DeInit                        0x08005e94   Section        0  usbd_cdc_core.o(i.usbd_cdc_DeInit)
    i.usbd_cdc_EP0_RxReady                   0x08005ec0   Section        0  usbd_cdc_core.o(i.usbd_cdc_EP0_RxReady)
    i.usbd_cdc_Init                          0x08005ef8   Section        0  usbd_cdc_core.o(i.usbd_cdc_Init)
    i.usbd_cdc_SOF                           0x08005f50   Section        0  usbd_cdc_core.o(i.usbd_cdc_SOF)
    i.usbd_cdc_Setup                         0x08005f78   Section        0  usbd_cdc_core.o(i.usbd_cdc_Setup)
    i.uxListRemove                           0x08006040   Section        0  list.o(i.uxListRemove)
    i.vApplicationMallocFailedHook           0x08006068   Section        0  main.o(i.vApplicationMallocFailedHook)
    i.vListInitialise                        0x0800606a   Section        0  list.o(i.vListInitialise)
    i.vListInitialiseItem                    0x08006084   Section        0  list.o(i.vListInitialiseItem)
    i.vListInsert                            0x0800608a   Section        0  list.o(i.vListInsert)
    i.vListInsertEnd                         0x080060be   Section        0  list.o(i.vListInsertEnd)
    i.vPortEnterCritical                     0x080060d8   Section        0  port.o(i.vPortEnterCritical)
    i.vPortExitCritical                      0x080060fc   Section        0  port.o(i.vPortExitCritical)
    i.vPortFree                              0x0800611c   Section        0  heap_3.o(i.vPortFree)
    i.vPortSetupTimerInterrupt               0x08006134   Section        0  port.o(i.vPortSetupTimerInterrupt)
    i.vTaskDelay                             0x08006148   Section        0  tasks.o(i.vTaskDelay)
    i.vTaskMissedYield                       0x0800617c   Section        0  tasks.o(i.vTaskMissedYield)
    i.vTaskPlaceOnEventList                  0x08006188   Section        0  tasks.o(i.vTaskPlaceOnEventList)
    i.vTaskSetTimeOutState                   0x080061a8   Section        0  tasks.o(i.vTaskSetTimeOutState)
    i.vTaskStartScheduler                    0x080061c0   Section        0  tasks.o(i.vTaskStartScheduler)
    i.vTaskSuspendAll                        0x08006224   Section        0  tasks.o(i.vTaskSuspendAll)
    i.vTaskSwitchContext                     0x08006234   Section        0  tasks.o(i.vTaskSwitchContext)
    i.xPortStartScheduler                    0x08006294   Section        0  port.o(i.xPortStartScheduler)
    i.xPortSysTickHandler                    0x080062c8   Section        0  port.o(i.xPortSysTickHandler)
    i.xQueueGenericCreate                    0x080062fc   Section        0  queue.o(i.xQueueGenericCreate)
    i.xQueueGenericReceive                   0x08006334   Section        0  queue.o(i.xQueueGenericReceive)
    i.xQueueGenericReset                     0x08006470   Section        0  queue.o(i.xQueueGenericReset)
    i.xQueueGenericSend                      0x080064f0   Section        0  queue.o(i.xQueueGenericSend)
    i.xTaskCheckForTimeOut                   0x08006608   Section        0  tasks.o(i.xTaskCheckForTimeOut)
    i.xTaskCreate                            0x08006664   Section        0  tasks.o(i.xTaskCreate)
    i.xTaskIncrementTick                     0x080066c4   Section        0  tasks.o(i.xTaskIncrementTick)
    i.xTaskRemoveFromEventList               0x080067e0   Section        0  tasks.o(i.xTaskRemoveFromEventList)
    i.xTaskResumeAll                         0x08006860   Section        0  tasks.o(i.xTaskResumeAll)
    .data                                    0x20000000   Section      152  usbd_cdc_core.o(.data)
    usbd_cdc_AltSet                          0x20000000   Data           4  usbd_cdc_core.o(.data)
    cdcCmd                                   0x2000001c   Data           4  usbd_cdc_core.o(.data)
    cdcLen                                   0x20000020   Data           4  usbd_cdc_core.o(.data)
    FrameCount                               0x20000094   Data           4  usbd_cdc_core.o(.data)
    .data                                    0x20000098   Section       13  usbd_req.o(.data)
    cfgidx                                   0x200000a4   Data           1  usbd_req.o(.data)
    .data                                    0x200000a8   Section       52  usbd_core.o(.data)
    .data                                    0x200000dc   Section       20  system_stm32f10x.o(.data)
    .data                                    0x200000f0   Section       28  usbd_cdc_vcp.o(.data)
    .data                                    0x2000010c   Section       86  usbd_desc.o(.data)
    .data                                    0x20000164   Section       28  usbd_usr.o(.data)
    .data                                    0x20000180   Section       16  main.o(.data)
    .data                                    0x20000190   Section        1  trace.o(.data)
    trace_dma_start                          0x20000190   Data           1  trace.o(.data)
    .data                                    0x20000194   Section        8  usb_comm.o(.data)
    .data                                    0x2000019c   Section       10  uart_comm.o(.data)
    uart_dma_start                           0x200001a4   Data           1  uart_comm.o(.data)
    firmware_mode                            0x200001a5   Data           1  uart_comm.o(.data)
    .data                                    0x200001a8   Section        4  test.o(.data)
    .data                                    0x200001ac   Section       20  stm32f10x_rcc.o(.data)
    APBAHBPrescTable                         0x200001ac   Data          16  stm32f10x_rcc.o(.data)
    ADCPrescTable                            0x200001bc   Data           4  stm32f10x_rcc.o(.data)
    .data                                    0x200001c0   Section       60  tasks.o(.data)
    pxDelayedTaskList                        0x200001c4   Data           4  tasks.o(.data)
    pxOverflowDelayedTaskList                0x200001c8   Data           4  tasks.o(.data)
    uxDeletedTasksWaitingCleanUp             0x200001cc   Data           4  tasks.o(.data)
    uxCurrentNumberOfTasks                   0x200001d0   Data           4  tasks.o(.data)
    xTickCount                               0x200001d4   Data           4  tasks.o(.data)
    uxTopReadyPriority                       0x200001d8   Data           4  tasks.o(.data)
    xSchedulerRunning                        0x200001dc   Data           4  tasks.o(.data)
    uxPendedTicks                            0x200001e0   Data           4  tasks.o(.data)
    xYieldPending                            0x200001e4   Data           4  tasks.o(.data)
    xNumOfOverflows                          0x200001e8   Data           4  tasks.o(.data)
    uxTaskNumber                             0x200001ec   Data           4  tasks.o(.data)
    xNextTaskUnblockTime                     0x200001f0   Data           4  tasks.o(.data)
    xIdleTaskHandle                          0x200001f4   Data           4  tasks.o(.data)
    uxSchedulerSuspended                     0x200001f8   Data           4  tasks.o(.data)
    .data                                    0x200001fc   Section        4  port.o(.data)
    uxCriticalNesting                        0x200001fc   Data           4  port.o(.data)
    .data                                    0x20000200   Section        4  mvars.o(.data)
    .data                                    0x20000204   Section        4  mvars.o(.data)
    .bss                                     0x20000208   Section      131  usbd_cdc_core.o(.bss)
    .bss                                     0x2000028b   Section      255  usbd_desc.o(.bss)
    .bss                                     0x2000038c   Section     1524  main.o(.bss)
    .bss                                     0x20000980   Section      270  adc.o(.bss)
    ADCConvertedValue                        0x20000980   Data         192  adc.o(.bss)
    .bss                                     0x20000a8e   Section     1024  trace.o(.bss)
    trace_dma_buffer                         0x20000a8e   Data        1024  trace.o(.bss)
    .bss                                     0x20000e90   Section       44  ina226.o(.bss)
    I2C_INA226                               0x20000e90   Data          44  ina226.o(.bss)
    .bss                                     0x20000ebc   Section     5276  usb_comm.o(.bss)
    TxFrameBuff                              0x200016dc   Data          64  usb_comm.o(.bss)
    UsbRcvFrameBuffer                        0x2000171c   Data        1084  usb_comm.o(.bss)
    APP_Rx_Buffer                            0x20001b58   Data        2048  usb_comm.o(.bss)
    .bss                                     0x20002358   Section     5376  uart_comm.o(.bss)
    .bss                                     0x20003858   Section      512  firm.o(.bss)
    .bss                                     0x20003a58   Section      260  tasks.o(.bss)
    pxReadyTasksLists                        0x20003a58   Data         160  tasks.o(.bss)
    xDelayedTaskList1                        0x20003af8   Data          20  tasks.o(.bss)
    xDelayedTaskList2                        0x20003b0c   Data          20  tasks.o(.bss)
    xPendingReadyList                        0x20003b20   Data          20  tasks.o(.bss)
    xTasksWaitingTermination                 0x20003b34   Data          20  tasks.o(.bss)
    xSuspendedTaskList                       0x20003b48   Data          20  tasks.o(.bss)
    HEAP                                     0x20003b60   Section     3840  startup_stm32f10x_cl.o(HEAP)
    STACK                                    0x20004a60   Section     2048  startup_stm32f10x_cl.o(STACK)

    Global Symbols

    Symbol Name                              Value     Ov Type        Size  Object(Section)

    BuildAttributes$$THM_ISAv4$P$D$K$B$S$PE$A:L22UL41UL21$X:L11$S22US41US21$IEEE1$IW$USESV6$~STKCKD$USESV7$~SHL$OTIME$ROPI$EBA8$MICROLIB$REQ8$PRES8$EABIv2 0x00000000   Number         0  anon$$obj.o ABSOLUTE
    __ARM_use_no_argv                        0x00000000   Number         0  main.o ABSOLUTE
    _printf_a                                0x00000000   Number         0  stubs.o ABSOLUTE
    _printf_c                                0x00000000   Number         0  stubs.o ABSOLUTE
    _printf_charcount                        0x00000000   Number         0  stubs.o ABSOLUTE
    _printf_d                                0x00000000   Number         0  stubs.o ABSOLUTE
    _printf_e                                0x00000000   Number         0  stubs.o ABSOLUTE
    _printf_f                                0x00000000   Number         0  stubs.o ABSOLUTE
    _printf_flags                            0x00000000   Number         0  stubs.o ABSOLUTE
    _printf_fp_dec                           0x00000000   Number         0  stubs.o ABSOLUTE
    _printf_fp_hex                           0x00000000   Number         0  stubs.o ABSOLUTE
    _printf_g                                0x00000000   Number         0  stubs.o ABSOLUTE
    _printf_i                                0x00000000   Number         0  stubs.o ABSOLUTE
    _printf_int_dec                          0x00000000   Number         0  stubs.o ABSOLUTE
    _printf_l                                0x00000000   Number         0  stubs.o ABSOLUTE
    _printf_lc                               0x00000000   Number         0  stubs.o ABSOLUTE
    _printf_ll                               0x00000000   Number         0  stubs.o ABSOLUTE
    _printf_lld                              0x00000000   Number         0  stubs.o ABSOLUTE
    _printf_lli                              0x00000000   Number         0  stubs.o ABSOLUTE
    _printf_llo                              0x00000000   Number         0  stubs.o ABSOLUTE
    _printf_llu                              0x00000000   Number         0  stubs.o ABSOLUTE
    _printf_llx                              0x00000000   Number         0  stubs.o ABSOLUTE
    _printf_longlong_dec                     0x00000000   Number         0  stubs.o ABSOLUTE
    _printf_longlong_hex                     0x00000000   Number         0  stubs.o ABSOLUTE
    _printf_longlong_oct                     0x00000000   Number         0  stubs.o ABSOLUTE
    _printf_ls                               0x00000000   Number         0  stubs.o ABSOLUTE
    _printf_mbtowc                           0x00000000   Number         0  stubs.o ABSOLUTE
    _printf_n                                0x00000000   Number         0  stubs.o ABSOLUTE
    _printf_o                                0x00000000   Number         0  stubs.o ABSOLUTE
    _printf_p                                0x00000000   Number         0  stubs.o ABSOLUTE
    _printf_percent                          0x00000000   Number         0  stubs.o ABSOLUTE
    _printf_pre_padding                      0x00000000   Number         0  stubs.o ABSOLUTE
    _printf_return_value                     0x00000000   Number         0  stubs.o ABSOLUTE
    _printf_s                                0x00000000   Number         0  stubs.o ABSOLUTE
    _printf_sizespec                         0x00000000   Number         0  stubs.o ABSOLUTE
    _printf_str                              0x00000000   Number         0  stubs.o ABSOLUTE
    _printf_truncate_signed                  0x00000000   Number         0  stubs.o ABSOLUTE
    _printf_truncate_unsigned                0x00000000   Number         0  stubs.o ABSOLUTE
    _printf_u                                0x00000000   Number         0  stubs.o ABSOLUTE
    _printf_wc                               0x00000000   Number         0  stubs.o ABSOLUTE
    _printf_wctomb                           0x00000000   Number         0  stubs.o ABSOLUTE
    _printf_widthprec                        0x00000000   Number         0  stubs.o ABSOLUTE
    _printf_x                                0x00000000   Number         0  stubs.o ABSOLUTE
    __cpp_initialize__aeabi_                  - Undefined Weak Reference
    __cxa_finalize                            - Undefined Weak Reference
    _clock_init                               - Undefined Weak Reference
    _microlib_exit                            - Undefined Weak Reference
    __Vectors_Size                           0x00000150   Number         0  startup_stm32f10x_cl.o ABSOLUTE
    __Vectors                                0x08000000   Data           4  startup_stm32f10x_cl.o(RESET)
    __Vectors_End                            0x08000150   Data           0  startup_stm32f10x_cl.o(RESET)
    __main                                   0x08000151   Thumb Code     0  entry.o(.ARM.Collect$$$$00000000)
    _main_stk                                0x08000151   Thumb Code     0  entry2.o(.ARM.Collect$$$$00000001)
    _main_scatterload                        0x08000155   Thumb Code     0  entry5.o(.ARM.Collect$$$$00000004)
    __main_after_scatterload                 0x08000159   Thumb Code     0  entry5.o(.ARM.Collect$$$$00000004)
    _main_clock                              0x08000159   Thumb Code     0  entry7b.o(.ARM.Collect$$$$00000008)
    _main_cpp_init                           0x08000159   Thumb Code     0  entry8b.o(.ARM.Collect$$$$0000000A)
    _main_init                               0x08000159   Thumb Code     0  entry9a.o(.ARM.Collect$$$$0000000B)
    __rt_final_cpp                           0x08000161   Thumb Code     0  entry10a.o(.ARM.Collect$$$$0000000D)
    __rt_final_exit                          0x08000161   Thumb Code     0  entry11a.o(.ARM.Collect$$$$0000000F)
    vPortSVCHandler                          0x08000165   Thumb Code    32  port.o(.emb_text)
    __asm___6_port_c_39a90d8d__prvStartFirstTask 0x08000189   Thumb Code    28  port.o(.emb_text)
    xPortPendSVHandler                       0x080001a9   Thumb Code    72  port.o(.emb_text)
    vPortGetIPSR                             0x080001f5   Thumb Code     6  port.o(.emb_text)
    Reset_Handler                            0x080001fd   Thumb Code     8  startup_stm32f10x_cl.o(.text)
    ADC1_2_IRQHandler                        0x08000217   Thumb Code     0  startup_stm32f10x_cl.o(.text)
    CAN1_RX1_IRQHandler                      0x08000217   Thumb Code     0  startup_stm32f10x_cl.o(.text)
    CAN1_SCE_IRQHandler                      0x08000217   Thumb Code     0  startup_stm32f10x_cl.o(.text)
    CAN1_TX_IRQHandler                       0x08000217   Thumb Code     0  startup_stm32f10x_cl.o(.text)
    CAN2_RX0_IRQHandler                      0x08000217   Thumb Code     0  startup_stm32f10x_cl.o(.text)
    CAN2_SCE_IRQHandler                      0x08000217   Thumb Code     0  startup_stm32f10x_cl.o(.text)
    CAN2_TX_IRQHandler                       0x08000217   Thumb Code     0  startup_stm32f10x_cl.o(.text)
    DMA1_Channel1_IRQHandler                 0x08000217   Thumb Code     0  startup_stm32f10x_cl.o(.text)
    DMA1_Channel2_IRQHandler                 0x08000217   Thumb Code     0  startup_stm32f10x_cl.o(.text)
    DMA1_Channel3_IRQHandler                 0x08000217   Thumb Code     0  startup_stm32f10x_cl.o(.text)
    DMA1_Channel4_IRQHandler                 0x08000217   Thumb Code     0  startup_stm32f10x_cl.o(.text)
    DMA1_Channel5_IRQHandler                 0x08000217   Thumb Code     0  startup_stm32f10x_cl.o(.text)
    DMA1_Channel6_IRQHandler                 0x08000217   Thumb Code     0  startup_stm32f10x_cl.o(.text)
    DMA1_Channel7_IRQHandler                 0x08000217   Thumb Code     0  startup_stm32f10x_cl.o(.text)
    DMA2_Channel1_IRQHandler                 0x08000217   Thumb Code     0  startup_stm32f10x_cl.o(.text)
    DMA2_Channel2_IRQHandler                 0x08000217   Thumb Code     0  startup_stm32f10x_cl.o(.text)
    DMA2_Channel3_IRQHandler                 0x08000217   Thumb Code     0  startup_stm32f10x_cl.o(.text)
    DMA2_Channel4_IRQHandler                 0x08000217   Thumb Code     0  startup_stm32f10x_cl.o(.text)
    DMA2_Channel5_IRQHandler                 0x08000217   Thumb Code     0  startup_stm32f10x_cl.o(.text)
    ETH_IRQHandler                           0x08000217   Thumb Code     0  startup_stm32f10x_cl.o(.text)
    ETH_WKUP_IRQHandler                      0x08000217   Thumb Code     0  startup_stm32f10x_cl.o(.text)
    EXTI0_IRQHandler                         0x08000217   Thumb Code     0  startup_stm32f10x_cl.o(.text)
    EXTI15_10_IRQHandler                     0x08000217   Thumb Code     0  startup_stm32f10x_cl.o(.text)
    EXTI1_IRQHandler                         0x08000217   Thumb Code     0  startup_stm32f10x_cl.o(.text)
    EXTI2_IRQHandler                         0x08000217   Thumb Code     0  startup_stm32f10x_cl.o(.text)
    EXTI3_IRQHandler                         0x08000217   Thumb Code     0  startup_stm32f10x_cl.o(.text)
    EXTI4_IRQHandler                         0x08000217   Thumb Code     0  startup_stm32f10x_cl.o(.text)
    EXTI9_5_IRQHandler                       0x08000217   Thumb Code     0  startup_stm32f10x_cl.o(.text)
    FLASH_IRQHandler                         0x08000217   Thumb Code     0  startup_stm32f10x_cl.o(.text)
    I2C1_ER_IRQHandler                       0x08000217   Thumb Code     0  startup_stm32f10x_cl.o(.text)
    I2C1_EV_IRQHandler                       0x08000217   Thumb Code     0  startup_stm32f10x_cl.o(.text)
    I2C2_ER_IRQHandler                       0x08000217   Thumb Code     0  startup_stm32f10x_cl.o(.text)
    I2C2_EV_IRQHandler                       0x08000217   Thumb Code     0  startup_stm32f10x_cl.o(.text)
    OTG_FS_WKUP_IRQHandler                   0x08000217   Thumb Code     0  startup_stm32f10x_cl.o(.text)
    PVD_IRQHandler                           0x08000217   Thumb Code     0  startup_stm32f10x_cl.o(.text)
    RCC_IRQHandler                           0x08000217   Thumb Code     0  startup_stm32f10x_cl.o(.text)
    RTCAlarm_IRQHandler                      0x08000217   Thumb Code     0  startup_stm32f10x_cl.o(.text)
    RTC_IRQHandler                           0x08000217   Thumb Code     0  startup_stm32f10x_cl.o(.text)
    SPI1_IRQHandler                          0x08000217   Thumb Code     0  startup_stm32f10x_cl.o(.text)
    SPI2_IRQHandler                          0x08000217   Thumb Code     0  startup_stm32f10x_cl.o(.text)
    SPI3_IRQHandler                          0x08000217   Thumb Code     0  startup_stm32f10x_cl.o(.text)
    TAMPER_IRQHandler                        0x08000217   Thumb Code     0  startup_stm32f10x_cl.o(.text)
    TIM1_BRK_IRQHandler                      0x08000217   Thumb Code     0  startup_stm32f10x_cl.o(.text)
    TIM1_CC_IRQHandler                       0x08000217   Thumb Code     0  startup_stm32f10x_cl.o(.text)
    TIM1_TRG_COM_IRQHandler                  0x08000217   Thumb Code     0  startup_stm32f10x_cl.o(.text)
    TIM1_UP_IRQHandler                       0x08000217   Thumb Code     0  startup_stm32f10x_cl.o(.text)
    TIM3_IRQHandler                          0x08000217   Thumb Code     0  startup_stm32f10x_cl.o(.text)
    TIM4_IRQHandler                          0x08000217   Thumb Code     0  startup_stm32f10x_cl.o(.text)
    TIM5_IRQHandler                          0x08000217   Thumb Code     0  startup_stm32f10x_cl.o(.text)
    TIM6_IRQHandler                          0x08000217   Thumb Code     0  startup_stm32f10x_cl.o(.text)
    TIM7_IRQHandler                          0x08000217   Thumb Code     0  startup_stm32f10x_cl.o(.text)
    UART5_IRQHandler                         0x08000217   Thumb Code     0  startup_stm32f10x_cl.o(.text)
    USART1_IRQHandler                        0x08000217   Thumb Code     0  startup_stm32f10x_cl.o(.text)
    USART2_IRQHandler                        0x08000217   Thumb Code     0  startup_stm32f10x_cl.o(.text)
    USART3_IRQHandler                        0x08000217   Thumb Code     0  startup_stm32f10x_cl.o(.text)
    WWDG_IRQHandler                          0x08000217   Thumb Code     0  startup_stm32f10x_cl.o(.text)
    __aeabi_memcpy                           0x08000221   Thumb Code    36  memcpya.o(.text)
    __aeabi_memcpy4                          0x08000221   Thumb Code     0  memcpya.o(.text)
    __aeabi_memcpy8                          0x08000221   Thumb Code     0  memcpya.o(.text)
    __scatterload                            0x08000245   Thumb Code    28  init.o(.text)
    __scatterload_rt2                        0x08000245   Thumb Code     0  init.o(.text)
    __decompress                             0x08000269   Thumb Code     0  __dczerorl2.o(.text)
    __decompress1                            0x08000269   Thumb Code    86  __dczerorl2.o(.text)
    ADC_Cmd                                  0x080002bf   Thumb Code    22  stm32f10x_adc.o(i.ADC_Cmd)
    ADC_DMACmd                               0x080002d5   Thumb Code    22  stm32f10x_adc.o(i.ADC_DMACmd)
    ADC_DeInit                               0x080002ed   Thumb Code    78  stm32f10x_adc.o(i.ADC_DeInit)
    ADC_GetCalibrationStatus                 0x08000349   Thumb Code    20  stm32f10x_adc.o(i.ADC_GetCalibrationStatus)
    ADC_GetResetCalibrationStatus            0x0800035d   Thumb Code    20  stm32f10x_adc.o(i.ADC_GetResetCalibrationStatus)
    ADC_Init                                 0x08000371   Thumb Code    70  stm32f10x_adc.o(i.ADC_Init)
    ADC_RegularChannelConfig                 0x080003c1   Thumb Code   184  stm32f10x_adc.o(i.ADC_RegularChannelConfig)
    ADC_ResetCalibration                     0x08000479   Thumb Code    10  stm32f10x_adc.o(i.ADC_ResetCalibration)
    ADC_SoftwareStartConvCmd                 0x08000483   Thumb Code    22  stm32f10x_adc.o(i.ADC_SoftwareStartConvCmd)
    ADC_StartCalibration                     0x08000499   Thumb Code    10  stm32f10x_adc.o(i.ADC_StartCalibration)
    BusFault_Handler                         0x080004a3   Thumb Code     4  stm32fxxx_it.o(i.BusFault_Handler)
    CAN1_Config                              0x080004a9   Thumb Code   282  can.o(i.CAN1_Config)
    CAN1_RX0_IRQHandler                      0x080005d1   Thumb Code    54  can.o(i.CAN1_RX0_IRQHandler)
    CAN2_Config                              0x0800060d   Thumb Code   272  can.o(i.CAN2_Config)
    CAN2_RX1_IRQHandler                      0x08000729   Thumb Code    54  can.o(i.CAN2_RX1_IRQHandler)
    CAN_ClearITPendingBit                    0x08000765   Thumb Code   162  stm32f10x_can.o(i.CAN_ClearITPendingBit)
    CAN_DeInit                               0x0800080d   Thumb Code    50  stm32f10x_can.o(i.CAN_DeInit)
    CAN_FilterInit                           0x08000845   Thumb Code   258  stm32f10x_can.o(i.CAN_FilterInit)
    CAN_GetITStatus                          0x0800094d   Thumb Code   284  stm32f10x_can.o(i.CAN_GetITStatus)
    CAN_ITConfig                             0x08000a6d   Thumb Code    18  stm32f10x_can.o(i.CAN_ITConfig)
    CAN_Init                                 0x08000a7f   Thumb Code   276  stm32f10x_can.o(i.CAN_Init)
    CAN_Receive                              0x08000b93   Thumb Code   240  stm32f10x_can.o(i.CAN_Receive)
    CAN_StructInit                           0x08000c83   Thumb Code    32  stm32f10x_can.o(i.CAN_StructInit)
    CheckFIFOByte                            0x08000ca3   Thumb Code    10  fifo8.o(i.CheckFIFOByte)
    DCD_EP_Close                             0x08000d07   Thumb Code    74  usb_dcd.o(i.DCD_EP_Close)
    DCD_EP_ClrStall                          0x08000d51   Thumb Code    72  usb_dcd.o(i.DCD_EP_ClrStall)
    DCD_EP_Open                              0x08000d99   Thumb Code   104  usb_dcd.o(i.DCD_EP_Open)
    DCD_EP_PrepareRx                         0x08000e01   Thumb Code    82  usb_dcd.o(i.DCD_EP_PrepareRx)
    DCD_EP_SetAddress                        0x08000e53   Thumb Code    28  usb_dcd.o(i.DCD_EP_SetAddress)
    DCD_EP_Stall                             0x08000e6f   Thumb Code    72  usb_dcd.o(i.DCD_EP_Stall)
    DCD_EP_Tx                                0x08000eb7   Thumb Code    78  usb_dcd.o(i.DCD_EP_Tx)
    DCD_Init                                 0x080015b9   Thumb Code   156  usb_dcd.o(i.DCD_Init)
    DMA_ClearFlag                            0x080017d9   Thumb Code    18  stm32f10x_dma.o(i.DMA_ClearFlag)
    DMA_Cmd                                  0x080017f5   Thumb Code    24  stm32f10x_dma.o(i.DMA_Cmd)
    DMA_DeInit                               0x0800180d   Thumb Code   324  stm32f10x_dma.o(i.DMA_DeInit)
    DMA_GetCurrDataCounter                   0x08001959   Thumb Code     8  stm32f10x_dma.o(i.DMA_GetCurrDataCounter)
    DMA_GetFlagStatus                        0x08001961   Thumb Code    36  stm32f10x_dma.o(i.DMA_GetFlagStatus)
    DMA_Init                                 0x0800198d   Thumb Code    60  stm32f10x_dma.o(i.DMA_Init)
    DeFIFO                                   0x080019c9   Thumb Code    28  fifo8.o(i.DeFIFO)
    DebugMon_Handler                         0x080019e5   Thumb Code     2  stm32fxxx_it.o(i.DebugMon_Handler)
    Driver_Init                              0x080019e9   Thumb Code    38  driver.o(i.Driver_Init)
    EnFIFO                                   0x08001a15   Thumb Code    26  fifo8.o(i.EnFIFO)
    FIFOLen                                  0x08001a2f   Thumb Code    34  fifo8.o(i.FIFOLen)
    FirmSendData                             0x08001b91   Thumb Code    66  uart_comm.o(i.FirmSendData)
    FirmTest                                 0x08001bf9   Thumb Code    20  firm.o(i.FirmTest)
    GPIO_Init                                0x08001c3d   Thumb Code   278  stm32f10x_gpio.o(i.GPIO_Init)
    GPIO_PinRemapConfig                      0x08001d55   Thumb Code   138  stm32f10x_gpio.o(i.GPIO_PinRemapConfig)
    GPIO_ResetBits                           0x08001de5   Thumb Code     4  stm32f10x_gpio.o(i.GPIO_ResetBits)
    GPIO_SetBits                             0x08001de9   Thumb Code     4  stm32f10x_gpio.o(i.GPIO_SetBits)
    HardFault_Handler                        0x08001efd   Thumb Code     4  stm32fxxx_it.o(i.HardFault_Handler)
    InitADC                                  0x08001f01   Thumb Code   234  adc.o(i.InitADC)
    InitFIFO                                 0x08002061   Thumb Code    12  fifo8.o(i.InitFIFO)
    InitTestVar                              0x0800206d   Thumb Code    18  test.o(i.InitTestVar)
    InitUartVar                              0x08002085   Thumb Code    30  uart_comm.o(i.InitUartVar)
    InitUsbVar                               0x080020b1   Thumb Code    42  usb_comm.o(i.InitUsbVar)
    MemManage_Handler                        0x080022c7   Thumb Code     4  stm32fxxx_it.o(i.MemManage_Handler)
    NMI_Handler                              0x08002425   Thumb Code     2  stm32fxxx_it.o(i.NMI_Handler)
    NVIC_Init                                0x080024bd   Thumb Code   100  misc.o(i.NVIC_Init)
    NVIC_PriorityGroupConfig                 0x0800252d   Thumb Code    10  misc.o(i.NVIC_PriorityGroupConfig)
    OTG_FS_IRQHandler                        0x08002541   Thumb Code    10  stm32fxxx_it.o(i.OTG_FS_IRQHandler)
    RCC_ADCCLKConfig                         0x08002551   Thumb Code    18  stm32f10x_rcc.o(i.RCC_ADCCLKConfig)
    RCC_AHBPeriphClockCmd                    0x08002569   Thumb Code    26  stm32f10x_rcc.o(i.RCC_AHBPeriphClockCmd)
    RCC_APB1PeriphClockCmd                   0x08002589   Thumb Code    26  stm32f10x_rcc.o(i.RCC_APB1PeriphClockCmd)
    RCC_APB1PeriphResetCmd                   0x080025a9   Thumb Code    26  stm32f10x_rcc.o(i.RCC_APB1PeriphResetCmd)
    RCC_APB2PeriphClockCmd                   0x080025c9   Thumb Code    26  stm32f10x_rcc.o(i.RCC_APB2PeriphClockCmd)
    RCC_APB2PeriphResetCmd                   0x080025e9   Thumb Code    26  stm32f10x_rcc.o(i.RCC_APB2PeriphResetCmd)
    RCC_GetClocksFreq                        0x08002609   Thumb Code   374  stm32f10x_rcc.o(i.RCC_GetClocksFreq)
    RCC_OTGFSCLKConfig                       0x08002799   Thumb Code     6  stm32f10x_rcc.o(i.RCC_OTGFSCLKConfig)
    RcvFrameFromUart                         0x080027a5   Thumb Code   146  uart_comm.o(i.RcvFrameFromUart)
    RcvFrameFromUsb                          0x08002837   Thumb Code   148  usb_comm.o(i.RcvFrameFromUsb)
    SystemCoreClockUpdate                    0x080029ed   Thumb Code   232  system_stm32f10x.o(i.SystemCoreClockUpdate)
    SystemInit                               0x08002aed   Thumb Code    92  system_stm32f10x.o(i.SystemInit)
    TIM2_IRQHandler                          0x08002b59   Thumb Code    22  stm32fxxx_it.o(i.TIM2_IRQHandler)
    TIM_ClearFlag                            0x08002b6f   Thumb Code     6  stm32f10x_tim.o(i.TIM_ClearFlag)
    TIM_ClearITPendingBit                    0x08002b75   Thumb Code     6  stm32f10x_tim.o(i.TIM_ClearITPendingBit)
    TIM_Cmd                                  0x08002b7b   Thumb Code    24  stm32f10x_tim.o(i.TIM_Cmd)
    TIM_DeInit                               0x08002b95   Thumb Code   424  stm32f10x_tim.o(i.TIM_DeInit)
    TIM_GetITStatus                          0x08002d7d   Thumb Code    34  stm32f10x_tim.o(i.TIM_GetITStatus)
    TIM_ITConfig                             0x08002d9f   Thumb Code    18  stm32f10x_tim.o(i.TIM_ITConfig)
    TIM_TimeBaseInit                         0x08002db1   Thumb Code   122  stm32f10x_tim.o(i.TIM_TimeBaseInit)
    TraceStr                                 0x08002e55   Thumb Code    66  trace.o(i.TraceStr)
    UART4_IRQHandler                         0x08002ea1   Thumb Code    68  stm32fxxx_it.o(i.UART4_IRQHandler)
    USART_ClearFlag                          0x08002ef5   Thumb Code     6  stm32f10x_usart.o(i.USART_ClearFlag)
    USART_Cmd                                0x08002efb   Thumb Code    24  stm32f10x_usart.o(i.USART_Cmd)
    USART_DMACmd                             0x08002f13   Thumb Code    18  stm32f10x_usart.o(i.USART_DMACmd)
    USART_GetITStatus                        0x08002f25   Thumb Code    76  stm32f10x_usart.o(i.USART_GetITStatus)
    USART_ITConfig                           0x08002f71   Thumb Code    64  stm32f10x_usart.o(i.USART_ITConfig)
    USART_Init                               0x08002fb1   Thumb Code   204  stm32f10x_usart.o(i.USART_Init)
    USART_ReceiveData                        0x08003081   Thumb Code    10  stm32f10x_usart.o(i.USART_ReceiveData)
    USBD_ClrCfg                              0x0800308b   Thumb Code    22  usbd_core.o(i.USBD_ClrCfg)
    USBD_CtlContinueRx                       0x080030e9   Thumb Code    30  usbd_ioreq.o(i.USBD_CtlContinueRx)
    USBD_CtlContinueSendData                 0x08003107   Thumb Code    30  usbd_ioreq.o(i.USBD_CtlContinueSendData)
    USBD_CtlError                            0x08003125   Thumb Code    30  usbd_req.o(i.USBD_CtlError)
    USBD_CtlPrepareRx                        0x08003143   Thumb Code    46  usbd_ioreq.o(i.USBD_CtlPrepareRx)
    USBD_CtlReceiveStatus                    0x08003171   Thumb Code    36  usbd_ioreq.o(i.USBD_CtlReceiveStatus)
    USBD_CtlSendData                         0x08003195   Thumb Code    46  usbd_ioreq.o(i.USBD_CtlSendData)
    USBD_CtlSendStatus                       0x080031c3   Thumb Code    36  usbd_ioreq.o(i.USBD_CtlSendStatus)
    USBD_DeInit                              0x08003365   Thumb Code     6  usbd_core.o(i.USBD_DeInit)
    USBD_GetString                           0x08003575   Thumb Code    82  usbd_req.o(i.USBD_GetString)
    USBD_Init                                0x080035c7   Thumb Code    66  usbd_core.o(i.USBD_Init)
    USBD_OTG_ISR_Handler                     0x0800362d   Thumb Code   256  usb_dcd_int.o(i.USBD_OTG_ISR_Handler)
    USBD_ParseSetupRequest                   0x0800372d   Thumb Code    72  usbd_req.o(i.USBD_ParseSetupRequest)
    USBD_SetCfg                              0x0800384f   Thumb Code    30  usbd_core.o(i.USBD_SetCfg)
    USBD_StdDevReq                           0x08003a41   Thumb Code   114  usbd_req.o(i.USBD_StdDevReq)
    USBD_StdEPReq                            0x08003ab5   Thumb Code   370  usbd_req.o(i.USBD_StdEPReq)
    USBD_StdItfReq                           0x08003c2d   Thumb Code    76  usbd_req.o(i.USBD_StdItfReq)
    USBD_USR_ConfigStrDescriptor             0x08003c99   Thumb Code    34  usbd_desc.o(i.USBD_USR_ConfigStrDescriptor)
    USBD_USR_DeviceConfigured                0x08003ccd   Thumb Code     2  usbd_usr.o(i.USBD_USR_DeviceConfigured)
    USBD_USR_DeviceConnected                 0x08003ccf   Thumb Code     2  usbd_usr.o(i.USBD_USR_DeviceConnected)
    USBD_USR_DeviceDescriptor                0x08003cd1   Thumb Code    10  usbd_desc.o(i.USBD_USR_DeviceDescriptor)
    USBD_USR_DeviceDisconnected              0x08003ce1   Thumb Code     2  usbd_usr.o(i.USBD_USR_DeviceDisconnected)
    USBD_USR_DeviceReset                     0x08003ce3   Thumb Code    18  usbd_usr.o(i.USBD_USR_DeviceReset)
    USBD_USR_DeviceResumed                   0x08003cf5   Thumb Code     2  usbd_usr.o(i.USBD_USR_DeviceResumed)
    USBD_USR_DeviceSuspended                 0x08003cf7   Thumb Code     2  usbd_usr.o(i.USBD_USR_DeviceSuspended)
    USBD_USR_Init                            0x08003cf9   Thumb Code     2  usbd_usr.o(i.USBD_USR_Init)
    USBD_USR_InterfaceStrDescriptor          0x08003cfd   Thumb Code    34  usbd_desc.o(i.USBD_USR_InterfaceStrDescriptor)
    USBD_USR_LangIDStrDescriptor             0x08003d35   Thumb Code    10  usbd_desc.o(i.USBD_USR_LangIDStrDescriptor)
    USBD_USR_ManufacturerStrDescriptor       0x08003d45   Thumb Code    20  usbd_desc.o(i.USBD_USR_ManufacturerStrDescriptor)
    USBD_USR_ProductStrDescriptor            0x08003d71   Thumb Code    34  usbd_desc.o(i.USBD_USR_ProductStrDescriptor)
    USBD_USR_SerialStrDescriptor             0x08003de1   Thumb Code    18  usbd_desc.o(i.USBD_USR_SerialStrDescriptor)
    USB_OTG_BSP_EnableInterrupt              0x08003e09   Thumb Code     2  usb_bsp.o(i.USB_OTG_BSP_EnableInterrupt)
    USB_OTG_BSP_Init                         0x08003e0b   Thumb Code    20  usb_bsp.o(i.USB_OTG_BSP_Init)
    USB_OTG_BSP_mDelay                       0x08003e1f   Thumb Code    18  usb_bsp.o(i.USB_OTG_BSP_mDelay)
    USB_OTG_BSP_uDelay                       0x08003e31   Thumb Code    30  usb_bsp.o(i.USB_OTG_BSP_uDelay)
    USB_OTG_CoreInit                         0x08003e4f   Thumb Code   282  usb_core.o(i.USB_OTG_CoreInit)
    USB_OTG_CoreInitDev                      0x08003f69   Thumb Code   526  usb_core.o(i.USB_OTG_CoreInitDev)
    USB_OTG_DisableGlobalInt                 0x080041e9   Thumb Code    34  usb_core.o(i.USB_OTG_DisableGlobalInt)
    USB_OTG_EP0Activate                      0x0800420b   Thumb Code   116  usb_core.o(i.USB_OTG_EP0Activate)
    USB_OTG_EP0StartXfer                     0x0800427f   Thumb Code   342  usb_core.o(i.USB_OTG_EP0StartXfer)
    USB_OTG_EP0_OutStart                     0x080043d5   Thumb Code    98  usb_core.o(i.USB_OTG_EP0_OutStart)
    USB_OTG_EPActivate                       0x08004437   Thumb Code   152  usb_core.o(i.USB_OTG_EPActivate)
    USB_OTG_EPClearStall                     0x080044cf   Thumb Code    80  usb_core.o(i.USB_OTG_EPClearStall)
    USB_OTG_EPDeactivate                     0x0800451f   Thumb Code    94  usb_core.o(i.USB_OTG_EPDeactivate)
    USB_OTG_EPSetStall                       0x0800457d   Thumb Code   100  usb_core.o(i.USB_OTG_EPSetStall)
    USB_OTG_EPStartXfer                      0x080045e1   Thumb Code   510  usb_core.o(i.USB_OTG_EPStartXfer)
    USB_OTG_EnableDevInt                     0x08004813   Thumb Code   176  usb_core.o(i.USB_OTG_EnableDevInt)
    USB_OTG_EnableGlobalInt                  0x080048c3   Thumb Code    34  usb_core.o(i.USB_OTG_EnableGlobalInt)
    USB_OTG_FlushRxFifo                      0x080048e5   Thumb Code    70  usb_core.o(i.USB_OTG_FlushRxFifo)
    USB_OTG_FlushTxFifo                      0x08004931   Thumb Code    80  usb_core.o(i.USB_OTG_FlushTxFifo)
    USB_OTG_GetDeviceSpeed                   0x08004985   Thumb Code    56  usb_core.o(i.USB_OTG_GetDeviceSpeed)
    USB_OTG_GetMode                          0x080049bd   Thumb Code    12  usb_core.o(i.USB_OTG_GetMode)
    USB_OTG_InitDevSpeed                     0x080049c9   Thumb Code    24  usb_core.o(i.USB_OTG_InitDevSpeed)
    USB_OTG_IsDeviceMode                     0x080049e1   Thumb Code    22  usb_core.o(i.USB_OTG_IsDeviceMode)
    USB_OTG_ReadCoreItr                      0x080049f7   Thumb Code    16  usb_core.o(i.USB_OTG_ReadCoreItr)
    USB_OTG_ReadDevAllInEPItr                0x08004a07   Thumb Code    16  usb_core.o(i.USB_OTG_ReadDevAllInEPItr)
    USB_OTG_ReadDevAllOutEp_itr              0x08004a17   Thumb Code    16  usb_core.o(i.USB_OTG_ReadDevAllOutEp_itr)
    USB_OTG_ReadDevOutEP_itr                 0x08004a27   Thumb Code    20  usb_core.o(i.USB_OTG_ReadDevOutEP_itr)
    USB_OTG_ReadPacket                       0x08004a3b   Thumb Code    40  usb_core.o(i.USB_OTG_ReadPacket)
    USB_OTG_SelectCore                       0x08004a65   Thumb Code   204  usb_core.o(i.USB_OTG_SelectCore)
    USB_OTG_SetCurrentMode                   0x08004b35   Thumb Code    78  usb_core.o(i.USB_OTG_SetCurrentMode)
    USB_OTG_WritePacket                      0x08004b83   Thumb Code    64  usb_core.o(i.USB_OTG_WritePacket)
    UartCommFuncs                            0x08004bc3   Thumb Code    52  uart_comm.o(i.UartCommFuncs)
    UsageFault_Handler                       0x08004c9f   Thumb Code     4  stm32fxxx_it.o(i.UsageFault_Handler)
    __scatterload_copy                       0x08004de9   Thumb Code    14  handlers.o(i.__scatterload_copy)
    __scatterload_null                       0x08004df7   Thumb Code     2  handlers.o(i.__scatterload_null)
    __scatterload_zeroinit                   0x08004df9   Thumb Code    14  handlers.o(i.__scatterload_zeroinit)
    drv_boot_high                            0x08004f65   Thumb Code    12  driver.o(i.drv_boot_high)
    drv_comm_uart_init                       0x08004f75   Thumb Code   350  driver.o(i.drv_comm_uart_init)
    drv_delayms                              0x080050e5   Thumb Code    24  driver.o(i.drv_delayms)
    drv_delayus                              0x080050fd   Thumb Code    22  driver.o(i.drv_delayus)
    drv_power_on                             0x08005115   Thumb Code    14  driver.o(i.drv_power_on)
    drv_trace_uart_init                      0x08005181   Thumb Code   194  driver.o(i.drv_trace_uart_init)
    free                                     0x08005251   Thumb Code    76  malloc.o(i.free)
    init_INA226_normal                       0x080053ad   Thumb Code   122  ina226.o(i.init_INA226_normal)
    main                                     0x080054e1   Thumb Code   110  main.o(i.main)
    malloc                                   0x080055b1   Thumb Code    92  malloc.o(i.malloc)
    pvPortMalloc                             0x08005aad   Thumb Code    30  heap_3.o(i.pvPortMalloc)
    pxPortInitialiseStack                    0x08005acd   Thumb Code    30  port.o(i.pxPortInitialiseStack)
    soft_i2c_read                            0x08005af1   Thumb Code   156  soft_i2c.o(i.soft_i2c_read)
    soft_i2c_write                           0x08005b8d   Thumb Code   116  soft_i2c.o(i.soft_i2c_write)
    test_task                                0x08005c01   Thumb Code    60  test.o(i.test_task)
    uart_comm_task                           0x08005ce1   Thumb Code    88  uart_comm.o(i.uart_comm_task)
    usb_comm_task                            0x08005d79   Thumb Code    38  usb_comm.o(i.usb_comm_task)
    usbd_cdc_DataIn                          0x08005dad   Thumb Code   160  usbd_cdc_core.o(i.usbd_cdc_DataIn)
    usbd_cdc_DataOut                         0x08005e5d   Thumb Code    48  usbd_cdc_core.o(i.usbd_cdc_DataOut)
    usbd_cdc_DeInit                          0x08005e95   Thumb Code    40  usbd_cdc_core.o(i.usbd_cdc_DeInit)
    usbd_cdc_EP0_RxReady                     0x08005ec1   Thumb Code    38  usbd_cdc_core.o(i.usbd_cdc_EP0_RxReady)
    usbd_cdc_Init                            0x08005ef9   Thumb Code    74  usbd_cdc_core.o(i.usbd_cdc_Init)
    usbd_cdc_SOF                             0x08005f51   Thumb Code    36  usbd_cdc_core.o(i.usbd_cdc_SOF)
    usbd_cdc_Setup                           0x08005f79   Thumb Code   180  usbd_cdc_core.o(i.usbd_cdc_Setup)
    uxListRemove                             0x08006041   Thumb Code    40  list.o(i.uxListRemove)
    vApplicationMallocFailedHook             0x08006069   Thumb Code     2  main.o(i.vApplicationMallocFailedHook)
    vListInitialise                          0x0800606b   Thumb Code    26  list.o(i.vListInitialise)
    vListInitialiseItem                      0x08006085   Thumb Code     6  list.o(i.vListInitialiseItem)
    vListInsert                              0x0800608b   Thumb Code    52  list.o(i.vListInsert)
    vListInsertEnd                           0x080060bf   Thumb Code    24  list.o(i.vListInsertEnd)
    vPortEnterCritical                       0x080060d9   Thumb Code    30  port.o(i.vPortEnterCritical)
    vPortExitCritical                        0x080060fd   Thumb Code    28  port.o(i.vPortExitCritical)
    vPortFree                                0x0800611d   Thumb Code    22  heap_3.o(i.vPortFree)
    vPortSetupTimerInterrupt                 0x08006135   Thumb Code    14  port.o(i.vPortSetupTimerInterrupt)
    vTaskDelay                               0x08006149   Thumb Code    46  tasks.o(i.vTaskDelay)
    vTaskMissedYield                         0x0800617d   Thumb Code     8  tasks.o(i.vTaskMissedYield)
    vTaskPlaceOnEventList                    0x08006189   Thumb Code    28  tasks.o(i.vTaskPlaceOnEventList)
    vTaskSetTimeOutState                     0x080061a9   Thumb Code    14  tasks.o(i.vTaskSetTimeOutState)
    vTaskStartScheduler                      0x080061c1   Thumb Code    72  tasks.o(i.vTaskStartScheduler)
    vTaskSuspendAll                          0x08006225   Thumb Code    12  tasks.o(i.vTaskSuspendAll)
    vTaskSwitchContext                       0x08006235   Thumb Code    76  tasks.o(i.vTaskSwitchContext)
    xPortStartScheduler                      0x08006295   Thumb Code    42  port.o(i.xPortStartScheduler)
    xPortSysTickHandler                      0x080062c9   Thumb Code    46  port.o(i.xPortSysTickHandler)
    xQueueGenericCreate                      0x080062fd   Thumb Code    56  queue.o(i.xQueueGenericCreate)
    xQueueGenericReceive                     0x08006335   Thumb Code   312  queue.o(i.xQueueGenericReceive)
    xQueueGenericReset                       0x08006471   Thumb Code   122  queue.o(i.xQueueGenericReset)
    xQueueGenericSend                        0x080064f1   Thumb Code   276  queue.o(i.xQueueGenericSend)
    xTaskCheckForTimeOut                     0x08006609   Thumb Code    84  tasks.o(i.xTaskCheckForTimeOut)
    xTaskCreate                              0x08006665   Thumb Code    96  tasks.o(i.xTaskCreate)
    xTaskIncrementTick                       0x080066c5   Thumb Code   238  tasks.o(i.xTaskIncrementTick)
    xTaskRemoveFromEventList                 0x080067e1   Thumb Code   104  tasks.o(i.xTaskRemoveFromEventList)
    xTaskResumeAll                           0x08006861   Thumb Code   196  tasks.o(i.xTaskResumeAll)
    Region$$Table$$Base                      0x08006948   Number         0  anon$$obj.o(Region$$Table)
    Region$$Table$$Limit                     0x08006968   Number         0  anon$$obj.o(Region$$Table)
    CmdBuff                                  0x20000004   Data           8  usbd_cdc_core.o(.data)
    APP_Tx_ptr_in                            0x2000000c   Data           4  usbd_cdc_core.o(.data)
    APP_Tx_ptr_out                           0x20000010   Data           4  usbd_cdc_core.o(.data)
    APP_Tx_length                            0x20000014   Data           4  usbd_cdc_core.o(.data)
    USB_Tx_State                             0x20000018   Data           1  usbd_cdc_core.o(.data)
    USBD_CDC_cb                              0x20000024   Data          44  usbd_cdc_core.o(.data)
    usbd_cdc_CfgDesc                         0x20000050   Data          67  usbd_cdc_core.o(.data)
    USBD_ep_status                           0x20000098   Data           4  usbd_req.o(.data)
    USBD_default_cfg                         0x2000009c   Data           4  usbd_req.o(.data)
    USBD_cfg_status                          0x200000a0   Data           4  usbd_req.o(.data)
    SET_TEST_MODE                            0x200000a8   Data           4  usbd_core.o(.data)
    USBD_DCD_INT_cb                          0x200000ac   Data          44  usbd_core.o(.data)
    USBD_DCD_INT_fops                        0x200000d8   Data           4  usbd_core.o(.data)
    SystemCoreClock                          0x200000dc   Data           4  system_stm32f10x.o(.data)
    AHBPrescTable                            0x200000e0   Data          16  system_stm32f10x.o(.data)
    linecoding                               0x200000f0   Data           8  usbd_cdc_vcp.o(.data)
    VCP_fops                                 0x200000f8   Data          20  usbd_cdc_vcp.o(.data)
    USR_desc                                 0x2000010c   Data          28  usbd_desc.o(.data)
    USBD_DeviceDesc                          0x20000128   Data          18  usbd_desc.o(.data)
    USBD_DeviceQualifierDesc                 0x2000013a   Data          10  usbd_desc.o(.data)
    USBD_LangIDDesc                          0x20000144   Data           4  usbd_desc.o(.data)
    USBD_StringSerial                        0x20000148   Data          26  usbd_desc.o(.data)
    USR_cb                                   0x20000164   Data          28  usbd_usr.o(.data)
    can_para_500k                            0x20000180   Data           8  main.o(.data)
    can_para_100k                            0x20000188   Data           8  main.o(.data)
    g_check_usb_comm_msg_flag                0x20000194   Data           1  usb_comm.o(.data)
    Usb_Queue                                0x20000198   Data           4  usb_comm.o(.data)
    g_check_uart_comm_msg_flag               0x2000019c   Data           1  uart_comm.o(.data)
    Uart_Queue                               0x200001a0   Data           4  uart_comm.o(.data)
    Test_Queue                               0x200001a8   Data           4  test.o(.data)
    pxCurrentTCB                             0x200001c0   Data           4  tasks.o(.data)
    __microlib_freelist                      0x20000200   Data           4  mvars.o(.data)
    __microlib_freelist_initialised          0x20000204   Data           4  mvars.o(.data)
    usbd_cdc_OtherCfgDesc                    0x20000208   Data          67  usbd_cdc_core.o(.bss)
    USB_Rx_Buffer                            0x2000024b   Data          64  usbd_cdc_core.o(.bss)
    USBD_StrDesc                             0x2000028b   Data         255  usbd_desc.o(.bss)
    USB_OTG_dev                              0x2000038c   Data        1524  main.o(.bss)
    adc                                      0x20000a40   Data          14  adc.o(.bss)
    strbuf                                   0x20000a4e   Data          64  adc.o(.bss)
    APP_Tx_Buffer                            0x20000ebc   Data        2048  usb_comm.o(.bss)
    UsbTxFifo                                0x200016bc   Data          16  usb_comm.o(.bss)
    UsbRxFifo                                0x200016cc   Data          16  usb_comm.o(.bss)
    UartRxFifo                               0x20002358   Data          16  uart_comm.o(.bss)
    comm_uart_rx_buffer                      0x20002368   Data        3072  uart_comm.o(.bss)
    comm_uart_tx_buffer                      0x20002f68   Data        1200  uart_comm.o(.bss)
    UartRcvFrameBuffer                       0x20003418   Data        1088  uart_comm.o(.bss)
    CommBuf                                  0x20003858   Data         512  firm.o(.bss)
    __heap_base                              0x20003b60   Data           0  startup_stm32f10x_cl.o(HEAP)
    __heap_limit                             0x20004a60   Data           0  startup_stm32f10x_cl.o(HEAP)
    __initial_sp                             0x20005260   Data           0  startup_stm32f10x_cl.o(STACK)



==============================================================================

Memory Map of the image

  Image Entry point : 0x08000151

  Load Region LR_IROM1 (Base: 0x08000000, Size: 0x00006b70, Max: 0x00020000, ABSOLUTE, COMPRESSED[0x00006a78])

    Execution Region ER_IROM1 (Base: 0x08000000, Size: 0x00006968, Max: 0x00014000, ABSOLUTE)

    Base Addr    Size         Type   Attr      Idx    E Section Name        Object

    0x08000000   0x00000150   Data   RO         1068    RESET               startup_stm32f10x_cl.o
    0x08000150   0x00000000   Code   RO         6124  * .ARM.Collect$$$$00000000  mc_w.l(entry.o)
    0x08000150   0x00000004   Code   RO         6432    .ARM.Collect$$$$00000001  mc_w.l(entry2.o)
    0x08000154   0x00000004   Code   RO         6435    .ARM.Collect$$$$00000004  mc_w.l(entry5.o)
    0x08000158   0x00000000   Code   RO         6437    .ARM.Collect$$$$00000008  mc_w.l(entry7b.o)
    0x08000158   0x00000000   Code   RO         6439    .ARM.Collect$$$$0000000A  mc_w.l(entry8b.o)
    0x08000158   0x00000008   Code   RO         6440    .ARM.Collect$$$$0000000B  mc_w.l(entry9a.o)
    0x08000160   0x00000000   Code   RO         6442    .ARM.Collect$$$$0000000D  mc_w.l(entry10a.o)
    0x08000160   0x00000000   Code   RO         6444    .ARM.Collect$$$$0000000F  mc_w.l(entry11a.o)
    0x08000160   0x00000004   Code   RO         6433    .ARM.Collect$$$$00002712  mc_w.l(entry2.o)
    0x08000164   0x00000096   Code   RO         6029    .emb_text           port.o
    0x080001fa   0x00000002   PAD
    0x080001fc   0x00000024   Code   RO         1069    .text               startup_stm32f10x_cl.o
    0x08000220   0x00000024   Code   RO         6127    .text               mc_w.l(memcpya.o)
    0x08000244   0x00000024   Code   RO         6466    .text               mc_w.l(init.o)
    0x08000268   0x00000056   Code   RO         6484    .text               mc_w.l(__dczerorl2.o)
    0x080002be   0x00000016   Code   RO         2278    i.ADC_Cmd           stm32f10x_adc.o
    0x080002d4   0x00000016   Code   RO         2279    i.ADC_DMACmd        stm32f10x_adc.o
    0x080002ea   0x00000002   PAD
    0x080002ec   0x0000005c   Code   RO         2280    i.ADC_DeInit        stm32f10x_adc.o
    0x08000348   0x00000014   Code   RO         2286    i.ADC_GetCalibrationStatus  stm32f10x_adc.o
    0x0800035c   0x00000014   Code   RO         2292    i.ADC_GetResetCalibrationStatus  stm32f10x_adc.o
    0x08000370   0x00000050   Code   RO         2296    i.ADC_Init          stm32f10x_adc.o
    0x080003c0   0x000000b8   Code   RO         2300    i.ADC_RegularChannelConfig  stm32f10x_adc.o
    0x08000478   0x0000000a   Code   RO         2301    i.ADC_ResetCalibration  stm32f10x_adc.o
    0x08000482   0x00000016   Code   RO         2303    i.ADC_SoftwareStartConvCmd  stm32f10x_adc.o
    0x08000498   0x0000000a   Code   RO         2305    i.ADC_StartCalibration  stm32f10x_adc.o
    0x080004a2   0x00000004   Code   RO          974    i.BusFault_Handler  stm32fxxx_it.o
    0x080004a6   0x00000002   PAD
    0x080004a8   0x00000128   Code   RO         1461    i.CAN1_Config       can.o
    0x080005d0   0x0000003c   Code   RO         1462    i.CAN1_RX0_IRQHandler  can.o
    0x0800060c   0x0000011c   Code   RO         1463    i.CAN2_Config       can.o
    0x08000728   0x0000003c   Code   RO         1464    i.CAN2_RX1_IRQHandler  can.o
    0x08000764   0x000000a8   Code   RO         2604    i.CAN_ClearITPendingBit  stm32f10x_can.o
    0x0800080c   0x00000038   Code   RO         2606    i.CAN_DeInit        stm32f10x_can.o
    0x08000844   0x00000108   Code   RO         2608    i.CAN_FilterInit    stm32f10x_can.o
    0x0800094c   0x00000120   Code   RO         2610    i.CAN_GetITStatus   stm32f10x_can.o
    0x08000a6c   0x00000012   Code   RO         2614    i.CAN_ITConfig      stm32f10x_can.o
    0x08000a7e   0x00000114   Code   RO         2615    i.CAN_Init          stm32f10x_can.o
    0x08000b92   0x000000f0   Code   RO         2618    i.CAN_Receive       stm32f10x_can.o
    0x08000c82   0x00000020   Code   RO         2621    i.CAN_StructInit    stm32f10x_can.o
    0x08000ca2   0x0000000a   Code   RO         1540    i.CheckFIFOByte     fifo8.o
    0x08000cac   0x00000024   Code   RO         2003    i.CheckFrameHeaderFromUartFIFO  uart_comm.o
    0x08000cd0   0x00000024   Code   RO         1916    i.CheckFrameHeaderFromUsbFIFO  usb_comm.o
    0x08000cf4   0x00000012   Code   RO         2626    i.CheckITStatus     stm32f10x_can.o
    0x08000d06   0x0000004a   Code   RO          264    i.DCD_EP_Close      usb_dcd.o
    0x08000d50   0x00000048   Code   RO          265    i.DCD_EP_ClrStall   usb_dcd.o
    0x08000d98   0x00000068   Code   RO          267    i.DCD_EP_Open       usb_dcd.o
    0x08000e00   0x00000052   Code   RO          268    i.DCD_EP_PrepareRx  usb_dcd.o
    0x08000e52   0x0000001c   Code   RO          269    i.DCD_EP_SetAddress  usb_dcd.o
    0x08000e6e   0x00000048   Code   RO          270    i.DCD_EP_Stall      usb_dcd.o
    0x08000eb6   0x0000004e   Code   RO          271    i.DCD_EP_Tx         usb_dcd.o
    0x08000f04   0x00000198   Code   RO          866    i.DCD_HandleEnumDone_ISR  usb_dcd_int.o
    0x0800109c   0x00000128   Code   RO          867    i.DCD_HandleInEP_ISR  usb_dcd_int.o
    0x080011c4   0x00000100   Code   RO          868    i.DCD_HandleOutEP_ISR  usb_dcd_int.o
    0x080012c4   0x0000006c   Code   RO          869    i.DCD_HandleResume_ISR  usb_dcd_int.o
    0x08001330   0x000000b0   Code   RO          870    i.DCD_HandleRxStatusQueueLevel_ISR  usb_dcd_int.o
    0x080013e0   0x0000002c   Code   RO          871    i.DCD_HandleSof_ISR  usb_dcd_int.o
    0x0800140c   0x000000a8   Code   RO          872    i.DCD_HandleUSBSuspend_ISR  usb_dcd_int.o
    0x080014b4   0x00000104   Code   RO          873    i.DCD_HandleUsbReset_ISR  usb_dcd_int.o
    0x080015b8   0x0000009c   Code   RO          273    i.DCD_Init          usb_dcd.o
    0x08001654   0x0000002c   Code   RO          874    i.DCD_IsoINIncomplete_ISR  usb_dcd_int.o
    0x08001680   0x0000002c   Code   RO          875    i.DCD_IsoOUTIncomplete_ISR  usb_dcd_int.o
    0x080016ac   0x0000002c   Code   RO          876    i.DCD_OTG_ISR       usb_dcd_int.o
    0x080016d8   0x00000028   Code   RO          877    i.DCD_ReadDevInEP   usb_dcd_int.o
    0x08001700   0x0000002c   Code   RO          878    i.DCD_SessionRequest_ISR  usb_dcd_int.o
    0x0800172c   0x000000ac   Code   RO          879    i.DCD_WriteEmptyTxFifo  usb_dcd_int.o
    0x080017d8   0x0000001c   Code   RO         3066    i.DMA_ClearFlag     stm32f10x_dma.o
    0x080017f4   0x00000018   Code   RO         3068    i.DMA_Cmd           stm32f10x_dma.o
    0x0800180c   0x0000014c   Code   RO         3069    i.DMA_DeInit        stm32f10x_dma.o
    0x08001958   0x00000008   Code   RO         3070    i.DMA_GetCurrDataCounter  stm32f10x_dma.o
    0x08001960   0x0000002c   Code   RO         3071    i.DMA_GetFlagStatus  stm32f10x_dma.o
    0x0800198c   0x0000003c   Code   RO         3074    i.DMA_Init          stm32f10x_dma.o
    0x080019c8   0x0000001c   Code   RO         1541    i.DeFIFO            fifo8.o
    0x080019e4   0x00000002   Code   RO          975    i.DebugMon_Handler  stm32fxxx_it.o
    0x080019e6   0x00000002   PAD
    0x080019e8   0x0000002c   Code   RO         1373    i.Driver_Init       driver.o
    0x08001a14   0x0000001a   Code   RO         1542    i.EnFIFO            fifo8.o
    0x08001a2e   0x00000022   Code   RO         1546    i.FIFOLen           fifo8.o
    0x08001a50   0x00000024   Code   RO         2163    i.FirmCmdGet        firm.o
    0x08001a74   0x00000024   Code   RO         2164    i.FirmCmdGo         firm.o
    0x08001a98   0x00000098   Code   RO         2165    i.FirmCmdWrite      firm.o
    0x08001b30   0x00000060   Code   RO         2166    i.FirmDownload      firm.o
    0x08001b90   0x0000004c   Code   RO         2004    i.FirmSendData      uart_comm.o
    0x08001bdc   0x0000001c   Code   RO         2167    i.FirmStart         firm.o
    0x08001bf8   0x00000014   Code   RO         2168    i.FirmTest          firm.o
    0x08001c0c   0x00000030   Code   RO         2169    i.FirmWaitAck       firm.o
    0x08001c3c   0x00000116   Code   RO         3549    i.GPIO_Init         stm32f10x_gpio.o
    0x08001d52   0x00000002   PAD
    0x08001d54   0x00000090   Code   RO         3551    i.GPIO_PinRemapConfig  stm32f10x_gpio.o
    0x08001de4   0x00000004   Code   RO         3556    i.GPIO_ResetBits    stm32f10x_gpio.o
    0x08001de8   0x00000004   Code   RO         3557    i.GPIO_SetBits      stm32f10x_gpio.o
    0x08001dec   0x00000034   Code   RO         1228    i.Get_SerialNum     usbd_desc.o
    0x08001e20   0x000000dc   Code   RO            4    i.Handle_USBAsynchXfer  usbd_cdc_core.o
    0x08001efc   0x00000004   Code   RO          976    i.HardFault_Handler  stm32fxxx_it.o
    0x08001f00   0x000000f4   Code   RO         1646    i.InitADC           adc.o
    0x08001ff4   0x0000006c   Code   RO         1647    i.InitADCGPIO       adc.o
    0x08002060   0x0000000c   Code   RO         1547    i.InitFIFO          fifo8.o
    0x0800206c   0x00000018   Code   RO         2124    i.InitTestVar       test.o
    0x08002084   0x0000002c   Code   RO         2005    i.InitUartVar       uart_comm.o
    0x080020b0   0x00000040   Code   RO         1917    i.InitUsbVar        usb_comm.o
    0x080020f0   0x0000004c   Code   RO         1606    i.InitVar           main.o
    0x0800213c   0x0000014c   Code   RO         1374    i.Init_GPIO         driver.o
    0x08002288   0x0000003e   Code   RO         1229    i.IntToUnicode      usbd_desc.o
    0x080022c6   0x00000004   Code   RO          977    i.MemManage_Handler  stm32fxxx_it.o
    0x080022ca   0x00000002   PAD
    0x080022cc   0x000000ac   Code   RO         2006    i.MsgSendFromUart   uart_comm.o
    0x08002378   0x000000ac   Code   RO         1918    i.MsgSendFromUsb    usb_comm.o
    0x08002424   0x00000002   Code   RO          978    i.NMI_Handler       stm32fxxx_it.o
    0x08002426   0x00000096   Code   RO         1375    i.NVIC_Config       driver.o
    0x080024bc   0x00000070   Code   RO         2221    i.NVIC_Init         misc.o
    0x0800252c   0x00000014   Code   RO         2222    i.NVIC_PriorityGroupConfig  misc.o
    0x08002540   0x00000010   Code   RO          979    i.OTG_FS_IRQHandler  stm32fxxx_it.o
    0x08002550   0x00000018   Code   RO         4020    i.RCC_ADCCLKConfig  stm32f10x_rcc.o
    0x08002568   0x00000020   Code   RO         4021    i.RCC_AHBPeriphClockCmd  stm32f10x_rcc.o
    0x08002588   0x00000020   Code   RO         4023    i.RCC_APB1PeriphClockCmd  stm32f10x_rcc.o
    0x080025a8   0x00000020   Code   RO         4024    i.RCC_APB1PeriphResetCmd  stm32f10x_rcc.o
    0x080025c8   0x00000020   Code   RO         4025    i.RCC_APB2PeriphClockCmd  stm32f10x_rcc.o
    0x080025e8   0x00000020   Code   RO         4026    i.RCC_APB2PeriphResetCmd  stm32f10x_rcc.o
    0x08002608   0x00000190   Code   RO         4033    i.RCC_GetClocksFreq  stm32f10x_rcc.o
    0x08002798   0x0000000c   Code   RO         4046    i.RCC_OTGFSCLKConfig  stm32f10x_rcc.o
    0x080027a4   0x00000092   Code   RO         2008    i.RcvFrameFromUart  uart_comm.o
    0x08002836   0x00000094   Code   RO         1919    i.RcvFrameFromUsb   usb_comm.o
    0x080028ca   0x00000008   Code   RO         1076    i.SetSysClock       system_stm32f10x.o
    0x080028d2   0x00000002   PAD
    0x080028d4   0x00000118   Code   RO         1077    i.SetSysClockTo72   system_stm32f10x.o
    0x080029ec   0x00000100   Code   RO         1078    i.SystemCoreClockUpdate  system_stm32f10x.o
    0x08002aec   0x0000006c   Code   RO         1079    i.SystemInit        system_stm32f10x.o
    0x08002b58   0x00000016   Code   RO          983    i.TIM2_IRQHandler   stm32fxxx_it.o
    0x08002b6e   0x00000006   Code   RO         4758    i.TIM_ClearFlag     stm32f10x_tim.o
    0x08002b74   0x00000006   Code   RO         4759    i.TIM_ClearITPendingBit  stm32f10x_tim.o
    0x08002b7a   0x00000018   Code   RO         4764    i.TIM_Cmd           stm32f10x_tim.o
    0x08002b92   0x00000002   PAD
    0x08002b94   0x000001e8   Code   RO         4769    i.TIM_DeInit        stm32f10x_tim.o
    0x08002d7c   0x00000022   Code   RO         4785    i.TIM_GetITStatus   stm32f10x_tim.o
    0x08002d9e   0x00000012   Code   RO         4789    i.TIM_ITConfig      stm32f10x_tim.o
    0x08002db0   0x000000a4   Code   RO         4835    i.TIM_TimeBaseInit  stm32f10x_tim.o
    0x08002e54   0x0000004c   Code   RO         1694    i.TraceStr          trace.o
    0x08002ea0   0x00000054   Code   RO          984    i.UART4_IRQHandler  stm32fxxx_it.o
    0x08002ef4   0x00000006   Code   RO         5308    i.USART_ClearFlag   stm32f10x_usart.o
    0x08002efa   0x00000018   Code   RO         5312    i.USART_Cmd         stm32f10x_usart.o
    0x08002f12   0x00000012   Code   RO         5313    i.USART_DMACmd      stm32f10x_usart.o
    0x08002f24   0x0000004c   Code   RO         5316    i.USART_GetITStatus  stm32f10x_usart.o
    0x08002f70   0x00000040   Code   RO         5318    i.USART_ITConfig    stm32f10x_usart.o
    0x08002fb0   0x000000d0   Code   RO         5319    i.USART_Init        stm32f10x_usart.o
    0x08003080   0x0000000a   Code   RO         5326    i.USART_ReceiveData  stm32f10x_usart.o
    0x0800308a   0x00000016   Code   RO          698    i.USBD_ClrCfg       usbd_core.o
    0x080030a0   0x00000048   Code   RO          368    i.USBD_ClrFeature   usbd_req.o
    0x080030e8   0x0000001e   Code   RO          806    i.USBD_CtlContinueRx  usbd_ioreq.o
    0x08003106   0x0000001e   Code   RO          807    i.USBD_CtlContinueSendData  usbd_ioreq.o
    0x08003124   0x0000001e   Code   RO          369    i.USBD_CtlError     usbd_req.o
    0x08003142   0x0000002e   Code   RO          808    i.USBD_CtlPrepareRx  usbd_ioreq.o
    0x08003170   0x00000024   Code   RO          809    i.USBD_CtlReceiveStatus  usbd_ioreq.o
    0x08003194   0x0000002e   Code   RO          810    i.USBD_CtlSendData  usbd_ioreq.o
    0x080031c2   0x00000024   Code   RO          811    i.USBD_CtlSendStatus  usbd_ioreq.o
    0x080031e6   0x000000e8   Code   RO          699    i.USBD_DataInStage  usbd_core.o
    0x080032ce   0x00000096   Code   RO          700    i.USBD_DataOutStage  usbd_core.o
    0x08003364   0x00000006   Code   RO          701    i.USBD_DeInit       usbd_core.o
    0x0800336a   0x00000018   Code   RO          702    i.USBD_DevConnected  usbd_core.o
    0x08003382   0x00000024   Code   RO          703    i.USBD_DevDisconnected  usbd_core.o
    0x080033a6   0x00000002   PAD
    0x080033a8   0x00000054   Code   RO          370    i.USBD_GetConfig    usbd_req.o
    0x080033fc   0x00000112   Code   RO          371    i.USBD_GetDescriptor  usbd_req.o
    0x0800350e   0x00000014   Code   RO          372    i.USBD_GetLen       usbd_req.o
    0x08003522   0x00000002   PAD
    0x08003524   0x00000050   Code   RO          373    i.USBD_GetStatus    usbd_req.o
    0x08003574   0x00000052   Code   RO          374    i.USBD_GetString    usbd_req.o
    0x080035c6   0x00000042   Code   RO          704    i.USBD_Init         usbd_core.o
    0x08003608   0x00000012   Code   RO          705    i.USBD_IsoINIncomplete  usbd_core.o
    0x0800361a   0x00000012   Code   RO          706    i.USBD_IsoOUTIncomplete  usbd_core.o
    0x0800362c   0x00000100   Code   RO          880    i.USBD_OTG_ISR_Handler  usb_dcd_int.o
    0x0800372c   0x00000048   Code   RO          375    i.USBD_ParseSetupRequest  usbd_req.o
    0x08003774   0x00000032   Code   RO          707    i.USBD_Reset        usbd_core.o
    0x080037a6   0x0000001e   Code   RO          708    i.USBD_Resume       usbd_core.o
    0x080037c4   0x00000014   Code   RO          709    i.USBD_RunTestMode  usbd_core.o
    0x080037d8   0x0000001a   Code   RO          710    i.USBD_SOF          usbd_core.o
    0x080037f2   0x0000005c   Code   RO          376    i.USBD_SetAddress   usbd_req.o
    0x0800384e   0x0000001e   Code   RO          711    i.USBD_SetCfg       usbd_core.o
    0x0800386c   0x000000d0   Code   RO          377    i.USBD_SetConfig    usbd_req.o
    0x0800393c   0x000000b0   Code   RO          378    i.USBD_SetFeature   usbd_req.o
    0x080039ec   0x00000054   Code   RO          712    i.USBD_SetupStage   usbd_core.o
    0x08003a40   0x00000072   Code   RO          379    i.USBD_StdDevReq    usbd_req.o
    0x08003ab2   0x00000002   PAD
    0x08003ab4   0x00000178   Code   RO          380    i.USBD_StdEPReq     usbd_req.o
    0x08003c2c   0x0000004c   Code   RO          381    i.USBD_StdItfReq    usbd_req.o
    0x08003c78   0x00000020   Code   RO          713    i.USBD_Suspend      usbd_core.o
    0x08003c98   0x00000034   Code   RO         1230    i.USBD_USR_ConfigStrDescriptor  usbd_desc.o
    0x08003ccc   0x00000002   Code   RO         1306    i.USBD_USR_DeviceConfigured  usbd_usr.o
    0x08003cce   0x00000002   Code   RO         1307    i.USBD_USR_DeviceConnected  usbd_usr.o
    0x08003cd0   0x00000010   Code   RO         1231    i.USBD_USR_DeviceDescriptor  usbd_desc.o
    0x08003ce0   0x00000002   Code   RO         1308    i.USBD_USR_DeviceDisconnected  usbd_usr.o
    0x08003ce2   0x00000012   Code   RO         1309    i.USBD_USR_DeviceReset  usbd_usr.o
    0x08003cf4   0x00000002   Code   RO         1310    i.USBD_USR_DeviceResumed  usbd_usr.o
    0x08003cf6   0x00000002   Code   RO         1311    i.USBD_USR_DeviceSuspended  usbd_usr.o
    0x08003cf8   0x00000002   Code   RO         1312    i.USBD_USR_Init     usbd_usr.o
    0x08003cfa   0x00000002   PAD
    0x08003cfc   0x00000038   Code   RO         1232    i.USBD_USR_InterfaceStrDescriptor  usbd_desc.o
    0x08003d34   0x00000010   Code   RO         1233    i.USBD_USR_LangIDStrDescriptor  usbd_desc.o
    0x08003d44   0x0000002c   Code   RO         1234    i.USBD_USR_ManufacturerStrDescriptor  usbd_desc.o
    0x08003d70   0x00000070   Code   RO         1235    i.USBD_USR_ProductStrDescriptor  usbd_desc.o
    0x08003de0   0x00000018   Code   RO         1236    i.USBD_USR_SerialStrDescriptor  usbd_desc.o
    0x08003df8   0x00000010   Code   RO            5    i.USBD_cdc_GetCfgDesc  usbd_cdc_core.o
    0x08003e08   0x00000002   Code   RO         1122    i.USB_OTG_BSP_EnableInterrupt  usb_bsp.o
    0x08003e0a   0x00000014   Code   RO         1123    i.USB_OTG_BSP_Init  usb_bsp.o
    0x08003e1e   0x00000012   Code   RO         1124    i.USB_OTG_BSP_mDelay  usb_bsp.o
    0x08003e30   0x0000001e   Code   RO         1125    i.USB_OTG_BSP_uDelay  usb_bsp.o
    0x08003e4e   0x0000011a   Code   RO          467    i.USB_OTG_CoreInit  usb_core.o
    0x08003f68   0x0000020e   Code   RO          468    i.USB_OTG_CoreInitDev  usb_core.o
    0x08004176   0x00000002   PAD
    0x08004178   0x00000070   Code   RO          469    i.USB_OTG_CoreReset  usb_core.o
    0x080041e8   0x00000022   Code   RO          470    i.USB_OTG_DisableGlobalInt  usb_core.o
    0x0800420a   0x00000074   Code   RO          471    i.USB_OTG_EP0Activate  usb_core.o
    0x0800427e   0x00000156   Code   RO          472    i.USB_OTG_EP0StartXfer  usb_core.o
    0x080043d4   0x00000062   Code   RO          473    i.USB_OTG_EP0_OutStart  usb_core.o
    0x08004436   0x00000098   Code   RO          474    i.USB_OTG_EPActivate  usb_core.o
    0x080044ce   0x00000050   Code   RO          475    i.USB_OTG_EPClearStall  usb_core.o
    0x0800451e   0x0000005e   Code   RO          476    i.USB_OTG_EPDeactivate  usb_core.o
    0x0800457c   0x00000064   Code   RO          477    i.USB_OTG_EPSetStall  usb_core.o
    0x080045e0   0x000001fe   Code   RO          478    i.USB_OTG_EPStartXfer  usb_core.o
    0x080047de   0x00000034   Code   RO          479    i.USB_OTG_EnableCommonInt  usb_core.o
    0x08004812   0x000000b0   Code   RO          480    i.USB_OTG_EnableDevInt  usb_core.o
    0x080048c2   0x00000022   Code   RO          481    i.USB_OTG_EnableGlobalInt  usb_core.o
    0x080048e4   0x0000004c   Code   RO          482    i.USB_OTG_FlushRxFifo  usb_core.o
    0x08004930   0x00000054   Code   RO          483    i.USB_OTG_FlushTxFifo  usb_core.o
    0x08004984   0x00000038   Code   RO          484    i.USB_OTG_GetDeviceSpeed  usb_core.o
    0x080049bc   0x0000000c   Code   RO          486    i.USB_OTG_GetMode   usb_core.o
    0x080049c8   0x00000018   Code   RO          487    i.USB_OTG_InitDevSpeed  usb_core.o
    0x080049e0   0x00000016   Code   RO          488    i.USB_OTG_IsDeviceMode  usb_core.o
    0x080049f6   0x00000010   Code   RO          490    i.USB_OTG_ReadCoreItr  usb_core.o
    0x08004a06   0x00000010   Code   RO          491    i.USB_OTG_ReadDevAllInEPItr  usb_core.o
    0x08004a16   0x00000010   Code   RO          492    i.USB_OTG_ReadDevAllOutEp_itr  usb_core.o
    0x08004a26   0x00000014   Code   RO          493    i.USB_OTG_ReadDevOutEP_itr  usb_core.o
    0x08004a3a   0x00000028   Code   RO          495    i.USB_OTG_ReadPacket  usb_core.o
    0x08004a62   0x00000002   PAD
    0x08004a64   0x000000d0   Code   RO          496    i.USB_OTG_SelectCore  usb_core.o
    0x08004b34   0x0000004e   Code   RO          497    i.USB_OTG_SetCurrentMode  usb_core.o
    0x08004b82   0x00000040   Code   RO          501    i.USB_OTG_WritePacket  usb_core.o
    0x08004bc2   0x00000034   Code   RO         2010    i.UartCommFuncs     uart_comm.o
    0x08004bf6   0x00000020   Code   RO         2011    i.UartCommServiceCmd  uart_comm.o
    0x08004c16   0x00000026   Code   RO         2012    i.UartCommServiceFile  uart_comm.o
    0x08004c3c   0x00000002   Code   RO         2013    i.UartCommServiceWarn  uart_comm.o
    0x08004c3e   0x00000002   Code   RO         2015    i.UartReadFile      uart_comm.o
    0x08004c40   0x0000005c   Code   RO         2016    i.UartSendData      uart_comm.o
    0x08004c9c   0x00000002   Code   RO         2017    i.UartWriteFile     uart_comm.o
    0x08004c9e   0x00000004   Code   RO          985    i.UsageFault_Handler  stm32fxxx_it.o
    0x08004ca2   0x00000034   Code   RO         1921    i.UsbCommFuncs      usb_comm.o
    0x08004cd6   0x0000001a   Code   RO         1922    i.UsbCommServiceCmd  usb_comm.o
    0x08004cf0   0x00000026   Code   RO         1923    i.UsbCommServiceFile  usb_comm.o
    0x08004d16   0x00000002   Code   RO         1924    i.UsbCommServiceWarn  usb_comm.o
    0x08004d18   0x00000002   Code   RO         1925    i.UsbReadFile       usb_comm.o
    0x08004d1a   0x00000002   Code   RO         1926    i.UsbWriteFile      usb_comm.o
    0x08004d1c   0x00000084   Code   RO         1175    i.VCP_Ctrl          usbd_cdc_vcp.o
    0x08004da0   0x0000002c   Code   RO         1176    i.VCP_DataRx        usbd_cdc_vcp.o
    0x08004dcc   0x00000014   Code   RO         1177    i.VCP_DataTx        usbd_cdc_vcp.o
    0x08004de0   0x00000004   Code   RO         1178    i.VCP_DeInit        usbd_cdc_vcp.o
    0x08004de4   0x00000004   Code   RO         1179    i.VCP_Init          usbd_cdc_vcp.o
    0x08004de8   0x0000000e   Code   RO         6478    i.__scatterload_copy  mc_w.l(handlers.o)
    0x08004df6   0x00000002   Code   RO         6479    i.__scatterload_null  mc_w.l(handlers.o)
    0x08004df8   0x0000000e   Code   RO         6480    i.__scatterload_zeroinit  mc_w.l(handlers.o)
    0x08004e06   0x0000004e   Code   RO         1851    i._i2c_ack_detect   soft_i2c.o
    0x08004e54   0x0000001e   Code   RO         1852    i._i2c_ack_send     soft_i2c.o
    0x08004e72   0x0000001e   Code   RO         1853    i._i2c_nack_send    soft_i2c.o
    0x08004e90   0x0000003c   Code   RO         1854    i._i2c_read_byte    soft_i2c.o
    0x08004ecc   0x0000002e   Code   RO         1855    i._i2c_start        soft_i2c.o
    0x08004efa   0x0000001e   Code   RO         1856    i._i2c_stop         soft_i2c.o
    0x08004f18   0x0000004a   Code   RO         1857    i._i2c_write_byte   soft_i2c.o
    0x08004f62   0x00000002   PAD
    0x08004f64   0x00000010   Code   RO         1376    i.drv_boot_high     driver.o
    0x08004f74   0x00000170   Code   RO         1378    i.drv_comm_uart_init  driver.o
    0x080050e4   0x00000018   Code   RO         1379    i.drv_delayms       driver.o
    0x080050fc   0x00000016   Code   RO         1380    i.drv_delayus       driver.o
    0x08005112   0x00000002   PAD
    0x08005114   0x00000014   Code   RO         1382    i.drv_power_on      driver.o
    0x08005128   0x00000056   Code   RO         1383    i.drv_timer2_init   driver.o
    0x0800517e   0x00000002   PAD
    0x08005180   0x000000d0   Code   RO         1384    i.drv_trace_uart_init  driver.o
    0x08005250   0x00000050   Code   RO         6394    i.free              mc_w.l(malloc.o)
    0x080052a0   0x0000000a   Code   RO         1751    i.i2c_delay1        ina226.o
    0x080052aa   0x0000000a   Code   RO         1752    i.i2c_delay2        ina226.o
    0x080052b4   0x00000014   Code   RO         1753    i.i2c_scl_high      ina226.o
    0x080052c8   0x00000014   Code   RO         1754    i.i2c_scl_low       ina226.o
    0x080052dc   0x00000018   Code   RO         1755    i.i2c_scl_value     ina226.o
    0x080052f4   0x00000014   Code   RO         1756    i.i2c_sda_dir_in    ina226.o
    0x08005308   0x00000002   Code   RO         1757    i.i2c_sda_dir_out   ina226.o
    0x0800530a   0x00000002   PAD
    0x0800530c   0x00000014   Code   RO         1758    i.i2c_sda_high      ina226.o
    0x08005320   0x00000014   Code   RO         1759    i.i2c_sda_low       ina226.o
    0x08005334   0x00000018   Code   RO         1760    i.i2c_sda_value     ina226.o
    0x0800534c   0x00000060   Code   RO         1649    i.init_ADC_DMA      adc.o
    0x080053ac   0x00000080   Code   RO         1761    i.init_INA226_normal  ina226.o
    0x0800542c   0x00000064   Code   RO         1763    i.init_i2c_dev      ina226.o
    0x08005490   0x00000050   Code   RO         1764    i.init_i2c_gpio     ina226.o
    0x080054e0   0x000000d0   Code   RO         1607    i.main              main.o
    0x080055b0   0x0000006c   Code   RO         6395    i.malloc            mc_w.l(malloc.o)
    0x0800561c   0x00000098   Code   RO         5747    i.prvAddCurrentTaskToDelayedList  tasks.o
    0x080056b4   0x000000b4   Code   RO         5748    i.prvAddNewTaskToReadyList  tasks.o
    0x08005768   0x00000064   Code   RO         5749    i.prvCheckTasksWaitingTermination  tasks.o
    0x080057cc   0x0000002a   Code   RO         5611    i.prvCopyDataFromQueue  queue.o
    0x080057f6   0x0000006a   Code   RO         5612    i.prvCopyDataToQueue  queue.o
    0x08005860   0x00000012   Code   RO         5750    i.prvDeleteTCB      tasks.o
    0x08005872   0x00000002   PAD
    0x08005874   0x00000028   Code   RO         5751    i.prvIdleTask       tasks.o
    0x0800589c   0x00000026   Code   RO         5613    i.prvInitialiseNewQueue  queue.o
    0x080058c2   0x00000080   Code   RO         5752    i.prvInitialiseNewTask  tasks.o
    0x08005942   0x00000002   PAD
    0x08005944   0x00000068   Code   RO         5753    i.prvInitialiseTaskLists  tasks.o
    0x080059ac   0x0000001a   Code   RO         5614    i.prvIsQueueEmpty   queue.o
    0x080059c6   0x0000001e   Code   RO         5615    i.prvIsQueueFull    queue.o
    0x080059e4   0x00000034   Code   RO         5754    i.prvResetNextTaskUnblockTime  tasks.o
    0x08005a18   0x00000016   Code   RO         6030    i.prvTaskExitError  port.o
    0x08005a2e   0x0000007e   Code   RO         5616    i.prvUnlockQueue    queue.o
    0x08005aac   0x0000001e   Code   RO         6106    i.pvPortMalloc      heap_3.o
    0x08005aca   0x00000002   PAD
    0x08005acc   0x00000024   Code   RO         6031    i.pxPortInitialiseStack  port.o
    0x08005af0   0x0000009c   Code   RO         1858    i.soft_i2c_read     soft_i2c.o
    0x08005b8c   0x00000074   Code   RO         1859    i.soft_i2c_write    soft_i2c.o
    0x08005c00   0x00000040   Code   RO         2126    i.test_task         test.o
    0x08005c40   0x00000034   Code   RO         1695    i.trace_DMA_finished  trace.o
    0x08005c74   0x0000002c   Code   RO         1696    i.trace_start_TX_DMA  trace.o
    0x08005ca0   0x00000040   Code   RO         2018    i.uart_DMA_finished  uart_comm.o
    0x08005ce0   0x0000006c   Code   RO         2019    i.uart_comm_task    uart_comm.o
    0x08005d4c   0x0000002c   Code   RO         2020    i.uart_start_TX_DMA  uart_comm.o
    0x08005d78   0x00000034   Code   RO         1927    i.usb_comm_task     usb_comm.o
    0x08005dac   0x000000b0   Code   RO            6    i.usbd_cdc_DataIn   usbd_cdc_core.o
    0x08005e5c   0x00000038   Code   RO            7    i.usbd_cdc_DataOut  usbd_cdc_core.o
    0x08005e94   0x0000002c   Code   RO            8    i.usbd_cdc_DeInit   usbd_cdc_core.o
    0x08005ec0   0x00000038   Code   RO            9    i.usbd_cdc_EP0_RxReady  usbd_cdc_core.o
    0x08005ef8   0x00000058   Code   RO           10    i.usbd_cdc_Init     usbd_cdc_core.o
    0x08005f50   0x00000028   Code   RO           11    i.usbd_cdc_SOF      usbd_cdc_core.o
    0x08005f78   0x000000c8   Code   RO           12    i.usbd_cdc_Setup    usbd_cdc_core.o
    0x08006040   0x00000028   Code   RO         5566    i.uxListRemove      list.o
    0x08006068   0x00000002   Code   RO         1608    i.vApplicationMallocFailedHook  main.o
    0x0800606a   0x0000001a   Code   RO         5567    i.vListInitialise   list.o
    0x08006084   0x00000006   Code   RO         5568    i.vListInitialiseItem  list.o
    0x0800608a   0x00000034   Code   RO         5569    i.vListInsert       list.o
    0x080060be   0x00000018   Code   RO         5570    i.vListInsertEnd    list.o
    0x080060d6   0x00000002   PAD
    0x080060d8   0x00000024   Code   RO         6033    i.vPortEnterCritical  port.o
    0x080060fc   0x00000020   Code   RO         6034    i.vPortExitCritical  port.o
    0x0800611c   0x00000016   Code   RO         6107    i.vPortFree         heap_3.o
    0x08006132   0x00000002   PAD
    0x08006134   0x00000014   Code   RO         6035    i.vPortSetupTimerInterrupt  port.o
    0x08006148   0x00000034   Code   RO         5761    i.vTaskDelay        tasks.o
    0x0800617c   0x0000000c   Code   RO         5765    i.vTaskMissedYield  tasks.o
    0x08006188   0x00000020   Code   RO         5767    i.vTaskPlaceOnEventList  tasks.o
    0x080061a8   0x00000018   Code   RO         5771    i.vTaskSetTimeOutState  tasks.o
    0x080061c0   0x00000064   Code   RO         5772    i.vTaskStartScheduler  tasks.o
    0x08006224   0x00000010   Code   RO         5774    i.vTaskSuspendAll   tasks.o
    0x08006234   0x00000060   Code   RO         5775    i.vTaskSwitchContext  tasks.o
    0x08006294   0x00000034   Code   RO         6036    i.xPortStartScheduler  port.o
    0x080062c8   0x00000034   Code   RO         6037    i.xPortSysTickHandler  port.o
    0x080062fc   0x00000038   Code   RO         5621    i.xQueueGenericCreate  queue.o
    0x08006334   0x0000013c   Code   RO         5622    i.xQueueGenericReceive  queue.o
    0x08006470   0x00000080   Code   RO         5623    i.xQueueGenericReset  queue.o
    0x080064f0   0x00000118   Code   RO         5624    i.xQueueGenericSend  queue.o
    0x08006608   0x0000005c   Code   RO         5776    i.xTaskCheckForTimeOut  tasks.o
    0x08006664   0x00000060   Code   RO         5777    i.xTaskCreate       tasks.o
    0x080066c4   0x0000011c   Code   RO         5782    i.xTaskIncrementTick  tasks.o
    0x080067e0   0x00000080   Code   RO         5785    i.xTaskRemoveFromEventList  tasks.o
    0x08006860   0x000000e8   Code   RO         5787    i.xTaskResumeAll    tasks.o
    0x08006948   0x00000020   Data   RO         6476    Region$$Table       anon$$obj.o


    Execution Region RW_IRAM1 (Base: 0x20000000, Size: 0x00005260, Max: 0x00010000, ABSOLUTE, COMPRESSED[0x00000110])

    Base Addr    Size         Type   Attr      Idx    E Section Name        Object

    0x20000000   0x00000098   Data   RW           14    .data               usbd_cdc_core.o
    0x20000098   0x0000000d   Data   RW          382    .data               usbd_req.o
    0x200000a5   0x00000003   PAD
    0x200000a8   0x00000034   Data   RW          714    .data               usbd_core.o
    0x200000dc   0x00000014   Data   RW         1080    .data               system_stm32f10x.o
    0x200000f0   0x0000001c   Data   RW         1181    .data               usbd_cdc_vcp.o
    0x2000010c   0x00000056   Data   RW         1238    .data               usbd_desc.o
    0x20000162   0x00000002   PAD
    0x20000164   0x0000001c   Data   RW         1313    .data               usbd_usr.o
    0x20000180   0x00000010   Data   RW         1610    .data               main.o
    0x20000190   0x00000001   Data   RW         1698    .data               trace.o
    0x20000191   0x00000003   PAD
    0x20000194   0x00000008   Data   RW         1929    .data               usb_comm.o
    0x2000019c   0x0000000a   Data   RW         2022    .data               uart_comm.o
    0x200001a6   0x00000002   PAD
    0x200001a8   0x00000004   Data   RW         2127    .data               test.o
    0x200001ac   0x00000014   Data   RW         4061    .data               stm32f10x_rcc.o
    0x200001c0   0x0000003c   Data   RW         5790    .data               tasks.o
    0x200001fc   0x00000004   Data   RW         6038    .data               port.o
    0x20000200   0x00000004   Data   RW         6453    .data               mc_w.l(mvars.o)
    0x20000204   0x00000004   Data   RW         6454    .data               mc_w.l(mvars.o)
    0x20000208   0x00000083   Zero   RW           13    .bss                usbd_cdc_core.o
    0x2000028b   0x000000ff   Zero   RW         1237    .bss                usbd_desc.o
    0x2000038a   0x00000002   PAD
    0x2000038c   0x000005f4   Zero   RW         1609    .bss                main.o
    0x20000980   0x0000010e   Zero   RW         1650    .bss                adc.o
    0x20000a8e   0x00000400   Zero   RW         1697    .bss                trace.o
    0x20000e8e   0x00000002   PAD
    0x20000e90   0x0000002c   Zero   RW         1765    .bss                ina226.o
    0x20000ebc   0x0000149c   Zero   RW         1928    .bss                usb_comm.o
    0x20002358   0x00001500   Zero   RW         2021    .bss                uart_comm.o
    0x20003858   0x00000200   Zero   RW         2170    .bss                firm.o
    0x20003a58   0x00000104   Zero   RW         5789    .bss                tasks.o
    0x20003b5c   0x00000004   PAD
    0x20003b60   0x00000f00   Zero   RW         1067    HEAP                startup_stm32f10x_cl.o
    0x20004a60   0x00000800   Zero   RW         1066    STACK               startup_stm32f10x_cl.o


==============================================================================

Image component sizes


      Code (inc. data)   RO Data    RW Data    ZI Data      Debug   Object Name

       448         30          0          0        270       2489   adc.o
       700         38          0          0          0       3000   can.o
      1270         60          0          0          0       5496   driver.o
       110          0          0          0          0       2895   fifo8.o
       416         36          0          0        512       4476   firm.o
        52          0          0          0          0       1195   heap_3.o
       478         96          0          0         44       5857   ina226.o
       148          0          0          0          0       4630   list.o
       286        114          0         16       1524       1680   main.o
       132         22          0          0          0       3467   misc.o
       400         50          0          4          0       9448   port.o
      1148         14          0          0          0      17174   queue.o
       620          0          0          0          0       6105   soft_i2c.o
        36          8        336          0       5888        792   startup_stm32f10x_cl.o
       482         24          0          0          0      17642   stm32f10x_adc.o
      1360         22          0          0          0      15557   stm32f10x_can.o
       496         26          0          0          0       5447   stm32f10x_dma.o
       430          6          0          0          0       4118   stm32f10x_gpio.o
       596         68          0         20          0       8476   stm32f10x_rcc.o
       740        106          0          0          0       5267   stm32f10x_tim.o
       406          4          0          0          0       6507   stm32f10x_usart.o
       142         22          0          0          0       5368   stm32fxxx_it.o
       652         56          0         20          0       2961   system_stm32f10x.o
      1938        314          0         60        260      24645   tasks.o
        88         10          0          4          0       1578   test.o
       172         26          0          1       1024       2183   trace.o
       910        104          0         10       5376       9654   uart_comm.o
        70          0          0          0          0       2395   usb_bsp.o
       594         70          0          8       5276       7008   usb_comm.o
      3440         18          0          0          0      21508   usb_core.o
       666          0          0          0          0     227332   usb_dcd.o
      2360        108          0          0          0     232415   usb_dcd_int.o
       896        110          0        152        131     348262   usbd_cdc_core.o
       204         24          0         28          0       3282   usbd_cdc_vcp.o
       844          6          0         52          0      11928   usbd_core.o
       434        170          0         86        255       6699   usbd_desc.o
       224          0          0          0          0       4652   usbd_ioreq.o
      1756         56          0         13          0      10822   usbd_req.o
        30          0          0         28          0       3293   usbd_usr.o

    ----------------------------------------------------------------------
     26220       1818        368        512      20568    1057703   Object Totals
         0          0         32          0          0          0   (incl. Generated)
        46          0          0         10          8          0   (incl. Padding)

    ----------------------------------------------------------------------

      Code (inc. data)   RO Data    RW Data    ZI Data      Debug   Library Member Name

        86          0          0          0          0          0   __dczerorl2.o
         0          0          0          0          0          0   entry.o
         0          0          0          0          0          0   entry10a.o
         0          0          0          0          0          0   entry11a.o
         8          4          0          0          0          0   entry2.o
         4          0          0          0          0          0   entry5.o
         0          0          0          0          0          0   entry7b.o
         0          0          0          0          0          0   entry8b.o
         8          4          0          0          0          0   entry9a.o
        30          0          0          0          0          0   handlers.o
        36          8          0          0          0         68   init.o
       188         20          0          0          0        160   malloc.o
        36          0          0          0          0         68   memcpya.o
         0          0          0          8          0          0   mvars.o

    ----------------------------------------------------------------------
       396         36          0          8          0        296   Library Totals
         0          0          0          0          0          0   (incl. Padding)

    ----------------------------------------------------------------------

      Code (inc. data)   RO Data    RW Data    ZI Data      Debug   Library Name

       396         36          0          8          0        296   mc_w.l

    ----------------------------------------------------------------------
       396         36          0          8          0        296   Library Totals

    ----------------------------------------------------------------------

==============================================================================


      Code (inc. data)   RO Data    RW Data    ZI Data      Debug   

     26616       1854        368        520      20568    1041851   Grand Totals
     26616       1854        368        272      20568    1041851   ELF Image Totals (compressed)
     26616       1854        368        272          0          0   ROM Totals

==============================================================================

    Total RO  Size (Code + RO Data)                26984 (  26.35kB)
    Total RW  Size (RW Data + ZI Data)             21088 (  20.59kB)
    Total ROM Size (Code + RO Data + RW Data)      27256 (  26.62kB)

==============================================================================

