Component: ARM Compiler 5.06 update 2 (build 183) Tool: armlink [4d35b7]

==============================================================================

Removing Unused input sections from the image.

    Removing usbd_cdc_core.o(.rev16_text), (4 bytes).
    Removing usbd_cdc_core.o(.revsh_text), (4 bytes).
    Removing usbd_cdc_core.o(.rrx_text), (6 bytes).
    Removing usb_dcd.o(.rev16_text), (4 bytes).
    Removing usb_dcd.o(.revsh_text), (4 bytes).
    Removing usb_dcd.o(.rrx_text), (6 bytes).
    Removing usb_dcd.o(i.DCD_DevConnect), (32 bytes).
    Removing usb_dcd.o(i.DCD_DevDisconnect), (34 bytes).
    Removing usb_dcd.o(i.DCD_EP_Flush), (36 bytes).
    Removing usb_dcd.o(i.DCD_GetEPStatus), (64 bytes).
    Removing usb_dcd.o(i.DCD_SetEPStatus), (62 bytes).
    Removing usbd_req.o(.rev16_text), (4 bytes).
    Removing usbd_req.o(.revsh_text), (4 bytes).
    Removing usbd_req.o(.rrx_text), (6 bytes).
    Removing usb_core.o(.rev16_text), (4 bytes).
    Removing usb_core.o(.revsh_text), (4 bytes).
    Removing usb_core.o(.rrx_text), (6 bytes).
    Removing usb_core.o(i.USB_OTG_ActiveRemoteWakeup), (108 bytes).
    Removing usb_core.o(i.USB_OTG_GetEPStatus), (106 bytes).
    Removing usb_core.o(i.USB_OTG_IsHostMode), (20 bytes).
    Removing usb_core.o(i.USB_OTG_ReadOtgItr), (8 bytes).
    Removing usb_core.o(i.USB_OTG_SetEPStatus), (282 bytes).
    Removing usb_core.o(i.USB_OTG_StopDevice), (82 bytes).
    Removing usb_core.o(i.USB_OTG_UngateClock), (56 bytes).
    Removing usbd_core.o(.rev16_text), (4 bytes).
    Removing usbd_core.o(.revsh_text), (4 bytes).
    Removing usbd_core.o(.rrx_text), (6 bytes).
    Removing usbd_ioreq.o(.rev16_text), (4 bytes).
    Removing usbd_ioreq.o(.revsh_text), (4 bytes).
    Removing usbd_ioreq.o(.rrx_text), (6 bytes).
    Removing usbd_ioreq.o(i.USBD_GetRxCount), (20 bytes).
    Removing usb_dcd_int.o(.rev16_text), (4 bytes).
    Removing usb_dcd_int.o(.revsh_text), (4 bytes).
    Removing usb_dcd_int.o(.rrx_text), (6 bytes).
    Removing stm32fxxx_it.o(.rev16_text), (4 bytes).
    Removing stm32fxxx_it.o(.revsh_text), (4 bytes).
    Removing stm32fxxx_it.o(.rrx_text), (6 bytes).
    Removing stm32fxxx_it.o(i.PendSV_Handler), (2 bytes).
    Removing stm32fxxx_it.o(i.SVC_Handler), (2 bytes).
    Removing stm32fxxx_it.o(i.SysTick_Handler), (2 bytes).
    Removing system_stm32f10x.o(.rev16_text), (4 bytes).
    Removing system_stm32f10x.o(.revsh_text), (4 bytes).
    Removing system_stm32f10x.o(.rrx_text), (6 bytes).
    Removing usb_bsp.o(.rev16_text), (4 bytes).
    Removing usb_bsp.o(.revsh_text), (4 bytes).
    Removing usb_bsp.o(.rrx_text), (6 bytes).
    Removing usbd_cdc_vcp.o(.rev16_text), (4 bytes).
    Removing usbd_cdc_vcp.o(.revsh_text), (4 bytes).
    Removing usbd_cdc_vcp.o(.rrx_text), (6 bytes).
    Removing usbd_cdc_vcp.o(i.UsbSendData), (8 bytes).
    Removing usbd_cdc_vcp.o(.bss), (16 bytes).
    Removing usbd_desc.o(.rev16_text), (4 bytes).
    Removing usbd_desc.o(.revsh_text), (4 bytes).
    Removing usbd_desc.o(.rrx_text), (6 bytes).
    Removing usbd_usr.o(.rev16_text), (4 bytes).
    Removing usbd_usr.o(.revsh_text), (4 bytes).
    Removing usbd_usr.o(.rrx_text), (6 bytes).
    Removing driver.o(.rev16_text), (4 bytes).
    Removing driver.o(.revsh_text), (4 bytes).
    Removing driver.o(.rrx_text), (6 bytes).
    Removing can.o(.rev16_text), (4 bytes).
    Removing can.o(.revsh_text), (4 bytes).
    Removing can.o(.rrx_text), (6 bytes).
    Removing crc32.o(i.GetCrc32_One), (32 bytes).
    Removing crc32.o(i.GetCrc32_Partial), (56 bytes).
    Removing crc32.o(i.GetMeCrc), (40 bytes).
    Removing fifo8.o(.rev16_text), (4 bytes).
    Removing fifo8.o(.revsh_text), (4 bytes).
    Removing fifo8.o(.rrx_text), (6 bytes).
    Removing fifo8.o(i.FIFOIsEmpty), (18 bytes).
    Removing main.o(.rev16_text), (4 bytes).
    Removing main.o(.revsh_text), (4 bytes).
    Removing main.o(.rrx_text), (6 bytes).
    Removing adc.o(.rev16_text), (4 bytes).
    Removing adc.o(.revsh_text), (4 bytes).
    Removing adc.o(.rrx_text), (6 bytes).
    Removing trace.o(.rev16_text), (4 bytes).
    Removing trace.o(.revsh_text), (4 bytes).
    Removing trace.o(.rrx_text), (6 bytes).
    Removing trace.o(i.IsAscii), (18 bytes).
    Removing trace.o(i.TraceBin), (88 bytes).
    Removing trace.o(i.TraceHex), (76 bytes).
    Removing ina226.o(.rev16_text), (4 bytes).
    Removing ina226.o(.revsh_text), (4 bytes).
    Removing ina226.o(.rrx_text), (6 bytes).
    Removing ina226.o(i.init_INA226_sleep), (128 bytes).
    Removing soft_i2c.o(.rev16_text), (4 bytes).
    Removing soft_i2c.o(.revsh_text), (4 bytes).
    Removing soft_i2c.o(.rrx_text), (6 bytes).
    Removing usb_comm.o(.rev16_text), (4 bytes).
    Removing usb_comm.o(.revsh_text), (4 bytes).
    Removing usb_comm.o(.rrx_text), (6 bytes).
    Removing test.o(.rev16_text), (4 bytes).
[...]
    _main_cpp_init                           0x08000159   Thumb Code     0  entry8b.o(.ARM.Collect$$$$0000000A)
    _main_init                               0x08000159   Thumb Code     0  entry9a.o(.ARM.Collect$$$$0000000B)
    __rt_final_cpp                           0x08000161   Thumb Code     0  entry10a.o(.ARM.Collect$$$$0000000D)
    __rt_final_exit                          0x08000161   Thumb Code     0  entry11a.o(.ARM.Collect$$$$0000000F)
    vPortSVCHandler                          0x08000165   Thumb Code    32  port.o(.emb_text)
    __asm___6_port_c_39a90d8d__prvStartFirstTask 0x08000189   Thumb Code    28  port.o(.emb_text)
    xPortPendSVHandler                       0x080001a9   Thumb Code    72  port.o(.emb_text)
    vPortGetIPSR                             0x080001f5   Thumb Code     6  port.o(.emb_text)
    Reset_Handler                            0x080001fd   Thumb Code     8  startup_stm32f10x_cl.o(.text)
    ADC1_2_IRQHandler                        0x08000217   Thumb Code     0  startup_stm32f10x_cl.o(.text)
    CAN1_RX1_IRQHandler                      0x08000217   Thumb Code     0  startup_stm32f10x_cl.o(.text)
    CAN1_SCE_IRQHandler                      0x08000217   Thumb Code     0  startup_stm32f10x_cl.o(.text)
    CAN1_TX_IRQHandler                       0x08000217   Thumb Code     0  startup_stm32f10x_cl.o(.text)
    CAN2_RX0_IRQHandler                      0x08000217   Thumb Code     0  startup_stm32f10x_cl.o(.text)
    CAN2_SCE_IRQHandler                      0x08000217   Thumb Code     0  startup_stm32f10x_cl.o(.text)
    CAN2_TX_IRQHandler                       0x08000217   Thumb Code     0  startup_stm32f10x_cl.o(.text)
    DMA1_Channel1_IRQHandler                 0x08000217   Thumb Code     0  startup_stm32f10x_cl.o(.text)
    DMA1_Channel2_IRQHandler                 0x08000217   Thumb Code     0  startup_stm32f10x_cl.o(.text)
    DMA1_Channel3_IRQHandler                 0x08000217   Thumb Code     0  startup_stm32f10x_cl.o(.text)
    DMA1_Channel4_IRQHandler                 0x08000217   Thumb Code     0  startup_stm32f10x_cl.o(.text)
    DMA1_Channel5_IRQHandler                 0x08000217   Thumb Code     0  startup_stm32f10x_cl.o(.text)
    DMA1_Channel6_IRQHandler                 0x08000217   Thumb Code     0  startup_stm32f10x_cl.o(.text)
    DMA1_Channel7_IRQHandler                 0x08000217   Thumb Code     0  startup_stm32f10x_cl.o(.text)
    DMA2_Channel1_IRQHandler                 0x08000217   Thumb Code     0  startup_stm32f10x_cl.o(.text)
    DMA2_Channel2_IRQHandler                 0x08000217   Thumb Code     0  startup_stm32f10x_cl.o(.text)
    DMA2_Channel3_IRQHandler                 0x08000217   Thumb Code     0  startup_stm32f10x_cl.o(.text)
    DMA2_Channel4_IRQHandler                 0x08000217   Thumb Code     0  startup_stm32f10x_cl.o(.text)
    DMA2_Channel5_IRQHandler                 0x08000217   Thumb Code     0  startup_stm32f10x_cl.o(.text)
    ETH_IRQHandler                           0x08000217   Thumb Code     0  startup_stm32f10x_cl.o(.text)
    ETH_WKUP_IRQHandler                      0x08000217   Thumb Code     0  startup_stm32f10x_cl.o(.text)
    EXTI0_IRQHandler                         0x08000217   Thumb Code     0  startup_stm32f10x_cl.o(.text)
    EXTI15_10_IRQHandler                     0x08000217   Thumb Code     0  startup_stm32f10x_cl.o(.text)
    EXTI1_IRQHandler                         0x08000217   Thumb Code     0  startup_stm32f10x_cl.o(.text)
    EXTI2_IRQHandler                         0x08000217   Thumb Code     0  startup_stm32f10x_cl.o(.text)
    EXTI3_IRQHandler                         0x08000217   Thumb Code     0  startup_stm32f10x_cl.o(.text)
    EXTI4_IRQHandler                         0x08000217   Thumb Code     0  startup_stm32f10x_cl.o(.text)
    EXTI9_5_IRQHandler                       0x08000217   Thumb Code     0  startup_stm32f10x_cl.o(.text)
    FLASH_IRQHandler                         0x08000217   Thumb Code     0  startup_stm32f10x_cl.o(.text)
    I2C1_ER_IRQHandler                       0x08000217   Thumb Code     0  startup_stm32f10x_cl.o(.text)
    I2C1_EV_IRQHandler                       0x08000217   Thumb Code     0  startup_stm32f10x_cl.o(.text)
    I2C2_ER_IRQHandler                       0x08000217   Thumb Code     0  startup_stm32f10x_cl.o(.text)
    I2C2_EV_IRQHandler                       0x08000217   Thumb Code     0  startup_stm32f10x_cl.o(.text)
    OTG_FS_WKUP_IRQHandler                   0x08000217   Thumb Code     0  startup_stm32f10x_cl.o(.text)
    PVD_IRQHandler                           0x08000217   Thumb Code     0  startup_stm32f10x_cl.o(.text)
    RCC_IRQHandler                           0x08000217   Thumb Code     0  startup_stm32f10x_cl.o(.text)
    RTCAlarm_IRQHandler                      0x08000217   Thumb Code     0  startup_stm32f10x_cl.o(.text)
    RTC_IRQHandler                           0x08000217   Thumb Code     0  startup_stm32f10x_cl.o(.text)
    SPI1_IRQHandler                          0x08000217   Thumb Code     0  startup_stm32f10x_cl.o(.text)
    SPI2_IRQHandler                          0x08000217   Thumb Code     0  startup_stm32f10x_cl.o(.text)
    SPI3_IRQHandler                          0x08000217   Thumb Code     0  startup_stm32f10x_cl.o(.text)
    TAMPER_IRQHandler                        0x08000217   Thumb Code     0  startup_stm32f10x_cl.o(.text)
    TIM1_BRK_IRQHandler                      0x08000217   Thumb Code     0  startup_stm32f10x_cl.o(.text)
    TIM1_CC_IRQHandler                       0x08000217   Thumb Code     0  startup_stm32f10x_cl.o(.text)
    TIM1_TRG_COM_IRQHandler                  0x08000217   Thumb Code     0  startup_stm32f10x_cl.o(.text)
    TIM1_UP_IRQHandler                       0x08000217   Thumb Code     0  startup_stm32f10x_cl.o(.text)
    TIM3_IRQHandler                          0x08000217   Thumb Code     0  startup_stm32f10x_cl.o(.text)
    TIM4_IRQHandler                          0x08000217   Thumb Code     0  startup_stm32f10x_cl.o(.text)
    TIM5_IRQHandler                          0x08000217   Thumb Code     0  startup_stm32f10x_cl.o(.text)
    TIM6_IRQHandler                          0x08000217   Thumb Code     0  startup_stm32f10x_cl.o(.text)
    TIM7_IRQHandler                          0x08000217   Thumb Code     0  startup_stm32f10x_cl.o(.text)
    UART5_IRQHandler                         0x08000217   Thumb Code     0  startup_stm32f10x_cl.o(.text)
    USART1_IRQHandler                        0x08000217   Thumb Code     0  startup_stm32f10x_cl.o(.text)
    USART2_IRQHandler                        0x08000217   Thumb Code     0  startup_stm32f10x_cl.o(.text)
    USART3_IRQHandler                        0x08000217   Thumb Code     0  startup_stm32f10x_cl.o(.text)
    WWDG_IRQHandler                          0x08000217   Thumb Code     0  startup_stm32f10x_cl.o(.text)
    __aeabi_memcpy                           0x08000221   Thumb Code    36  memcpya.o(.text)
    __aeabi_memcpy4                          0x08000221   Thumb Code     0  memcpya.o(.text)
    __aeabi_memcpy8                          0x08000221   Thumb Code     0  memcpya.o(.text)
    __aeabi_fmul                             0x08000245   Thumb Code   100  fmul.o(.text)
    __aeabi_dmul                             0x080002a9   Thumb Code   228  dmul.o(.text)
    __aeabi_ddiv                             0x0800038d   Thumb Code   222  ddiv.o(.text)
    __aeabi_ui2d                             0x0800046b   Thumb Code    26  dfltui.o(.text)
    __aeabi_f2uiz                            0x08000485   Thumb Code    40  ffixui.o(.text)
    __aeabi_f2d                              0x080004ad   Thumb Code    38  f2d.o(.text)
    __aeabi_d2f                              0x080004d3   Thumb Code    56  d2f.o(.text)
    __aeabi_uidiv                            0x0800050b   Thumb Code     0  uidiv.o(.text)
    __aeabi_uidivmod                         0x0800050b   Thumb Code    44  uidiv.o(.text)
    __I$use$fp                               0x08000537   Thumb Code     0  iusefp.o(.text)
    _float_round                             0x08000537   Thumb Code    18  fepilogue.o(.text)
    _float_epilogue                          0x08000549   Thumb Code    92  fepilogue.o(.text)
    _double_round                            0x080005a5   Thumb Code    30  depilogue.o(.text)
    _double_epilogue                         0x080005c3   Thumb Code   156  depilogue.o(.text)
    __scatterload                            0x08000661   Thumb Code    28  init.o(.text)
    __scatterload_rt2                        0x08000661   Thumb Code     0  init.o(.text)
    __aeabi_llsl                             0x08000685   Thumb Code    30  llshl.o(.text)
    _ll_shift_l                              0x08000685   Thumb Code     0  llshl.o(.text)
    __aeabi_llsr                             0x080006a3   Thumb Code    32  llushr.o(.text)
    _ll_ushift_r                             0x080006a3   Thumb Code     0  llushr.o(.text)
    __decompress                             0x080006c3   Thumb Code     0  __dczerorl2.o(.text)
    __decompress1                            0x080006c3   Thumb Code    86  __dczerorl2.o(.text)
    ADC_Cmd                                  0x08000719   Thumb Code    22  stm32f10x_adc.o(i.ADC_Cmd)
    ADC_DMACmd                               0x0800072f   Thumb Code    22  stm32f10x_adc.o(i.ADC_DMACmd)
    ADC_DeInit                               0x08000745   Thumb Code    78  stm32f10x_adc.o(i.ADC_DeInit)
    ADC_GetCalibrationStatus                 0x080007a1   Thumb Code    20  stm32f10x_adc.o(i.ADC_GetCalibrationStatus)
    ADC_GetResetCalibrationStatus            0x080007b5   Thumb Code    20  stm32f10x_adc.o(i.ADC_GetResetCalibrationStatus)
    ADC_Init                                 0x080007c9   Thumb Code    70  stm32f10x_adc.o(i.ADC_Init)
    ADC_RegularChannelConfig                 0x08000819   Thumb Code   184  stm32f10x_adc.o(i.ADC_RegularChannelConfig)
    ADC_ResetCalibration                     0x080008d1   Thumb Code    10  stm32f10x_adc.o(i.ADC_ResetCalibration)
    ADC_SoftwareStartConvCmd                 0x080008db   Thumb Code    22  stm32f10x_adc.o(i.ADC_SoftwareStartConvCmd)
    ADC_StartCalibration                     0x080008f1   Thumb Code    10  stm32f10x_adc.o(i.ADC_StartCalibration)
    BusFault_Handler                         0x08000985   Thumb Code     4  stm32fxxx_it.o(i.BusFault_Handler)
    CAN1_Config                              0x08000989   Thumb Code   292  can.o(i.CAN1_Config)
    CAN1_RX0_IRQHandler                      0x08000ab9   Thumb Code    76  stm32fxxx_it.o(i.CAN1_RX0_IRQHandler)
    CAN2_Config                              0x08000b09   Thumb Code   272  can.o(i.CAN2_Config)
    CAN2_RX1_IRQHandler                      0x08000c25   Thumb Code   174  stm32fxxx_it.o(i.CAN2_RX1_IRQHandler)
    CAN_ClearITPendingBit                    0x08000cdd   Thumb Code   162  stm32f10x_can.o(i.CAN_ClearITPendingBit)
    CAN_DeInit                               0x08000d85   Thumb Code    50  stm32f10x_can.o(i.CAN_DeInit)
    CAN_FilterInit                           0x08000dbd   Thumb Code   258  stm32f10x_can.o(i.CAN_FilterInit)
    CAN_GetITStatus                          0x08000ec5   Thumb Code   284  stm32f10x_can.o(i.CAN_GetITStatus)
    CAN_ITConfig                             0x08000fe5   Thumb Code    18  stm32f10x_can.o(i.CAN_ITConfig)
    CAN_Init                                 0x08000ff7   Thumb Code   276  stm32f10x_can.o(i.CAN_Init)
    CAN_Receive                              0x0800110b   Thumb Code   240  stm32f10x_can.o(i.CAN_Receive)
    CAN_StructInit                           0x080011fb   Thumb Code    32  stm32f10x_can.o(i.CAN_StructInit)
    CAN_Transmit                             0x0800121b   Thumb Code   294  stm32f10x_can.o(i.CAN_Transmit)
    CheckFIFOByte                            0x08001341   Thumb Code    10  fifo8.o(i.CheckFIFOByte)
    DCD_EP_Close                             0x080013a5   Thumb Code    74  usb_dcd.o(i.DCD_EP_Close)
    DCD_EP_ClrStall                          0x080013ef   Thumb Code    72  usb_dcd.o(i.DCD_EP_ClrStall)
    DCD_EP_Open                              0x08001437   Thumb Code   104  usb_dcd.o(i.DCD_EP_Open)
    DCD_EP_PrepareRx                         0x0800149f   Thumb Code    82  usb_dcd.o(i.DCD_EP_PrepareRx)
    DCD_EP_SetAddress                        0x080014f1   Thumb Code    28  usb_dcd.o(i.DCD_EP_SetAddress)
    DCD_EP_Stall                             0x0800150d   Thumb Code    72  usb_dcd.o(i.DCD_EP_Stall)
    DCD_EP_Tx                                0x08001555   Thumb Code    78  usb_dcd.o(i.DCD_EP_Tx)
    DCD_Init                                 0x08001c59   Thumb Code   156  usb_dcd.o(i.DCD_Init)
    DMA_ClearFlag                            0x08001e79   Thumb Code    18  stm32f10x_dma.o(i.DMA_ClearFlag)
    DMA_Cmd                                  0x08001e95   Thumb Code    24  stm32f10x_dma.o(i.DMA_Cmd)
    DMA_DeInit                               0x08001ead   Thumb Code   324  stm32f10x_dma.o(i.DMA_DeInit)
    DMA_GetCurrDataCounter                   0x08001ff9   Thumb Code     8  stm32f10x_dma.o(i.DMA_GetCurrDataCounter)
    DMA_GetFlagStatus                        0x08002001   Thumb Code    36  stm32f10x_dma.o(i.DMA_GetFlagStatus)
    DMA_Init                                 0x0800202d   Thumb Code    60  stm32f10x_dma.o(i.DMA_Init)
    DeFIFO                                   0x08002069   Thumb Code    28  fifo8.o(i.DeFIFO)
    DebugMon_Handler                         0x08002085   Thumb Code     2  stm32fxxx_it.o(i.DebugMon_Handler)
    Driver_Init                              0x08002089   Thumb Code    40  driver.o(i.Driver_Init)
    EnFIFO                                   0x080020b5   Thumb Code    26  fifo8.o(i.EnFIFO)
    EnFIFOBuf                                0x080020cf   Thumb Code   132  fifo8.o(i.EnFIFOBuf)
    Execute_from_RAM                         0x08002155   Thumb Code    66  test.o(i.Execute_from_RAM)
    FIFOFreeLen                              0x080021a1   Thumb Code    18  fifo8.o(i.FIFOFreeLen)
    FIFOLen                                  0x080021b3   Thumb Code    34  fifo8.o(i.FIFOLen)
    FS_Programming                           0x080021d5   Thumb Code   148  test.o(i.FS_Programming)
    FirmCmdEnableRP                          0x080022cd   Thumb Code    44  firm.o(i.FirmCmdEnableRP)
    FirmCmdWrite                             0x08002495   Thumb Code   206  firm.o(i.FirmCmdWrite)
    FirmReady                                0x080025b1   Thumb Code    52  firm.o(i.FirmReady)
    FirmSendData                             0x0800262d   Thumb Code    66  test.o(i.FirmSendData)
    FirmTest                                 0x08002691   Thumb Code    90  firm.o(i.FirmTest)
    GPIO_Init                                0x08002849   Thumb Code   278  stm32f10x_gpio.o(i.GPIO_Init)
    GPIO_PinRemapConfig                      0x08002961   Thumb Code   138  stm32f10x_gpio.o(i.GPIO_PinRemapConfig)
    GPIO_ResetBits                           0x080029f1   Thumb Code     4  stm32f10x_gpio.o(i.GPIO_ResetBits)
    GPIO_SetBits                             0x080029f5   Thumb Code     4  stm32f10x_gpio.o(i.GPIO_SetBits)
    GetCrc32                                 0x080029f9   Thumb Code    44  crc32.o(i.GetCrc32)
    GetMainBoard_State                       0x08002a29   Thumb Code     6  test.o(i.GetMainBoard_State)
    GetTestStage                             0x08002a35   Thumb Code     6  test.o(i.GetTestStage)
    Get_SFLASH_Storage_Info                  0x08002a41   Thumb Code    80  test.o(i.Get_SFLASH_Storage_Info)
    Get_SRAM_Storage_Info                    0x08002abd   Thumb Code    80  test.o(i.Get_SRAM_Storage_Info)
    HardFault_Handler                        0x08002c49   Thumb Code     4  stm32fxxx_it.o(i.HardFault_Handler)
    InitADC                                  0x08002c4d   Thumb Code   270  adc.o(i.InitADC)
    InitFIFO                                 0x08002e19   Thumb Code    12  fifo8.o(i.InitFIFO)
    InitTestVar                              0x08002e25   Thumb Code    42  test.o(i.InitTestVar)
    InitUsbVar                               0x08002e65   Thumb Code    42  usb_comm.o(i.InitUsbVar)
    MUX_UART_to_the_Network_Processor        0x080030b1   Thumb Code   262  test.o(i.MUX_UART_to_the_Network_Processor)
    MemManage_Handler                        0x080031c9   Thumb Code     4  stm32fxxx_it.o(i.MemManage_Handler)
    NMI_Handler                              0x08003389   Thumb Code     2  stm32fxxx_it.o(i.NMI_Handler)
    NVIC_Init                                0x08003421   Thumb Code   100  misc.o(i.NVIC_Init)
    NVIC_PriorityGroupConfig                 0x08003491   Thumb Code    10  misc.o(i.NVIC_PriorityGroupConfig)
    OTG_FS_IRQHandler                        0x080034a5   Thumb Code    10  stm32fxxx_it.o(i.OTG_FS_IRQHandler)
    RCC_ADCCLKConfig                         0x080034b5   Thumb Code    18  stm32f10x_rcc.o(i.RCC_ADCCLKConfig)
    RCC_AHBPeriphClockCmd                    0x080034cd   Thumb Code    26  stm32f10x_rcc.o(i.RCC_AHBPeriphClockCmd)
    RCC_APB1PeriphClockCmd                   0x080034ed   Thumb Code    26  stm32f10x_rcc.o(i.RCC_APB1PeriphClockCmd)
    RCC_APB1PeriphResetCmd                   0x0800350d   Thumb Code    26  stm32f10x_rcc.o(i.RCC_APB1PeriphResetCmd)
    RCC_APB2PeriphClockCmd                   0x0800352d   Thumb Code    26  stm32f10x_rcc.o(i.RCC_APB2PeriphClockCmd)
    RCC_APB2PeriphResetCmd                   0x0800354d   Thumb Code    26  stm32f10x_rcc.o(i.RCC_APB2PeriphResetCmd)
    RCC_GetClocksFreq                        0x0800356d   Thumb Code   374  stm32f10x_rcc.o(i.RCC_GetClocksFreq)
    RCC_OTGFSCLKConfig                       0x080036fd   Thumb Code     6  stm32f10x_rcc.o(i.RCC_OTGFSCLKConfig)
    Raw_Storage_Erase_SFLASH                 0x08003709   Thumb Code   120  test.o(i.Raw_Storage_Erase_SFLASH)
    Raw_Storage_Erase_SRAM                   0x080037b5   Thumb Code   110  test.o(i.Raw_Storage_Erase_SRAM)
    Raw_Storage_Write_SFLASH                 0x08003859   Thumb Code   242  test.o(i.Raw_Storage_Write_SFLASH)
    Raw_Storage_Write_SRAM                   0x08003985   Thumb Code   240  test.o(i.Raw_Storage_Write_SRAM)
    RcvFirmFrameFromUart                     0x08003aad   Thumb Code    48  test.o(i.RcvFirmFrameFromUart)
    RcvFrameFromUsb                          0x08003d6f   Thumb Code   182  usb_comm.o(i.RcvFrameFromUsb)
    RcvWIFI_FirmFrameFromUart                0x08003e25   Thumb Code    52  test.o(i.RcvWIFI_FirmFrameFromUart)
    ReadADC                                  0x08003e59   Thumb Code   186  adc.o(i.ReadADC)
    ReadINA226                               0x08003f39   Thumb Code   234  ina226.o(i.ReadINA226)
    ReinitFIFO                               0x08004065   Thumb Code     8  fifo8.o(i.ReinitFIFO)
    SendFrame                                0x0800406d   Thumb Code    78  usb_comm.o(i.SendFrame)
    SystemCoreClockUpdate                    0x080041f5   Thumb Code   232  system_stm32f10x.o(i.SystemCoreClockUpdate)
    SystemInit                               0x080042f5   Thumb Code    92  system_stm32f10x.o(i.SystemInit)
    TIM2_IRQHandler                          0x08004361   Thumb Code    22  stm32fxxx_it.o(i.TIM2_IRQHandler)
    TIM_ClearFlag                            0x08004377   Thumb Code     6  stm32f10x_tim.o(i.TIM_ClearFlag)
    TIM_ClearITPendingBit                    0x0800437d   Thumb Code     6  stm32f10x_tim.o(i.TIM_ClearITPendingBit)
    TIM_Cmd                                  0x08004383   Thumb Code    24  stm32f10x_tim.o(i.TIM_Cmd)
    TIM_DeInit                               0x0800439d   Thumb Code   424  stm32f10x_tim.o(i.TIM_DeInit)
    TIM_GetITStatus                          0x08004585   Thumb Code    34  stm32f10x_tim.o(i.TIM_GetITStatus)
    TIM_ITConfig                             0x080045a7   Thumb Code    18  stm32f10x_tim.o(i.TIM_ITConfig)
    TIM_TimeBaseInit                         0x080045b9   Thumb Code   122  stm32f10x_tim.o(i.TIM_TimeBaseInit)
    Trace                                    0x08005641   Thumb Code    74  trace.o(i.Trace)
    TraceStr                                 0x080056a9   Thumb Code    66  trace.o(i.TraceStr)
    UART4_IRQHandler                         0x080056f5   Thumb Code    62  stm32fxxx_it.o(i.UART4_IRQHandler)
    USART_ClearFlag                          0x08005745   Thumb Code     6  stm32f10x_usart.o(i.USART_ClearFlag)
    USART_Cmd                                0x0800574b   Thumb Code    24  stm32f10x_usart.o(i.USART_Cmd)
    USART_DMACmd                             0x08005763   Thumb Code    18  stm32f10x_usart.o(i.USART_DMACmd)
    USART_DeInit                             0x08005775   Thumb Code   134  stm32f10x_usart.o(i.USART_DeInit)
    USART_GetITStatus                        0x08005811   Thumb Code    76  stm32f10x_usart.o(i.USART_GetITStatus)
    USART_ITConfig                           0x0800585d   Thumb Code    64  stm32f10x_usart.o(i.USART_ITConfig)
    USART_Init                               0x0800589d   Thumb Code   204  stm32f10x_usart.o(i.USART_Init)
    USART_ReceiveData                        0x0800596d   Thumb Code    10  stm32f10x_usart.o(i.USART_ReceiveData)
    USBD_ClrCfg                              0x08005977   Thumb Code    22  usbd_core.o(i.USBD_ClrCfg)
    USBD_CtlContinueRx                       0x080059d5   Thumb Code    30  usbd_ioreq.o(i.USBD_CtlContinueRx)
    USBD_CtlContinueSendData                 0x080059f3   Thumb Code    30  usbd_ioreq.o(i.USBD_CtlContinueSendData)
    USBD_CtlError                            0x08005a11   Thumb Code    30  usbd_req.o(i.USBD_CtlError)
    USBD_CtlPrepareRx                        0x08005a2f   Thumb Code    46  usbd_ioreq.o(i.USBD_CtlPrepareRx)
    USBD_CtlReceiveStatus                    0x08005a5d   Thumb Code    36  usbd_ioreq.o(i.USBD_CtlReceiveStatus)
    USBD_CtlSendData                         0x08005a81   Thumb Code    46  usbd_ioreq.o(i.USBD_CtlSendData)
    USBD_CtlSendStatus                       0x08005aaf   Thumb Code    36  usbd_ioreq.o(i.USBD_CtlSendStatus)
    USBD_DeInit                              0x08005c51   Thumb Code     6  usbd_core.o(i.USBD_DeInit)
    USBD_GetString                           0x08005e61   Thumb Code    82  usbd_req.o(i.USBD_GetString)
    USBD_Init                                0x08005eb3   Thumb Code    66  usbd_core.o(i.USBD_Init)
    USBD_OTG_ISR_Handler                     0x08005f19   Thumb Code   256  usb_dcd_int.o(i.USBD_OTG_ISR_Handler)
    USBD_ParseSetupRequest                   0x08006019   Thumb Code    72  usbd_req.o(i.USBD_ParseSetupRequest)
    USBD_SetCfg                              0x0800613b   Thumb Code    30  usbd_core.o(i.USBD_SetCfg)
    USBD_StdDevReq                           0x0800632d   Thumb Code   114  usbd_req.o(i.USBD_StdDevReq)
    USBD_StdEPReq                            0x080063a1   Thumb Code   370  usbd_req.o(i.USBD_StdEPReq)
    USBD_StdItfReq                           0x08006519   Thumb Code    76  usbd_req.o(i.USBD_StdItfReq)
    USBD_USR_ConfigStrDescriptor             0x08006585   Thumb Code    34  usbd_desc.o(i.USBD_USR_ConfigStrDescriptor)
    USBD_USR_DeviceConfigured                0x080065b9   Thumb Code     2  usbd_usr.o(i.USBD_USR_DeviceConfigured)
    USBD_USR_DeviceConnected                 0x080065bb   Thumb Code     2  usbd_usr.o(i.USBD_USR_DeviceConnected)
    USBD_USR_DeviceDescriptor                0x080065bd   Thumb Code    10  usbd_desc.o(i.USBD_USR_DeviceDescriptor)
    USBD_USR_DeviceDisconnected              0x080065cd   Thumb Code     2  usbd_usr.o(i.USBD_USR_DeviceDisconnected)
    USBD_USR_DeviceReset                     0x080065cf   Thumb Code    18  usbd_usr.o(i.USBD_USR_DeviceReset)
    USBD_USR_DeviceResumed                   0x080065e1   Thumb Code     2  usbd_usr.o(i.USBD_USR_DeviceResumed)
    USBD_USR_DeviceSuspended                 0x080065e3   Thumb Code     2  usbd_usr.o(i.USBD_USR_DeviceSuspended)
    USBD_USR_Init                            0x080065e5   Thumb Code     2  usbd_usr.o(i.USBD_USR_Init)
    USBD_USR_InterfaceStrDescriptor          0x080065e9   Thumb Code    34  usbd_desc.o(i.USBD_USR_InterfaceStrDescriptor)
    USBD_USR_LangIDStrDescriptor             0x08006621   Thumb Code    10  usbd_desc.o(i.USBD_USR_LangIDStrDescriptor)
    USBD_USR_ManufacturerStrDescriptor       0x08006631   Thumb Code    20  usbd_desc.o(i.USBD_USR_ManufacturerStrDescriptor)
    USBD_USR_ProductStrDescriptor            0x0800665d   Thumb Code    34  usbd_desc.o(i.USBD_USR_ProductStrDescriptor)
    USBD_USR_SerialStrDescriptor             0x080066cd   Thumb Code    18  usbd_desc.o(i.USBD_USR_SerialStrDescriptor)
    USB_OTG_BSP_EnableInterrupt              0x080066f5   Thumb Code     2  usb_bsp.o(i.USB_OTG_BSP_EnableInterrupt)
    USB_OTG_BSP_Init                         0x080066f7   Thumb Code    20  usb_bsp.o(i.USB_OTG_BSP_Init)
    USB_OTG_BSP_mDelay                       0x0800670b   Thumb Code    18  usb_bsp.o(i.USB_OTG_BSP_mDelay)
    USB_OTG_BSP_uDelay                       0x0800671d   Thumb Code    30  usb_bsp.o(i.USB_OTG_BSP_uDelay)
    USB_OTG_CoreInit                         0x0800673b   Thumb Code   282  usb_core.o(i.USB_OTG_CoreInit)
    USB_OTG_CoreInitDev                      0x08006855   Thumb Code   526  usb_core.o(i.USB_OTG_CoreInitDev)
    USB_OTG_DisableGlobalInt                 0x08006ad5   Thumb Code    34  usb_core.o(i.USB_OTG_DisableGlobalInt)
    USB_OTG_EP0Activate                      0x08006af7   Thumb Code   116  usb_core.o(i.USB_OTG_EP0Activate)
    USB_OTG_EP0StartXfer                     0x08006b6b   Thumb Code   342  usb_core.o(i.USB_OTG_EP0StartXfer)
    USB_OTG_EP0_OutStart                     0x08006cc1   Thumb Code    98  usb_core.o(i.USB_OTG_EP0_OutStart)
    USB_OTG_EPActivate                       0x08006d23   Thumb Code   152  usb_core.o(i.USB_OTG_EPActivate)
    USB_OTG_EPClearStall                     0x08006dbb   Thumb Code    80  usb_core.o(i.USB_OTG_EPClearStall)
    USB_OTG_EPDeactivate                     0x08006e0b   Thumb Code    94  usb_core.o(i.USB_OTG_EPDeactivate)
    USB_OTG_EPSetStall                       0x08006e69   Thumb Code   100  usb_core.o(i.USB_OTG_EPSetStall)
    USB_OTG_EPStartXfer                      0x08006ecd   Thumb Code   510  usb_core.o(i.USB_OTG_EPStartXfer)
    USB_OTG_EnableDevInt                     0x080070ff   Thumb Code   176  usb_core.o(i.USB_OTG_EnableDevInt)
    USB_OTG_EnableGlobalInt                  0x080071af   Thumb Code    34  usb_core.o(i.USB_OTG_EnableGlobalInt)
    USB_OTG_FlushRxFifo                      0x080071d1   Thumb Code    70  usb_core.o(i.USB_OTG_FlushRxFifo)
    USB_OTG_FlushTxFifo                      0x0800721d   Thumb Code    80  usb_core.o(i.USB_OTG_FlushTxFifo)
    USB_OTG_GetDeviceSpeed                   0x08007271   Thumb Code    56  usb_core.o(i.USB_OTG_GetDeviceSpeed)
    USB_OTG_GetMode                          0x080072a9   Thumb Code    12  usb_core.o(i.USB_OTG_GetMode)
    USB_OTG_InitDevSpeed                     0x080072b5   Thumb Code    24  usb_core.o(i.USB_OTG_InitDevSpeed)
    USB_OTG_IsDeviceMode                     0x080072cd   Thumb Code    22  usb_core.o(i.USB_OTG_IsDeviceMode)
    USB_OTG_ReadCoreItr                      0x080072e3   Thumb Code    16  usb_core.o(i.USB_OTG_ReadCoreItr)
    USB_OTG_ReadDevAllInEPItr                0x080072f3   Thumb Code    16  usb_core.o(i.USB_OTG_ReadDevAllInEPItr)
    USB_OTG_ReadDevAllOutEp_itr              0x08007303   Thumb Code    16  usb_core.o(i.USB_OTG_ReadDevAllOutEp_itr)
    USB_OTG_ReadDevOutEP_itr                 0x08007313   Thumb Code    20  usb_core.o(i.USB_OTG_ReadDevOutEP_itr)
    USB_OTG_ReadPacket                       0x08007327   Thumb Code    40  usb_core.o(i.USB_OTG_ReadPacket)
    USB_OTG_SelectCore                       0x08007351   Thumb Code   204  usb_core.o(i.USB_OTG_SelectCore)
    USB_OTG_SetCurrentMode                   0x08007421   Thumb Code    78  usb_core.o(i.USB_OTG_SetCurrentMode)
    USB_OTG_WritePacket                      0x0800746f   Thumb Code    64  usb_core.o(i.USB_OTG_WritePacket)
    UsageFault_Handler                       0x08007545   Thumb Code     4  stm32fxxx_it.o(i.UsageFault_Handler)
    WIFI_Product_Restart                     0x08007d71   Thumb Code    90  test.o(i.WIFI_Product_Restart)
    WIFI_TestBoard_Power                     0x08007de9   Thumb Code    90  test.o(i.WIFI_TestBoard_Power)
    WIFI_TestBoard_Restart                   0x08007e49   Thumb Code   158  test.o(i.WIFI_TestBoard_Restart)
    WriteData                                0x08007f09   Thumb Code   154  test.o(i.WriteData)
    __0sprintf$6                             0x08008071   Thumb Code    34  printf6.o(i.__0sprintf$6)
    __1sprintf$6                             0x08008071   Thumb Code     0  printf6.o(i.__0sprintf$6)
    __2sprintf                               0x08008071   Thumb Code     0  printf6.o(i.__0sprintf$6)
    __scatterload_copy                       0x08008099   Thumb Code    14  handlers.o(i.__scatterload_copy)
    __scatterload_null                       0x080080a7   Thumb Code     2  handlers.o(i.__scatterload_null)
    __scatterload_zeroinit                   0x080080a9   Thumb Code    14  handlers.o(i.__scatterload_zeroinit)
    can_send                                 0x08008561   Thumb Code   198  can.o(i.can_send)
    can_task                                 0x08008639   Thumb Code    36  can.o(i.can_task)
    checkForTestACK                          0x08008661   Thumb Code   542  test.o(i.checkForTestACK)
    download_WIFI_Erase_Flash                0x08008889   Thumb Code    62  test.o(i.download_WIFI_Erase_Flash)
    download_WIFI_Erase_Sram                 0x08008931   Thumb Code    62  test.o(i.download_WIFI_Erase_Sram)
    download_WIFI_Write_FS                   0x080089d9   Thumb Code    12  test.o(i.download_WIFI_Write_FS)
    download_WIFI_Write_Flash_Patch          0x080089e5   Thumb Code    42  test.o(i.download_WIFI_Write_Flash_Patch)
    download_WIFI_Write_Sram_Patch           0x08008a4d   Thumb Code   102  test.o(i.download_WIFI_Write_Sram_Patch)
    download_WIFI_connect                    0x08008b4d   Thumb Code    88  test.o(i.download_WIFI_connect)
    drv_boot_high                            0x08008c41   Thumb Code    38  driver.o(i.drv_boot_high)
    drv_boot_low                             0x08008c6d   Thumb Code    38  driver.o(i.drv_boot_low)
    drv_comm_uart_init                       0x08008c99   Thumb Code   314  driver.o(i.drv_comm_uart_init)
    drv_comm_uart_init_ChangeSetting         0x08008de5   Thumb Code   304  driver.o(i.drv_comm_uart_init_ChangeSetting)
    drv_delayms                              0x08008f25   Thumb Code    24  driver.o(i.drv_delayms)
    drv_delayus                              0x08008f3d   Thumb Code    22  driver.o(i.drv_delayus)
    drv_power_off                            0x08008f55   Thumb Code    14  driver.o(i.drv_power_off)
    drv_power_on                             0x08008f69   Thumb Code    14  driver.o(i.drv_power_on)
    drv_trace_uart_init                      0x08008fd5   Thumb Code   194  driver.o(i.drv_trace_uart_init)
    drv_wifiTest_uart_init                   0x080090a5   Thumb Code   248  driver.o(i.drv_wifiTest_uart_init)
    free                                     0x080091a9   Thumb Code    76  malloc.o(i.free)
    init_INA226_normal                       0x08009305   Thumb Code   122  ina226.o(i.init_INA226_normal)
    main                                     0x08009439   Thumb Code   110  main.o(i.main)
    malloc                                   0x08009505   Thumb Code    92  malloc.o(i.malloc)
    pvPortMalloc                             0x08009a01   Thumb Code    30  heap_3.o(i.pvPortMalloc)
    pxPortInitialiseStack                    0x08009a21   Thumb Code    30  port.o(i.pxPortInitialiseStack)
    sendTestCMD                              0x08009a45   Thumb Code   162  test.o(i.sendTestCMD)
    soft_i2c_read                            0x08009af1   Thumb Code   156  soft_i2c.o(i.soft_i2c_read)
    soft_i2c_write                           0x08009b8d   Thumb Code   116  soft_i2c.o(i.soft_i2c_write)
    target_connection                        0x08009c01   Thumb Code   174  test.o(i.target_connection)
    target_detection                         0x08009cc1   Thumb Code    32  test.o(i.target_detection)
    test_task                                0x08009ce9   Thumb Code   116  test.o(i.test_task)
    usb_comm_task                            0x08009e4d   Thumb Code    80  usb_comm.o(i.usb_comm_task)
    usbd_cdc_DataIn                          0x08009ec5   Thumb Code   160  usbd_cdc_core.o(i.usbd_cdc_DataIn)
    usbd_cdc_DataOut                         0x08009f75   Thumb Code    48  usbd_cdc_core.o(i.usbd_cdc_DataOut)
    usbd_cdc_DeInit                          0x08009fad   Thumb Code    40  usbd_cdc_core.o(i.usbd_cdc_DeInit)
    usbd_cdc_EP0_RxReady                     0x08009fd9   Thumb Code    38  usbd_cdc_core.o(i.usbd_cdc_EP0_RxReady)
    usbd_cdc_Init                            0x0800a011   Thumb Code    74  usbd_cdc_core.o(i.usbd_cdc_Init)
    usbd_cdc_SOF                             0x0800a069   Thumb Code    36  usbd_cdc_core.o(i.usbd_cdc_SOF)
    usbd_cdc_Setup                           0x0800a091   Thumb Code   180  usbd_cdc_core.o(i.usbd_cdc_Setup)
    uxListRemove                             0x0800a159   Thumb Code    40  list.o(i.uxListRemove)
    vApplicationMallocFailedHook             0x0800a181   Thumb Code     2  main.o(i.vApplicationMallocFailedHook)
    vListInitialise                          0x0800a183   Thumb Code    26  list.o(i.vListInitialise)
    vListInitialiseItem                      0x0800a19d   Thumb Code     6  list.o(i.vListInitialiseItem)
    vListInsert                              0x0800a1a3   Thumb Code    52  list.o(i.vListInsert)
    vListInsertEnd                           0x0800a1d7   Thumb Code    24  list.o(i.vListInsertEnd)
    vPortEnterCritical                       0x0800a1f1   Thumb Code    30  port.o(i.vPortEnterCritical)
    vPortExitCritical                        0x0800a215   Thumb Code    28  port.o(i.vPortExitCritical)
    vPortFree                                0x0800a235   Thumb Code    22  heap_3.o(i.vPortFree)
    vPortSetupTimerInterrupt                 0x0800a24d   Thumb Code    14  port.o(i.vPortSetupTimerInterrupt)
    vTaskDelay                               0x0800a261   Thumb Code    46  tasks.o(i.vTaskDelay)
    vTaskMissedYield                         0x0800a295   Thumb Code     8  tasks.o(i.vTaskMissedYield)
    vTaskPlaceOnEventList                    0x0800a2a1   Thumb Code    28  tasks.o(i.vTaskPlaceOnEventList)
    vTaskSetTimeOutState                     0x0800a2c1   Thumb Code    14  tasks.o(i.vTaskSetTimeOutState)
    vTaskStartScheduler                      0x0800a2d9   Thumb Code    72  tasks.o(i.vTaskStartScheduler)
    vTaskSuspendAll                          0x0800a33d   Thumb Code    12  tasks.o(i.vTaskSuspendAll)
    vTaskSwitchContext                       0x0800a34d   Thumb Code    76  tasks.o(i.vTaskSwitchContext)
    waitForACK                               0x0800a3ad   Thumb Code   152  test.o(i.waitForACK)
    waitForLastStatus                        0x0800a469   Thumb Code    80  test.o(i.waitForLastStatus)
    waitForStatusOK                          0x0800a4c1   Thumb Code    54  test.o(i.waitForStatusOK)
    wifi_go_to_bootloader                    0x0800a501   Thumb Code   178  test.o(i.wifi_go_to_bootloader)
    xPortStartScheduler                      0x0800a99d   Thumb Code    42  port.o(i.xPortStartScheduler)
    xPortSysTickHandler                      0x0800a9d1   Thumb Code    46  port.o(i.xPortSysTickHandler)
    xQueueGenericCreate                      0x0800aa05   Thumb Code    56  queue.o(i.xQueueGenericCreate)
    xQueueGenericReceive                     0x0800aa3d   Thumb Code   312  queue.o(i.xQueueGenericReceive)
    xQueueGenericReset                       0x0800ab79   Thumb Code   122  queue.o(i.xQueueGenericReset)
    xQueueGenericSend                        0x0800abf9   Thumb Code   276  queue.o(i.xQueueGenericSend)
    xTaskCheckForTimeOut                     0x0800ad11   Thumb Code    84  tasks.o(i.xTaskCheckForTimeOut)
    xTaskCreate                              0x0800ad6d   Thumb Code    96  tasks.o(i.xTaskCreate)
    xTaskGetTickCount                        0x0800adcd   Thumb Code     6  tasks.o(i.xTaskGetTickCount)
    xTaskIncrementTick                       0x0800add9   Thumb Code   238  tasks.o(i.xTaskIncrementTick)
    xTaskRemoveFromEventList                 0x0800aef5   Thumb Code   104  tasks.o(i.xTaskRemoveFromEventList)
    xTaskResumeAll                           0x0800af75   Thumb Code   196  tasks.o(i.xTaskResumeAll)
    crc_table                                0x0800b05c   Data        1024  crc32.o(.constdata)
    Region$$Table$$Base                      0x0800b46c   Number         0  anon$$obj.o(Region$$Table)
    Region$$Table$$Limit                     0x0800b48c   Number         0  anon$$obj.o(Region$$Table)
    CmdBuff                                  0x20000004   Data           8  usbd_cdc_core.o(.data)
    APP_Tx_ptr_in                            0x2000000c   Data           4  usbd_cdc_core.o(.data)
    APP_Tx_ptr_out                           0x20000010   Data           4  usbd_cdc_core.o(.data)
    APP_Tx_length                            0x20000014   Data           4  usbd_cdc_core.o(.data)
    USB_Tx_State                             0x20000018   Data           1  usbd_cdc_core.o(.data)
    USBD_CDC_cb                              0x20000024   Data          44  usbd_cdc_core.o(.data)
    usbd_cdc_CfgDesc                         0x20000050   Data          67  usbd_cdc_core.o(.data)
    USBD_ep_status                           0x20000098   Data           4  usbd_req.o(.data)
    USBD_default_cfg                         0x2000009c   Data           4  usbd_req.o(.data)
    USBD_cfg_status                          0x200000a0   Data           4  usbd_req.o(.data)
    SET_TEST_MODE                            0x200000a8   Data           4  usbd_core.o(.data)
    USBD_DCD_INT_cb                          0x200000ac   Data          44  usbd_core.o(.data)
    USBD_DCD_INT_fops                        0x200000d8   Data           4  usbd_core.o(.data)
    can_sensor_flag                          0x200000dc   Data           1  stm32fxxx_it.o(.data)
    SystemCoreClock                          0x200000e4   Data           4  system_stm32f10x.o(.data)
    AHBPrescTable                            0x200000e8   Data          16  system_stm32f10x.o(.data)
    linecoding                               0x200000f8   Data           8  usbd_cdc_vcp.o(.data)
    VCP_fops                                 0x20000100   Data          20  usbd_cdc_vcp.o(.data)
    USR_desc                                 0x20000114   Data          28  usbd_desc.o(.data)
    USBD_DeviceDesc                          0x20000130   Data          18  usbd_desc.o(.data)
    USBD_DeviceQualifierDesc                 0x20000142   Data          10  usbd_desc.o(.data)
    USBD_LangIDDesc                          0x2000014c   Data           4  usbd_desc.o(.data)
    USBD_StringSerial                        0x20000150   Data          26  usbd_desc.o(.data)
    USR_cb                                   0x2000016c   Data          28  usbd_usr.o(.data)
    can_send_flag                            0x20000188   Data           1  can.o(.data)
    can_para_500k                            0x2000018c   Data           8  main.o(.data)
    can_para_100k                            0x20000194   Data           8  main.o(.data)
    ratio                                    0x2000019c   Data          36  adc.o(.data)
    g_check_usb_comm_msg_flag                0x200001c4   Data           1  usb_comm.o(.data)
    Usb_Queue                                0x200001c8   Data           4  usb_comm.o(.data)
    Current0                                 0x200001cc   Data           2  test.o(.data)
    Current1                                 0x200001ce   Data           2  test.o(.data)
    Test_Queue                               0x200001d0   Data           4  test.o(.data)
    g_check_uart_comm_msg_flag               0x200001d4   Data           1  test.o(.data)
    test_stage                               0x200001d5   Data           1  test.o(.data)
    MAINBOARD_STATE                          0x200001d6   Data           1  test.o(.data)
    write_count                              0x200001dc   Data           4  test.o(.data)
    MCU_CODE_Length                          0x200001e8   Data           4  test.o(.data)
    receivedFileLength                       0x200001ec   Data           4  test.o(.data)
    baseaddr                                 0x200001f0   Data           4  test.o(.data)
    crc_value                                0x200001f4   Data           4  test.o(.data)
    return_len                               0x200001f8   Data           4  test.o(.data)
    block_size                               0x2000024e   Data           2  test.o(.data)
    block_num                                0x20000250   Data           4  test.o(.data)
    flashOffset                              0x20000258   Data           4  test.o(.data)
    writeBytes                               0x2000025c   Data           4  test.o(.data)
    FirmRcvLen                               0x20000270   Data           4  firm.o(.data)
    pxCurrentTCB                             0x20000288   Data           4  tasks.o(.data)
    __microlib_freelist                      0x200002c8   Data           4  mvars.o(.data)
    __microlib_freelist_initialised          0x200002cc   Data           4  mvars.o(.data)
    usbd_cdc_OtherCfgDesc                    0x200002d0   Data          67  usbd_cdc_core.o(.bss)
    USB_Rx_Buffer                            0x20000313   Data          64  usbd_cdc_core.o(.bss)
    USBD_StrDesc                             0x20000353   Data         255  usbd_desc.o(.bss)
    USB_OTG_dev                              0x20000454   Data        1524  main.o(.bss)
    MeasPara                                 0x20000a48   Data          52  adc.o(.bss)
    strbuf                                   0x20000b9c   Data         128  adc.o(.bss)
    APP_Tx_Buffer                            0x20001048   Data        2048  usb_comm.o(.bss)
    APP_Rx_Buffer                            0x20001848   Data        5120  usb_comm.o(.bss)
    UsbTxFifo                                0x20002c48   Data          16  usb_comm.o(.bss)
    UsbRxFifo                                0x20002c58   Data          16  usb_comm.o(.bss)
    UartRxFifo                               0x20004068   Data          16  test.o(.bss)
    UartWifiTestRXFIFO                       0x20004078   Data          16  test.o(.bss)
    WifiTestRxBuf                            0x20004088   Data        2248  test.o(.bss)
    comm_uart_rx_buffer                      0x20004950   Data        2248  test.o(.bss)
    comm_uart_tx_buffer                      0x20005218   Data        2248  test.o(.bss)
    UartRcvFrameBuffer                       0x20005ae0   Data        1088  test.o(.bss)
    board_reply                              0x20005f20   Data          44  test.o(.bss)
    CommBuf                                  0x200073b0   Data         512  firm.o(.bss)
    __heap_base                              0x200076b8   Data           0  startup_stm32f10x_cl.o(HEAP)
    __heap_limit                             0x2000f6b8   Data           0  startup_stm32f10x_cl.o(HEAP)
    __initial_sp                             0x2000feb8   Data           0  startup_stm32f10x_cl.o(STACK)



==============================================================================

Memory Map of the image

  Image Entry point : 0x08000151

  Load Region LR_IROM1 (Base: 0x08000000, Size: 0x0000b75c, Max: 0x00020000, ABSOLUTE, COMPRESSED[0x0000b5fc])

    Execution Region ER_IROM1 (Base: 0x08000000, Size: 0x0000b48c, Max: 0x00014000, ABSOLUTE)

    Base Addr    Size         Type   Attr      Idx    E Section Name        Object

    0x08000000   0x00000150   Data   RO         1077    RESET               startup_stm32f10x_cl.o
    0x08000150   0x00000000   Code   RO         6505  * .ARM.Collect$$$$00000000  mc_w.l(entry.o)
    0x08000150   0x00000004   Code   RO         6815    .ARM.Collect$$$$00000001  mc_w.l(entry2.o)
    0x08000154   0x00000004   Code   RO         6818    .ARM.Collect$$$$00000004  mc_w.l(entry5.o)
    0x08000158   0x00000000   Code   RO         6820    .ARM.Collect$$$$00000008  mc_w.l(entry7b.o)
    0x08000158   0x00000000   Code   RO         6822    .ARM.Collect$$$$0000000A  mc_w.l(entry8b.o)
    0x08000158   0x00000008   Code   RO         6823    .ARM.Collect$$$$0000000B  mc_w.l(entry9a.o)
    0x08000160   0x00000000   Code   RO         6825    .ARM.Collect$$$$0000000D  mc_w.l(entry10a.o)
    0x08000160   0x00000000   Code   RO         6827    .ARM.Collect$$$$0000000F  mc_w.l(entry11a.o)
    0x08000160   0x00000004   Code   RO         6816    .ARM.Collect$$$$00002712  mc_w.l(entry2.o)
    0x08000164   0x00000096   Code   RO         6410    .emb_text           port.o
    0x080001fa   0x00000002   PAD
    0x080001fc   0x00000024   Code   RO         1078    .text               startup_stm32f10x_cl.o
    0x08000220   0x00000024   Code   RO         6508    .text               mc_w.l(memcpya.o)
    0x08000244   0x00000064   Code   RO         6801    .text               mf_w.l(fmul.o)
    0x080002a8   0x000000e4   Code   RO         6803    .text               mf_w.l(dmul.o)
    0x0800038c   0x000000de   Code   RO         6805    .text               mf_w.l(ddiv.o)
    0x0800046a   0x0000001a   Code   RO         6807    .text               mf_w.l(dfltui.o)
    0x08000484   0x00000028   Code   RO         6809    .text               mf_w.l(ffixui.o)
    0x080004ac   0x00000026   Code   RO         6811    .text               mf_w.l(f2d.o)
    0x080004d2   0x00000038   Code   RO         6813    .text               mf_w.l(d2f.o)
    0x0800050a   0x0000002c   Code   RO         6832    .text               mc_w.l(uidiv.o)
    0x08000536   0x00000000   Code   RO         6838    .text               mc_w.l(iusefp.o)
    0x08000536   0x0000006e   Code   RO         6839    .text               mf_w.l(fepilogue.o)
    0x080005a4   0x000000ba   Code   RO         6841    .text               mf_w.l(depilogue.o)
    0x0800065e   0x00000002   PAD
    0x08000660   0x00000024   Code   RO         6849    .text               mc_w.l(init.o)
    0x08000684   0x0000001e   Code   RO         6852    .text               mc_w.l(llshl.o)
    0x080006a2   0x00000020   Code   RO         6854    .text               mc_w.l(llushr.o)
    0x080006c2   0x00000056   Code   RO         6867    .text               mc_w.l(__dczerorl2.o)
    0x08000718   0x00000016   Code   RO         2659    i.ADC_Cmd           stm32f10x_adc.o
    0x0800072e   0x00000016   Code   RO         2660    i.ADC_DMACmd        stm32f10x_adc.o
    0x08000744   0x0000005c   Code   RO         2661    i.ADC_DeInit        stm32f10x_adc.o
    0x080007a0   0x00000014   Code   RO         2667    i.ADC_GetCalibrationStatus  stm32f10x_adc.o
    0x080007b4   0x00000014   Code   RO         2673    i.ADC_GetResetCalibrationStatus  stm32f10x_adc.o
    0x080007c8   0x00000050   Code   RO         2677    i.ADC_Init          stm32f10x_adc.o
    0x08000818   0x000000b8   Code   RO         2681    i.ADC_RegularChannelConfig  stm32f10x_adc.o
    0x080008d0   0x0000000a   Code   RO         2682    i.ADC_ResetCalibration  stm32f10x_adc.o
    0x080008da   0x00000016   Code   RO         2684    i.ADC_SoftwareStartConvCmd  stm32f10x_adc.o
    0x080008f0   0x0000000a   Code   RO         2686    i.ADC_StartCalibration  stm32f10x_adc.o
    0x080008fa   0x00000002   PAD
    0x080008fc   0x00000038   Code   RO         2027    i.BootNoCan         test.o
    0x08000934   0x00000050   Code   RO         2028    i.BootNormal        test.o
    0x08000984   0x00000004   Code   RO          968    i.BusFault_Handler  stm32fxxx_it.o
    0x08000988   0x00000130   Code   RO         1482    i.CAN1_Config       can.o
    0x08000ab8   0x00000050   Code   RO          969    i.CAN1_RX0_IRQHandler  stm32fxxx_it.o
    0x08000b08   0x0000011c   Code   RO         1483    i.CAN2_Config       can.o
    0x08000c24   0x000000b8   Code   RO          970    i.CAN2_RX1_IRQHandler  stm32fxxx_it.o
    0x08000cdc   0x000000a8   Code   RO         2985    i.CAN_ClearITPendingBit  stm32f10x_can.o
    0x08000d84   0x00000038   Code   RO         2987    i.CAN_DeInit        stm32f10x_can.o
    0x08000dbc   0x00000108   Code   RO         2989    i.CAN_FilterInit    stm32f10x_can.o
    0x08000ec4   0x00000120   Code   RO         2991    i.CAN_GetITStatus   stm32f10x_can.o
    0x08000fe4   0x00000012   Code   RO         2995    i.CAN_ITConfig      stm32f10x_can.o
    0x08000ff6   0x00000114   Code   RO         2996    i.CAN_Init          stm32f10x_can.o
    0x0800110a   0x000000f0   Code   RO         2999    i.CAN_Receive       stm32f10x_can.o
    0x080011fa   0x00000020   Code   RO         3002    i.CAN_StructInit    stm32f10x_can.o
    0x0800121a   0x00000126   Code   RO         3004    i.CAN_Transmit      stm32f10x_can.o
    0x08001340   0x0000000a   Code   RO         1559    i.CheckFIFOByte     fifo8.o
    0x0800134a   0x00000024   Code   RO         2029    i.CheckFrameHeaderFromUartFIFO  test.o
    0x0800136e   0x00000024   Code   RO         1940    i.CheckFrameHeaderFromUsbFIFO  usb_comm.o
    0x08001392   0x00000012   Code   RO         3007    i.CheckITStatus     stm32f10x_can.o
    0x080013a4   0x0000004a   Code   RO          261    i.DCD_EP_Close      usb_dcd.o
    0x080013ee   0x00000048   Code   RO          262    i.DCD_EP_ClrStall   usb_dcd.o
    0x08001436   0x00000068   Code   RO          264    i.DCD_EP_Open       usb_dcd.o
    0x0800149e   0x00000052   Code   RO          265    i.DCD_EP_PrepareRx  usb_dcd.o
    0x080014f0   0x0000001c   Code   RO          266    i.DCD_EP_SetAddress  usb_dcd.o
    0x0800150c   0x00000048   Code   RO          267    i.DCD_EP_Stall      usb_dcd.o
    0x08001554   0x0000004e   Code   RO          268    i.DCD_EP_Tx         usb_dcd.o
    0x080015a2   0x00000002   PAD
    0x080015a4   0x00000198   Code   RO          863    i.DCD_HandleEnumDone_ISR  usb_dcd_int.o
    0x0800173c   0x00000128   Code   RO          864    i.DCD_HandleInEP_ISR  usb_dcd_int.o
    0x08001864   0x00000100   Code   RO          865    i.DCD_HandleOutEP_ISR  usb_dcd_int.o
    0x08001964   0x0000006c   Code   RO          866    i.DCD_HandleResume_ISR  usb_dcd_int.o
    0x080019d0   0x000000b0   Code   RO          867    i.DCD_HandleRxStatusQueueLevel_ISR  usb_dcd_int.o
    0x08001a80   0x0000002c   Code   RO          868    i.DCD_HandleSof_ISR  usb_dcd_int.o
    0x08001aac   0x000000a8   Code   RO          869    i.DCD_HandleUSBSuspend_ISR  usb_dcd_int.o
    0x08001b54   0x00000104   Code   RO          870    i.DCD_HandleUsbReset_ISR  usb_dcd_int.o
    0x08001c58   0x0000009c   Code   RO          270    i.DCD_Init          usb_dcd.o
    0x08001cf4   0x0000002c   Code   RO          871    i.DCD_IsoINIncomplete_ISR  usb_dcd_int.o
    0x08001d20   0x0000002c   Code   RO          872    i.DCD_IsoOUTIncomplete_ISR  usb_dcd_int.o
    0x08001d4c   0x0000002c   Code   RO          873    i.DCD_OTG_ISR       usb_dcd_int.o
    0x08001d78   0x00000028   Code   RO          874    i.DCD_ReadDevInEP   usb_dcd_int.o
    0x08001da0   0x0000002c   Code   RO          875    i.DCD_SessionRequest_ISR  usb_dcd_int.o
    0x08001dcc   0x000000ac   Code   RO          876    i.DCD_WriteEmptyTxFifo  usb_dcd_int.o
    0x08001e78   0x0000001c   Code   RO         3447    i.DMA_ClearFlag     stm32f10x_dma.o
    0x08001e94   0x00000018   Code   RO         3449    i.DMA_Cmd           stm32f10x_dma.o
    0x08001eac   0x0000014c   Code   RO         3450    i.DMA_DeInit        stm32f10x_dma.o
    0x08001ff8   0x00000008   Code   RO         3451    i.DMA_GetCurrDataCounter  stm32f10x_dma.o
    0x08002000   0x0000002c   Code   RO         3452    i.DMA_GetFlagStatus  stm32f10x_dma.o
    0x0800202c   0x0000003c   Code   RO         3455    i.DMA_Init          stm32f10x_dma.o
    0x08002068   0x0000001c   Code   RO         1560    i.DeFIFO            fifo8.o
    0x08002084   0x00000002   Code   RO          971    i.DebugMon_Handler  stm32fxxx_it.o
    0x08002086   0x00000002   PAD
    0x08002088   0x0000002c   Code   RO         1382    i.Driver_Init       driver.o
    0x080020b4   0x0000001a   Code   RO         1561    i.EnFIFO            fifo8.o
    0x080020ce   0x00000084   Code   RO         1562    i.EnFIFOBuf         fifo8.o
    0x08002152   0x00000002   PAD
    0x08002154   0x0000004c   Code   RO         2030    i.Execute_from_RAM  test.o
    0x080021a0   0x00000012   Code   RO         1563    i.FIFOFreeLen       fifo8.o
    0x080021b2   0x00000022   Code   RO         1565    i.FIFOLen           fifo8.o
    0x080021d4   0x00000098   Code   RO         2031    i.FS_Programming    test.o
    0x0800226c   0x00000060   Code   RO         2492    i.FirmCheckCodeNeedErase  firm.o
    0x080022cc   0x00000030   Code   RO         2495    i.FirmCmdEnableRP   firm.o
    0x080022fc   0x000000b4   Code   RO         2497    i.FirmCmdErase_V3_0  firm.o
    0x080023b0   0x000000e4   Code   RO         2501    i.FirmCmdRead       firm.o
    0x08002494   0x0000011c   Code   RO         2502    i.FirmCmdWrite      firm.o
    0x080025b0   0x0000007c   Code   RO         2504    i.FirmReady         firm.o
    0x0800262c   0x0000004c   Code   RO         2034    i.FirmSendData      test.o
    0x08002678   0x00000018   Code   RO         2505    i.FirmStart         firm.o
    0x08002690   0x000000fc   Code   RO         2506    i.FirmTest          firm.o
    0x0800278c   0x000000bc   Code   RO         2507    i.FirmWaitAck       firm.o
    0x08002848   0x00000116   Code   RO         3930    i.GPIO_Init         stm32f10x_gpio.o
    0x0800295e   0x00000002   PAD
    0x08002960   0x00000090   Code   RO         3932    i.GPIO_PinRemapConfig  stm32f10x_gpio.o
    0x080029f0   0x00000004   Code   RO         3937    i.GPIO_ResetBits    stm32f10x_gpio.o
    0x080029f4   0x00000004   Code   RO         3938    i.GPIO_SetBits      stm32f10x_gpio.o
    0x080029f8   0x00000030   Code   RO         1525    i.GetCrc32          crc32.o
    0x08002a28   0x0000000c   Code   RO         2035    i.GetMainBoard_State  test.o
    0x08002a34   0x0000000c   Code   RO         2036    i.GetTestStage      test.o
    0x08002a40   0x0000007c   Code   RO         2037    i.Get_SFLASH_Storage_Info  test.o
    0x08002abc   0x0000007c   Code   RO         2038    i.Get_SRAM_Storage_Info  test.o
    0x08002b38   0x00000034   Code   RO         1237    i.Get_SerialNum     usbd_desc.o
    0x08002b6c   0x000000dc   Code   RO            4    i.Handle_USBAsynchXfer  usbd_cdc_core.o
    0x08002c48   0x00000004   Code   RO          972    i.HardFault_Handler  stm32fxxx_it.o
    0x08002c4c   0x00000118   Code   RO         1672    i.InitADC           adc.o
    0x08002d64   0x000000b4   Code   RO         1673    i.InitADCGPIO       adc.o
    0x08002e18   0x0000000c   Code   RO         1566    i.InitFIFO          fifo8.o
    0x08002e24   0x00000040   Code   RO         2039    i.InitTestVar       test.o
    0x08002e64   0x00000040   Code   RO         1941    i.InitUsbVar        usb_comm.o
    0x08002ea4   0x00000048   Code   RO         1632    i.InitVar           main.o
    0x08002eec   0x0000014c   Code   RO         1383    i.Init_GPIO         driver.o
    0x08003038   0x0000003e   Code   RO         1238    i.IntToUnicode      usbd_desc.o
    0x08003076   0x00000002   PAD
    0x08003078   0x00000038   Code   RO         2040    i.LedFunc           test.o
    0x080030b0   0x00000118   Code   RO         2041    i.MUX_UART_to_the_Network_Processor  test.o
    0x080031c8   0x00000004   Code   RO          973    i.MemManage_Handler  stm32fxxx_it.o
    0x080031cc   0x0000009c   Code   RO         2042    i.MsgSendFromTest   test.o
    0x08003268   0x00000120   Code   RO         1942    i.MsgSendFromUsb    usb_comm.o
    0x08003388   0x00000002   Code   RO          974    i.NMI_Handler       stm32fxxx_it.o
    0x0800338a   0x00000096   Code   RO         1384    i.NVIC_Config       driver.o
    0x08003420   0x00000070   Code   RO         2602    i.NVIC_Init         misc.o
    0x08003490   0x00000014   Code   RO         2603    i.NVIC_PriorityGroupConfig  misc.o
    0x080034a4   0x00000010   Code   RO          975    i.OTG_FS_IRQHandler  stm32fxxx_it.o
    0x080034b4   0x00000018   Code   RO         4401    i.RCC_ADCCLKConfig  stm32f10x_rcc.o
    0x080034cc   0x00000020   Code   RO         4402    i.RCC_AHBPeriphClockCmd  stm32f10x_rcc.o
    0x080034ec   0x00000020   Code   RO         4404    i.RCC_APB1PeriphClockCmd  stm32f10x_rcc.o
    0x0800350c   0x00000020   Code   RO         4405    i.RCC_APB1PeriphResetCmd  stm32f10x_rcc.o
    0x0800352c   0x00000020   Code   RO         4406    i.RCC_APB2PeriphClockCmd  stm32f10x_rcc.o
    0x0800354c   0x00000020   Code   RO         4407    i.RCC_APB2PeriphResetCmd  stm32f10x_rcc.o
    0x0800356c   0x00000190   Code   RO         4414    i.RCC_GetClocksFreq  stm32f10x_rcc.o
    0x080036fc   0x0000000c   Code   RO         4427    i.RCC_OTGFSCLKConfig  stm32f10x_rcc.o
    0x08003708   0x000000ac   Code   RO         2044    i.Raw_Storage_Erase_SFLASH  test.o
    0x080037b4   0x000000a4   Code   RO         2045    i.Raw_Storage_Erase_SRAM  test.o
    0x08003858   0x0000012c   Code   RO         2046    i.Raw_Storage_Write_SFLASH  test.o
    0x08003984   0x00000128   Code   RO         2047    i.Raw_Storage_Write_SRAM  test.o
    0x08003aac   0x00000030   Code   RO         2049    i.RcvFirmFrameFromUart  test.o
    0x08003adc   0x00000200   Code   RO         2050    i.RcvFrameFromFIFO  test.o
    0x08003cdc   0x00000092   Code   RO         2051    i.RcvFrameFromUart  test.o
    0x08003d6e   0x000000b6   Code   RO         1943    i.RcvFrameFromUsb   usb_comm.o
    0x08003e24   0x00000034   Code   RO         2052    i.RcvWIFI_FirmFrameFromUart  test.o
    0x08003e58   0x000000e0   Code   RO         1674    i.ReadADC           adc.o
    0x08003f38   0x00000100   Code   RO         1776    i.ReadINA226        ina226.o
    0x08004038   0x0000002c   Code   RO         2053    i.ReadTestPara      test.o
    0x08004064   0x00000008   Code   RO         1567    i.ReinitFIFO        fifo8.o
    0x0800406c   0x0000005c   Code   RO         1944    i.SendFrame         usb_comm.o
    0x080040c8   0x00000008   Code   RO         1085    i.SetSysClock       system_stm32f10x.o
    0x080040d0   0x00000118   Code   RO         1086    i.SetSysClockTo72   system_stm32f10x.o
    0x080041e8   0x0000000c   Code   RO         2054    i.SetTestStage      test.o
    0x080041f4   0x00000100   Code   RO         1087    i.SystemCoreClockUpdate  system_stm32f10x.o
    0x080042f4   0x0000006c   Code   RO         1088    i.SystemInit        system_stm32f10x.o
    0x08004360   0x00000016   Code   RO          979    i.TIM2_IRQHandler   stm32fxxx_it.o
    0x08004376   0x00000006   Code   RO         5139    i.TIM_ClearFlag     stm32f10x_tim.o
    0x0800437c   0x00000006   Code   RO         5140    i.TIM_ClearITPendingBit  stm32f10x_tim.o
    0x08004382   0x00000018   Code   RO         5145    i.TIM_Cmd           stm32f10x_tim.o
    0x0800439a   0x00000002   PAD
    0x0800439c   0x000001e8   Code   RO         5150    i.TIM_DeInit        stm32f10x_tim.o
    0x08004584   0x00000022   Code   RO         5166    i.TIM_GetITStatus   stm32f10x_tim.o
    0x080045a6   0x00000012   Code   RO         5170    i.TIM_ITConfig      stm32f10x_tim.o
    0x080045b8   0x000000a4   Code   RO         5216    i.TIM_TimeBaseInit  stm32f10x_tim.o
    0x0800465c   0x00000046   Code   RO         2056    i.TestBootInIAP     test.o
    0x080046a2   0x00000002   PAD
    0x080046a4   0x00000080   Code   RO         2057    i.TestCmdReply      test.o
    0x08004724   0x00000024   Code   RO         2058    i.TestFuncs         test.o
    0x08004748   0x000002c8   Code   RO         2059    i.TestReplyFunc     test.o
    0x08004a10   0x00000024   Code   RO         2060    i.TestResultGet     test.o
    0x08004a34   0x0000004c   Code   RO         2061    i.TestSendData      test.o
    0x08004a80   0x00000884   Code   RO         2062    i.TestServiceCmd    test.o
    0x08005304   0x00000168   Code   RO         2063    i.TestServiceFile   test.o
    0x0800546c   0x000000dc   Code   RO         2064    i.TestStartTest     test.o
    0x08005548   0x00000028   Code   RO         2065    i.TestStartWarn     test.o
    0x08005570   0x00000028   Code   RO         2066    i.TestSwitchScreen  test.o
    0x08005598   0x0000005c   Code   RO         2067    i.TestWriteFile     test.o
    0x080055f4   0x0000004c   Code   RO         2068    i.TestWriteFileReply  test.o
    0x08005640   0x00000068   Code   RO         1717    i.Trace             trace.o
    0x080056a8   0x0000004c   Code   RO         1720    i.TraceStr          trace.o
    0x080056f4   0x00000050   Code   RO          980    i.UART4_IRQHandler  stm32fxxx_it.o
    0x08005744   0x00000006   Code   RO         5689    i.USART_ClearFlag   stm32f10x_usart.o
    0x0800574a   0x00000018   Code   RO         5693    i.USART_Cmd         stm32f10x_usart.o
    0x08005762   0x00000012   Code   RO         5694    i.USART_DMACmd      stm32f10x_usart.o
    0x08005774   0x0000009c   Code   RO         5695    i.USART_DeInit      stm32f10x_usart.o
    0x08005810   0x0000004c   Code   RO         5697    i.USART_GetITStatus  stm32f10x_usart.o
    0x0800585c   0x00000040   Code   RO         5699    i.USART_ITConfig    stm32f10x_usart.o
    0x0800589c   0x000000d0   Code   RO         5700    i.USART_Init        stm32f10x_usart.o
    0x0800596c   0x0000000a   Code   RO         5707    i.USART_ReceiveData  stm32f10x_usart.o
    0x08005976   0x00000016   Code   RO          695    i.USBD_ClrCfg       usbd_core.o
    0x0800598c   0x00000048   Code   RO          365    i.USBD_ClrFeature   usbd_req.o
    0x080059d4   0x0000001e   Code   RO          803    i.USBD_CtlContinueRx  usbd_ioreq.o
    0x080059f2   0x0000001e   Code   RO          804    i.USBD_CtlContinueSendData  usbd_ioreq.o
    0x08005a10   0x0000001e   Code   RO          366    i.USBD_CtlError     usbd_req.o
    0x08005a2e   0x0000002e   Code   RO          805    i.USBD_CtlPrepareRx  usbd_ioreq.o
    0x08005a5c   0x00000024   Code   RO          806    i.USBD_CtlReceiveStatus  usbd_ioreq.o
    0x08005a80   0x0000002e   Code   RO          807    i.USBD_CtlSendData  usbd_ioreq.o
    0x08005aae   0x00000024   Code   RO          808    i.USBD_CtlSendStatus  usbd_ioreq.o
    0x08005ad2   0x000000e8   Code   RO          696    i.USBD_DataInStage  usbd_core.o
    0x08005bba   0x00000096   Code   RO          697    i.USBD_DataOutStage  usbd_core.o
    0x08005c50   0x00000006   Code   RO          698    i.USBD_DeInit       usbd_core.o
    0x08005c56   0x00000018   Code   RO          699    i.USBD_DevConnected  usbd_core.o
    0x08005c6e   0x00000024   Code   RO          700    i.USBD_DevDisconnected  usbd_core.o
    0x08005c92   0x00000002   PAD
    0x08005c94   0x00000054   Code   RO          367    i.USBD_GetConfig    usbd_req.o
    0x08005ce8   0x00000112   Code   RO          368    i.USBD_GetDescriptor  usbd_req.o
    0x08005dfa   0x00000014   Code   RO          369    i.USBD_GetLen       usbd_req.o
    0x08005e0e   0x00000002   PAD
    0x08005e10   0x00000050   Code   RO          370    i.USBD_GetStatus    usbd_req.o
    0x08005e60   0x00000052   Code   RO          371    i.USBD_GetString    usbd_req.o
    0x08005eb2   0x00000042   Code   RO          701    i.USBD_Init         usbd_core.o
    0x08005ef4   0x00000012   Code   RO          702    i.USBD_IsoINIncomplete  usbd_core.o
    0x08005f06   0x00000012   Code   RO          703    i.USBD_IsoOUTIncomplete  usbd_core.o
    0x08005f18   0x00000100   Code   RO          877    i.USBD_OTG_ISR_Handler  usb_dcd_int.o
    0x08006018   0x00000048   Code   RO          372    i.USBD_ParseSetupRequest  usbd_req.o
    0x08006060   0x00000032   Code   RO          704    i.USBD_Reset        usbd_core.o
    0x08006092   0x0000001e   Code   RO          705    i.USBD_Resume       usbd_core.o
    0x080060b0   0x00000014   Code   RO          706    i.USBD_RunTestMode  usbd_core.o
    0x080060c4   0x0000001a   Code   RO          707    i.USBD_SOF          usbd_core.o
    0x080060de   0x0000005c   Code   RO          373    i.USBD_SetAddress   usbd_req.o
    0x0800613a   0x0000001e   Code   RO          708    i.USBD_SetCfg       usbd_core.o
    0x08006158   0x000000d0   Code   RO          374    i.USBD_SetConfig    usbd_req.o
    0x08006228   0x000000b0   Code   RO          375    i.USBD_SetFeature   usbd_req.o
    0x080062d8   0x00000054   Code   RO          709    i.USBD_SetupStage   usbd_core.o
    0x0800632c   0x00000072   Code   RO          376    i.USBD_StdDevReq    usbd_req.o
    0x0800639e   0x00000002   PAD
    0x080063a0   0x00000178   Code   RO          377    i.USBD_StdEPReq     usbd_req.o
    0x08006518   0x0000004c   Code   RO          378    i.USBD_StdItfReq    usbd_req.o
    0x08006564   0x00000020   Code   RO          710    i.USBD_Suspend      usbd_core.o
    0x08006584   0x00000034   Code   RO         1239    i.USBD_USR_ConfigStrDescriptor  usbd_desc.o
    0x080065b8   0x00000002   Code   RO         1315    i.USBD_USR_DeviceConfigured  usbd_usr.o
    0x080065ba   0x00000002   Code   RO         1316    i.USBD_USR_DeviceConnected  usbd_usr.o
    0x080065bc   0x00000010   Code   RO         1240    i.USBD_USR_DeviceDescriptor  usbd_desc.o
    0x080065cc   0x00000002   Code   RO         1317    i.USBD_USR_DeviceDisconnected  usbd_usr.o
    0x080065ce   0x00000012   Code   RO         1318    i.USBD_USR_DeviceReset  usbd_usr.o
    0x080065e0   0x00000002   Code   RO         1319    i.USBD_USR_DeviceResumed  usbd_usr.o
    0x080065e2   0x00000002   Code   RO         1320    i.USBD_USR_DeviceSuspended  usbd_usr.o
    0x080065e4   0x00000002   Code   RO         1321    i.USBD_USR_Init     usbd_usr.o
    0x080065e6   0x00000002   PAD
    0x080065e8   0x00000038   Code   RO         1241    i.USBD_USR_InterfaceStrDescriptor  usbd_desc.o
    0x08006620   0x00000010   Code   RO         1242    i.USBD_USR_LangIDStrDescriptor  usbd_desc.o
    0x08006630   0x0000002c   Code   RO         1243    i.USBD_USR_ManufacturerStrDescriptor  usbd_desc.o
    0x0800665c   0x00000070   Code   RO         1244    i.USBD_USR_ProductStrDescriptor  usbd_desc.o
    0x080066cc   0x00000018   Code   RO         1245    i.USBD_USR_SerialStrDescriptor  usbd_desc.o
    0x080066e4   0x00000010   Code   RO            5    i.USBD_cdc_GetCfgDesc  usbd_cdc_core.o
    0x080066f4   0x00000002   Code   RO         1131    i.USB_OTG_BSP_EnableInterrupt  usb_bsp.o
    0x080066f6   0x00000014   Code   RO         1132    i.USB_OTG_BSP_Init  usb_bsp.o
    0x0800670a   0x00000012   Code   RO         1133    i.USB_OTG_BSP_mDelay  usb_bsp.o
    0x0800671c   0x0000001e   Code   RO         1134    i.USB_OTG_BSP_uDelay  usb_bsp.o
    0x0800673a   0x0000011a   Code   RO          464    i.USB_OTG_CoreInit  usb_core.o
    0x08006854   0x0000020e   Code   RO          465    i.USB_OTG_CoreInitDev  usb_core.o
    0x08006a62   0x00000002   PAD
    0x08006a64   0x00000070   Code   RO          466    i.USB_OTG_CoreReset  usb_core.o
    0x08006ad4   0x00000022   Code   RO          467    i.USB_OTG_DisableGlobalInt  usb_core.o
    0x08006af6   0x00000074   Code   RO          468    i.USB_OTG_EP0Activate  usb_core.o
    0x08006b6a   0x00000156   Code   RO          469    i.USB_OTG_EP0StartXfer  usb_core.o
    0x08006cc0   0x00000062   Code   RO          470    i.USB_OTG_EP0_OutStart  usb_core.o
    0x08006d22   0x00000098   Code   RO          471    i.USB_OTG_EPActivate  usb_core.o
    0x08006dba   0x00000050   Code   RO          472    i.USB_OTG_EPClearStall  usb_core.o
    0x08006e0a   0x0000005e   Code   RO          473    i.USB_OTG_EPDeactivate  usb_core.o
    0x08006e68   0x00000064   Code   RO          474    i.USB_OTG_EPSetStall  usb_core.o
    0x08006ecc   0x000001fe   Code   RO          475    i.USB_OTG_EPStartXfer  usb_core.o
    0x080070ca   0x00000034   Code   RO          476    i.USB_OTG_EnableCommonInt  usb_core.o
    0x080070fe   0x000000b0   Code   RO          477    i.USB_OTG_EnableDevInt  usb_core.o
    0x080071ae   0x00000022   Code   RO          478    i.USB_OTG_EnableGlobalInt  usb_core.o
    0x080071d0   0x0000004c   Code   RO          479    i.USB_OTG_FlushRxFifo  usb_core.o
    0x0800721c   0x00000054   Code   RO          480    i.USB_OTG_FlushTxFifo  usb_core.o
    0x08007270   0x00000038   Code   RO          481    i.USB_OTG_GetDeviceSpeed  usb_core.o
    0x080072a8   0x0000000c   Code   RO          483    i.USB_OTG_GetMode   usb_core.o
    0x080072b4   0x00000018   Code   RO          484    i.USB_OTG_InitDevSpeed  usb_core.o
    0x080072cc   0x00000016   Code   RO          485    i.USB_OTG_IsDeviceMode  usb_core.o
    0x080072e2   0x00000010   Code   RO          487    i.USB_OTG_ReadCoreItr  usb_core.o
    0x080072f2   0x00000010   Code   RO          488    i.USB_OTG_ReadDevAllInEPItr  usb_core.o
    0x08007302   0x00000010   Code   RO          489    i.USB_OTG_ReadDevAllOutEp_itr  usb_core.o
    0x08007312   0x00000014   Code   RO          490    i.USB_OTG_ReadDevOutEP_itr  usb_core.o
    0x08007326   0x00000028   Code   RO          492    i.USB_OTG_ReadPacket  usb_core.o
    0x0800734e   0x00000002   PAD
    0x08007350   0x000000d0   Code   RO          493    i.USB_OTG_SelectCore  usb_core.o
    0x08007420   0x0000004e   Code   RO          494    i.USB_OTG_SetCurrentMode  usb_core.o
    0x0800746e   0x00000040   Code   RO          498    i.USB_OTG_WritePacket  usb_core.o
    0x080074ae   0x00000002   PAD
    0x080074b0   0x0000007c   Code   RO         2069    i.UartCommFuncs     test.o
    0x0800752c   0x00000018   Code   RO         2070    i.UartTestServiceCmd  test.o
    0x08007544   0x00000004   Code   RO          981    i.UsageFault_Handler  stm32fxxx_it.o
    0x08007548   0x00000028   Code   RO         1945    i.UsbCommFuncs      usb_comm.o
    0x08007570   0x000005e8   Code   RO         1946    i.UsbCommServiceCmd  usb_comm.o
    0x08007b58   0x000000f4   Code   RO         1947    i.UsbCommServiceFile  usb_comm.o
    0x08007c4c   0x0000000e   Code   RO         1948    i.UsbFuncs          usb_comm.o
    0x08007c5a   0x00000002   Code   RO         1949    i.UsbReadFile       usb_comm.o
    0x08007c5c   0x00000046   Code   RO         1950    i.UsbWriteFile      usb_comm.o
    0x08007ca2   0x00000002   PAD
    0x08007ca4   0x00000084   Code   RO         1184    i.VCP_Ctrl          usbd_cdc_vcp.o
    0x08007d28   0x0000002c   Code   RO         1185    i.VCP_DataRx        usbd_cdc_vcp.o
    0x08007d54   0x00000014   Code   RO         1186    i.VCP_DataTx        usbd_cdc_vcp.o
    0x08007d68   0x00000004   Code   RO         1187    i.VCP_DeInit        usbd_cdc_vcp.o
    0x08007d6c   0x00000004   Code   RO         1188    i.VCP_Init          usbd_cdc_vcp.o
    0x08007d70   0x00000078   Code   RO         2071    i.WIFI_Product_Restart  test.o
    0x08007de8   0x00000060   Code   RO         2073    i.WIFI_TestBoard_Power  test.o
    0x08007e48   0x000000c0   Code   RO         2075    i.WIFI_TestBoard_Restart  test.o
    0x08007f08   0x0000009a   Code   RO         2079    i.WriteData         test.o
    0x08007fa2   0x00000002   PAD
    0x08007fa4   0x00000078   Code   RO         2080    i.WriteDeviceFileReply  test.o
    0x0800801c   0x00000054   Code   RO         2081    i.WriteDeviceFileToMCU  test.o
    0x08008070   0x00000028   Code   RO         6669    i.__0sprintf$6      mc_w.l(printf6.o)
    0x08008098   0x0000000e   Code   RO         6861    i.__scatterload_copy  mc_w.l(handlers.o)
    0x080080a6   0x00000002   Code   RO         6862    i.__scatterload_null  mc_w.l(handlers.o)
    0x080080a8   0x0000000e   Code   RO         6863    i.__scatterload_zeroinit  mc_w.l(handlers.o)
    0x080080b6   0x0000004e   Code   RO         1875    i._i2c_ack_detect   soft_i2c.o
    0x08008104   0x0000001e   Code   RO         1876    i._i2c_ack_send     soft_i2c.o
    0x08008122   0x0000001e   Code   RO         1877    i._i2c_nack_send    soft_i2c.o
    0x08008140   0x0000003c   Code   RO         1878    i._i2c_read_byte    soft_i2c.o
    0x0800817c   0x0000002e   Code   RO         1879    i._i2c_start        soft_i2c.o
    0x080081aa   0x0000001e   Code   RO         1880    i._i2c_stop         soft_i2c.o
    0x080081c8   0x0000004a   Code   RO         1881    i._i2c_write_byte   soft_i2c.o
    0x08008212   0x00000002   PAD
    0x08008214   0x000002f0   Code   RO         6674    i._printf_core      mc_w.l(printf6.o)
    0x08008504   0x00000024   Code   RO         6675    i._printf_post_padding  mc_w.l(printf6.o)
    0x08008528   0x0000002e   Code   RO         6676    i._printf_pre_padding  mc_w.l(printf6.o)
    0x08008556   0x0000000a   Code   RO         6678    i._sputc            mc_w.l(printf6.o)
    0x08008560   0x000000d8   Code   RO         1484    i.can_send          can.o
    0x08008638   0x00000028   Code   RO         1485    i.can_task          can.o
    0x08008660   0x00000228   Code   RO         2082    i.checkForTestACK   test.o
    0x08008888   0x000000a8   Code   RO         2083    i.download_WIFI_Erase_Flash  test.o
    0x08008930   0x000000a8   Code   RO         2084    i.download_WIFI_Erase_Sram  test.o
    0x080089d8   0x0000000c   Code   RO         2085    i.download_WIFI_Write_FS  test.o
    0x080089e4   0x00000068   Code   RO         2086    i.download_WIFI_Write_Flash_Patch  test.o
    0x08008a4c   0x00000100   Code   RO         2087    i.download_WIFI_Write_Sram_Patch  test.o
    0x08008b4c   0x000000f4   Code   RO         2088    i.download_WIFI_connect  test.o
    0x08008c40   0x0000002c   Code   RO         1385    i.drv_boot_high     driver.o
    0x08008c6c   0x0000002c   Code   RO         1386    i.drv_boot_low      driver.o
    0x08008c98   0x0000014c   Code   RO         1387    i.drv_comm_uart_init  driver.o
    0x08008de4   0x00000140   Code   RO         1388    i.drv_comm_uart_init_ChangeSetting  driver.o
    0x08008f24   0x00000018   Code   RO         1389    i.drv_delayms       driver.o
    0x08008f3c   0x00000016   Code   RO         1390    i.drv_delayus       driver.o
    0x08008f52   0x00000002   PAD
    0x08008f54   0x00000014   Code   RO         1391    i.drv_power_off     driver.o
    0x08008f68   0x00000014   Code   RO         1392    i.drv_power_on      driver.o
    0x08008f7c   0x00000056   Code   RO         1393    i.drv_timer2_init   driver.o
    0x08008fd2   0x00000002   PAD
    0x08008fd4   0x000000d0   Code   RO         1394    i.drv_trace_uart_init  driver.o
    0x080090a4   0x00000104   Code   RO         1395    i.drv_wifiTest_uart_init  driver.o
    0x080091a8   0x00000050   Code   RO         6773    i.free              mc_w.l(malloc.o)
    0x080091f8   0x0000000a   Code   RO         1777    i.i2c_delay1        ina226.o
    0x08009202   0x0000000a   Code   RO         1778    i.i2c_delay2        ina226.o
    0x0800920c   0x00000014   Code   RO         1779    i.i2c_scl_high      ina226.o
    0x08009220   0x00000014   Code   RO         1780    i.i2c_scl_low       ina226.o
    0x08009234   0x00000018   Code   RO         1781    i.i2c_scl_value     ina226.o
    0x0800924c   0x00000014   Code   RO         1782    i.i2c_sda_dir_in    ina226.o
    0x08009260   0x00000002   Code   RO         1783    i.i2c_sda_dir_out   ina226.o
    0x08009262   0x00000002   PAD
    0x08009264   0x00000014   Code   RO         1784    i.i2c_sda_high      ina226.o
    0x08009278   0x00000014   Code   RO         1785    i.i2c_sda_low       ina226.o
    0x0800928c   0x00000018   Code   RO         1786    i.i2c_sda_value     ina226.o
    0x080092a4   0x00000060   Code   RO         1675    i.init_ADC_DMA      adc.o
    0x08009304   0x00000080   Code   RO         1787    i.init_INA226_normal  ina226.o
    0x08009384   0x00000064   Code   RO         1789    i.init_i2c_dev      ina226.o
    0x080093e8   0x00000050   Code   RO         1790    i.init_i2c_gpio     ina226.o
    0x08009438   0x000000cc   Code   RO         1633    i.main              main.o
    0x08009504   0x0000006c   Code   RO         6774    i.malloc            mc_w.l(malloc.o)
    0x08009570   0x00000098   Code   RO         6128    i.prvAddCurrentTaskToDelayedList  tasks.o
    0x08009608   0x000000b4   Code   RO         6129    i.prvAddNewTaskToReadyList  tasks.o
    0x080096bc   0x00000064   Code   RO         6130    i.prvCheckTasksWaitingTermination  tasks.o
    0x08009720   0x0000002a   Code   RO         5992    i.prvCopyDataFromQueue  queue.o
    0x0800974a   0x0000006a   Code   RO         5993    i.prvCopyDataToQueue  queue.o
    0x080097b4   0x00000012   Code   RO         6131    i.prvDeleteTCB      tasks.o
    0x080097c6   0x00000002   PAD
    0x080097c8   0x00000028   Code   RO         6132    i.prvIdleTask       tasks.o
    0x080097f0   0x00000026   Code   RO         5994    i.prvInitialiseNewQueue  queue.o
    0x08009816   0x00000080   Code   RO         6133    i.prvInitialiseNewTask  tasks.o
    0x08009896   0x00000002   PAD
    0x08009898   0x00000068   Code   RO         6134    i.prvInitialiseTaskLists  tasks.o
    0x08009900   0x0000001a   Code   RO         5995    i.prvIsQueueEmpty   queue.o
    0x0800991a   0x0000001e   Code   RO         5996    i.prvIsQueueFull    queue.o
    0x08009938   0x00000034   Code   RO         6135    i.prvResetNextTaskUnblockTime  tasks.o
    0x0800996c   0x00000016   Code   RO         6411    i.prvTaskExitError  port.o
    0x08009982   0x0000007e   Code   RO         5997    i.prvUnlockQueue    queue.o
    0x08009a00   0x0000001e   Code   RO         6487    i.pvPortMalloc      heap_3.o
    0x08009a1e   0x00000002   PAD
    0x08009a20   0x00000024   Code   RO         6412    i.pxPortInitialiseStack  port.o
    0x08009a44   0x000000ac   Code   RO         2092    i.sendTestCMD       test.o
    0x08009af0   0x0000009c   Code   RO         1882    i.soft_i2c_read     soft_i2c.o
    0x08009b8c   0x00000074   Code   RO         1883    i.soft_i2c_write    soft_i2c.o
    0x08009c00   0x000000c0   Code   RO         2095    i.target_connection  test.o
    0x08009cc0   0x00000028   Code   RO         2096    i.target_detection  test.o
    0x08009ce8   0x00000098   Code   RO         2097    i.test_task         test.o
    0x08009d80   0x00000034   Code   RO         1721    i.trace_DMA_finished  trace.o
    0x08009db4   0x0000002c   Code   RO         1722    i.trace_start_TX_DMA  trace.o
    0x08009de0   0x00000040   Code   RO         2098    i.uart_DMA_finished  test.o
    0x08009e20   0x0000002c   Code   RO         2100    i.uart_start_TX_DMA  test.o
    0x08009e4c   0x00000078   Code   RO         1951    i.usb_comm_task     usb_comm.o
    0x08009ec4   0x000000b0   Code   RO            6    i.usbd_cdc_DataIn   usbd_cdc_core.o
    0x08009f74   0x00000038   Code   RO            7    i.usbd_cdc_DataOut  usbd_cdc_core.o
    0x08009fac   0x0000002c   Code   RO            8    i.usbd_cdc_DeInit   usbd_cdc_core.o
    0x08009fd8   0x00000038   Code   RO            9    i.usbd_cdc_EP0_RxReady  usbd_cdc_core.o
    0x0800a010   0x00000058   Code   RO           10    i.usbd_cdc_Init     usbd_cdc_core.o
    0x0800a068   0x00000028   Code   RO           11    i.usbd_cdc_SOF      usbd_cdc_core.o
    0x0800a090   0x000000c8   Code   RO           12    i.usbd_cdc_Setup    usbd_cdc_core.o
    0x0800a158   0x00000028   Code   RO         5947    i.uxListRemove      list.o
    0x0800a180   0x00000002   Code   RO         1634    i.vApplicationMallocFailedHook  main.o
    0x0800a182   0x0000001a   Code   RO         5948    i.vListInitialise   list.o
    0x0800a19c   0x00000006   Code   RO         5949    i.vListInitialiseItem  list.o
    0x0800a1a2   0x00000034   Code   RO         5950    i.vListInsert       list.o
    0x0800a1d6   0x00000018   Code   RO         5951    i.vListInsertEnd    list.o
    0x0800a1ee   0x00000002   PAD
    0x0800a1f0   0x00000024   Code   RO         6414    i.vPortEnterCritical  port.o
    0x0800a214   0x00000020   Code   RO         6415    i.vPortExitCritical  port.o
    0x0800a234   0x00000016   Code   RO         6488    i.vPortFree         heap_3.o
    0x0800a24a   0x00000002   PAD
    0x0800a24c   0x00000014   Code   RO         6416    i.vPortSetupTimerInterrupt  port.o
    0x0800a260   0x00000034   Code   RO         6142    i.vTaskDelay        tasks.o
    0x0800a294   0x0000000c   Code   RO         6146    i.vTaskMissedYield  tasks.o
    0x0800a2a0   0x00000020   Code   RO         6148    i.vTaskPlaceOnEventList  tasks.o
    0x0800a2c0   0x00000018   Code   RO         6152    i.vTaskSetTimeOutState  tasks.o
    0x0800a2d8   0x00000064   Code   RO         6153    i.vTaskStartScheduler  tasks.o
    0x0800a33c   0x00000010   Code   RO         6155    i.vTaskSuspendAll   tasks.o
    0x0800a34c   0x00000060   Code   RO         6156    i.vTaskSwitchContext  tasks.o
    0x0800a3ac   0x000000bc   Code   RO         2101    i.waitForACK        test.o
    0x0800a468   0x00000058   Code   RO         2102    i.waitForLastStatus  test.o
    0x0800a4c0   0x00000040   Code   RO         2103    i.waitForStatusOK   test.o
    0x0800a500   0x000000bc   Code   RO         2104    i.wifi_go_to_bootloader  test.o
    0x0800a5bc   0x000003e0   Code   RO         2105    i.writeFileToMCUack  test.o
    0x0800a99c   0x00000034   Code   RO         6417    i.xPortStartScheduler  port.o
    0x0800a9d0   0x00000034   Code   RO         6418    i.xPortSysTickHandler  port.o
    0x0800aa04   0x00000038   Code   RO         6002    i.xQueueGenericCreate  queue.o
    0x0800aa3c   0x0000013c   Code   RO         6003    i.xQueueGenericReceive  queue.o
    0x0800ab78   0x00000080   Code   RO         6004    i.xQueueGenericReset  queue.o
    0x0800abf8   0x00000118   Code   RO         6005    i.xQueueGenericSend  queue.o
    0x0800ad10   0x0000005c   Code   RO         6157    i.xTaskCheckForTimeOut  tasks.o
    0x0800ad6c   0x00000060   Code   RO         6158    i.xTaskCreate       tasks.o
    0x0800adcc   0x0000000c   Code   RO         6161    i.xTaskGetTickCount  tasks.o
    0x0800add8   0x0000011c   Code   RO         6163    i.xTaskIncrementTick  tasks.o
    0x0800aef4   0x00000080   Code   RO         6166    i.xTaskRemoveFromEventList  tasks.o
    0x0800af74   0x000000e8   Code   RO         6168    i.xTaskResumeAll    tasks.o
    0x0800b05c   0x00000400   Data   RO         1529    .constdata          crc32.o
    0x0800b45c   0x00000010   Data   RO         2107    .constdata          test.o
    0x0800b46c   0x00000020   Data   RO         6859    Region$$Table       anon$$obj.o


    Execution Region RW_IRAM1 (Base: 0x20000000, Size: 0x0000feb8, Max: 0x00010000, ABSOLUTE, COMPRESSED[0x00000170])

    Base Addr    Size         Type   Attr      Idx    E Section Name        Object

    0x20000000   0x00000098   Data   RW           14    .data               usbd_cdc_core.o
    0x20000098   0x0000000d   Data   RW          379    .data               usbd_req.o
    0x200000a5   0x00000003   PAD
    0x200000a8   0x00000034   Data   RW          711    .data               usbd_core.o
    0x200000dc   0x00000008   Data   RW          982    .data               stm32fxxx_it.o
    0x200000e4   0x00000014   Data   RW         1089    .data               system_stm32f10x.o
    0x200000f8   0x0000001c   Data   RW         1190    .data               usbd_cdc_vcp.o
    0x20000114   0x00000056   Data   RW         1247    .data               usbd_desc.o
    0x2000016a   0x00000002   PAD
    0x2000016c   0x0000001c   Data   RW         1322    .data               usbd_usr.o
    0x20000188   0x00000001   Data   RW         1486    .data               can.o
    0x20000189   0x00000003   PAD
    0x2000018c   0x00000010   Data   RW         1636    .data               main.o
    0x2000019c   0x00000024   Data   RW         1677    .data               adc.o
    0x200001c0   0x00000001   Data   RW         1724    .data               trace.o
    0x200001c1   0x00000003   PAD
    0x200001c4   0x00000008   Data   RW         1953    .data               usb_comm.o
    0x200001cc   0x000000a4   Data   RW         2108    .data               test.o
    0x20000270   0x00000004   Data   RW         2509    .data               firm.o
    0x20000274   0x00000014   Data   RW         4442    .data               stm32f10x_rcc.o
    0x20000288   0x0000003c   Data   RW         6171    .data               tasks.o
    0x200002c4   0x00000004   Data   RW         6419    .data               port.o
    0x200002c8   0x00000004   Data   RW         6836    .data               mc_w.l(mvars.o)
    0x200002cc   0x00000004   Data   RW         6837    .data               mc_w.l(mvars.o)
    0x200002d0   0x00000083   Zero   RW           13    .bss                usbd_cdc_core.o
    0x20000353   0x000000ff   Zero   RW         1246    .bss                usbd_desc.o
    0x20000452   0x00000002   PAD
    0x20000454   0x000005f4   Zero   RW         1635    .bss                main.o
    0x20000a48   0x000001d4   Zero   RW         1676    .bss                adc.o
    0x20000c1c   0x00000400   Zero   RW         1723    .bss                trace.o
    0x2000101c   0x0000002c   Zero   RW         1791    .bss                ina226.o
    0x20001048   0x00003020   Zero   RW         1952    .bss                usb_comm.o
    0x20004068   0x00003348   Zero   RW         2106    .bss                test.o
    0x200073b0   0x00000200   Zero   RW         2508    .bss                firm.o
    0x200075b0   0x00000104   Zero   RW         6170    .bss                tasks.o
    0x200076b4   0x00000004   PAD
    0x200076b8   0x00008000   Zero   RW         1076    HEAP                startup_stm32f10x_cl.o
    0x2000f6b8   0x00000800   Zero   RW         1075    STACK               startup_stm32f10x_cl.o


==============================================================================

Image component sizes


      Code (inc. data)   RO Data    RW Data    ZI Data      Debug   Object Name

       780         74          0         36        468       2992   adc.o
       844         46          0          1          0       3520   can.o
        48          4       1024          0          0       1099   crc32.o
      1906        100          0          0          0       7963   driver.o
       268          0          0          0          0       4712   fifo8.o
      1424        550          0          4        512       6524   firm.o
        52          0          0          0          0       1203   heap_3.o
       734        118          0          0         44       6462   ina226.o
       148          0          0          0          0       4654   list.o
       278        110          0         16       1524       1708   main.o
       132         22          0          0          0       3483   misc.o
       400         50          0          4          0       9488   port.o
      1148         14          0          0          0      17230   queue.o
       620          0          0          0          0       6145   soft_i2c.o
        36          8        336          0      34816        792   startup_stm32f10x_cl.o
       482         24          0          0          0      17690   stm32f10x_adc.o
      1654         22          0          0          0      16364   stm32f10x_can.o
       496         26          0          0          0       5475   stm32f10x_dma.o
       430          6          0          0          0       4138   stm32f10x_gpio.o
       596         68          0         20          0       8516   stm32f10x_rcc.o
       740        106          0          0          0       5299   stm32f10x_tim.o
       562         26          0          0          0       7202   stm32f10x_usart.o
       402         38          0          8          0       6898   stm32fxxx_it.o
       652         56          0         20          0       2985   system_stm32f10x.o
      1950        320          0         60        260      25241   tasks.o
     11718       2534         16        164      13128      44185   test.o
       276         56          0          1       1024       2815   trace.o
        70          0          0          0          0       2415   usb_bsp.o
      2664       1458          0          8      12320       8374   usb_comm.o
      3440         18          0          0          0      21628   usb_core.o
       666          0          0          0          0     227412   usb_dcd.o
      2360        108          0          0          0     232523   usb_dcd_int.o
       896        110          0        152        131     351074   usbd_cdc_core.o
       204         24          0         28          0       3310   usbd_cdc_vcp.o
       844          6          0         52          0      12004   usbd_core.o
       434        170          0         86        255       6743   usbd_desc.o
       224          0          0          0          0       4680   usbd_ioreq.o
      1756         56          0         13          0      10886   usbd_req.o
        30          0          0         28          0       3325   usbd_usr.o

    ----------------------------------------------------------------------
     42418       6328       1408        712      64488    1109157   Object Totals
         0          0         32          0          0          0   (incl. Generated)
        54          0          0         11          6          0   (incl. Padding)

    ----------------------------------------------------------------------

      Code (inc. data)   RO Data    RW Data    ZI Data      Debug   Library Member Name

        86          0          0          0          0          0   __dczerorl2.o
         0          0          0          0          0          0   entry.o
         0          0          0          0          0          0   entry10a.o
         0          0          0          0          0          0   entry11a.o
         8          4          0          0          0          0   entry2.o
         4          0          0          0          0          0   entry5.o
         0          0          0          0          0          0   entry7b.o
         0          0          0          0          0          0   entry8b.o
         8          4          0          0          0          0   entry9a.o
        30          0          0          0          0          0   handlers.o
        36          8          0          0          0         68   init.o
         0          0          0          0          0          0   iusefp.o
        30          0          0          0          0         68   llshl.o
        32          0          0          0          0         68   llushr.o
       188         20          0          0          0        160   malloc.o
        36          0          0          0          0         68   memcpya.o
         0          0          0          8          0          0   mvars.o
       884         10          0          0          0        420   printf6.o
        44          0          0          0          0         80   uidiv.o
        56          0          0          0          0         88   d2f.o
       222          0          0          0          0        100   ddiv.o
       186          0          0          0          0        176   depilogue.o
        26          0          0          0          0         76   dfltui.o
       228          0          0          0          0         96   dmul.o
        38          0          0          0          0         68   f2d.o
       110          0          0          0          0        168   fepilogue.o
        40          0          0          0          0         68   ffixui.o
       100          0          0          0          0         76   fmul.o

    ----------------------------------------------------------------------
      2394         46          0          8          0       1848   Library Totals
         2          0          0          0          0          0   (incl. Padding)

    ----------------------------------------------------------------------

      Code (inc. data)   RO Data    RW Data    ZI Data      Debug   Library Name

      1386         46          0          8          0        932   mc_w.l
      1006          0          0          0          0        916   mf_w.l

    ----------------------------------------------------------------------
      2394         46          0          8          0       1848   Library Totals

    ----------------------------------------------------------------------

==============================================================================


      Code (inc. data)   RO Data    RW Data    ZI Data      Debug   

     44812       6374       1408        720      64488    1090593   Grand Totals
     44812       6374       1408        368      64488    1090593   ELF Image Totals (compressed)
     44812       6374       1408        368          0          0   ROM Totals

==============================================================================

    Total RO  Size (Code + RO Data)                46220 (  45.14kB)
    Total RW  Size (RW Data + ZI Data)             65208 (  63.68kB)
    Total ROM Size (Code + RO Data + RW Data)      46588 (  45.50kB)

==============================================================================

