Component: ARM Compiler 5.06 update 2 (build 183) Tool: armlink [4d35b7]

==============================================================================

Removing Unused input sections from the image.

    Removing usbd_cdc_core.o(.rev16_text), (4 bytes).
    Removing usbd_cdc_core.o(.revsh_text), (4 bytes).
    Removing usbd_cdc_core.o(.rrx_text), (6 bytes).
    Removing usb_dcd.o(.rev16_text), (4 bytes).
    Removing usb_dcd.o(.revsh_text), (4 bytes).
    Removing usb_dcd.o(.rrx_text), (6 bytes).
    Removing usb_dcd.o(i.DCD_DevConnect), (32 bytes).
    Removing usb_dcd.o(i.DCD_DevDisconnect), (34 bytes).
    Removing usb_dcd.o(i.DCD_EP_Flush), (36 bytes).
    Removing usb_dcd.o(i.DCD_GetEPStatus), (64 bytes).
    Removing usb_dcd.o(i.DCD_SetEPStatus), (62 bytes).
    Removing usbd_req.o(.rev16_text), (4 bytes).
    Removing usbd_req.o(.revsh_text), (4 bytes).
    Removing usbd_req.o(.rrx_text), (6 bytes).
    Removing usb_core.o(.rev16_text), (4 bytes).
    Removing usb_core.o(.revsh_text), (4 bytes).
    Removing usb_core.o(.rrx_text), (6 bytes).
    Removing usb_core.o(i.USB_OTG_ActiveRemoteWakeup), (108 bytes).
    Removing usb_core.o(i.USB_OTG_GetEPStatus), (106 bytes).
    Removing usb_core.o(i.USB_OTG_IsHostMode), (20 bytes).
    Removing usb_core.o(i.USB_OTG_ReadOtgItr), (8 bytes).
    Removing usb_core.o(i.USB_OTG_SetEPStatus), (282 bytes).
    Removing usb_core.o(i.USB_OTG_StopDevice), (82 bytes).
    Removing usb_core.o(i.USB_OTG_UngateClock), (56 bytes).
    Removing usbd_core.o(.rev16_text), (4 bytes).
    Removing usbd_core.o(.revsh_text), (4 bytes).
    Removing usbd_core.o(.rrx_text), (6 bytes).
    Removing usbd_ioreq.o(.rev16_text), (4 bytes).
    Removing usbd_ioreq.o(.revsh_text), (4 bytes).
    Removing usbd_ioreq.o(.rrx_text), (6 bytes).
    Removing usbd_ioreq.o(i.USBD_GetRxCount), (20 bytes).
    Removing usb_dcd_int.o(.rev16_text), (4 bytes).
    Removing usb_dcd_int.o(.revsh_text), (4 bytes).
    Removing usb_dcd_int.o(.rrx_text), (6 bytes).
    Removing stm32fxxx_it.o(.rev16_text), (4 bytes).
    Removing stm32fxxx_it.o(.revsh_text), (4 bytes).
    Removing stm32fxxx_it.o(.rrx_text), (6 bytes).
    Removing system_stm32f10x.o(.rev16_text), (4 bytes).
    Removing system_stm32f10x.o(.revsh_text), (4 bytes).
    Removing system_stm32f10x.o(.rrx_text), (6 bytes).
    Removing usb_bsp.o(.rev16_text), (4 bytes).
    Removing usb_bsp.o(.revsh_text), (4 bytes).
    Removing usb_bsp.o(.rrx_text), (6 bytes).
    Removing usbd_cdc_vcp.o(.rev16_text), (4 bytes).
    Removing usbd_cdc_vcp.o(.revsh_text), (4 bytes).
    Removing usbd_cdc_vcp.o(.rrx_text), (6 bytes).
    Removing usbd_cdc_vcp.o(i.VCP_COMConfig), (6 bytes).
    Removing usbd_desc.o(.rev16_text), (4 bytes).
    Removing usbd_desc.o(.revsh_text), (4 bytes).
    Removing usbd_desc.o(.rrx_text), (6 bytes).
    Removing app.o(.rev16_text), (4 bytes).
    Removing app.o(.revsh_text), (4 bytes).
    Removing app.o(.rrx_text), (6 bytes).
    Removing usbd_usr.o(.rev16_text), (4 bytes).
    Removing usbd_usr.o(.revsh_text), (4 bytes).
    Removing usbd_usr.o(.rrx_text), (6 bytes).
    Removing driver.o(.rev16_text), (4 bytes).
    Removing driver.o(.revsh_text), (4 bytes).
    Removing driver.o(.rrx_text), (6 bytes).
    Removing driver.o(i.drv_delayms), (24 bytes).
    Removing can.o(.rev16_text), (4 bytes).
    Removing can.o(.revsh_text), (4 bytes).
    Removing can.o(.rrx_text), (6 bytes).
    Removing can.o(i.can_send), (48 bytes).
    Removing comm.o(.rev16_text), (4 bytes).
    Removing comm.o(.revsh_text), (4 bytes).
    Removing comm.o(.rrx_text), (6 bytes).
    Removing crc32.o(i.GetCrc32), (48 bytes).
    Removing crc32.o(i.GetCrc32_One), (32 bytes).
    Removing crc32.o(i.GetCrc32_Partial), (56 bytes).
    Removing crc32.o(i.GetMeCrc), (40 bytes).
    Removing crc32.o(.constdata), (1024 bytes).
    Removing fifo8.o(.rev16_text), (4 bytes).
    Removing fifo8.o(.revsh_text), (4 bytes).
    Removing fifo8.o(.rrx_text), (6 bytes).
    Removing fifo8.o(i.FIFOIsEmpty), (18 bytes).
    Removing misc.o(.rev16_text), (4 bytes).
    Removing misc.o(.revsh_text), (4 bytes).
    Removing misc.o(.rrx_text), (6 bytes).
    Removing misc.o(i.NVIC_SetVectorTable), (20 bytes).
    Removing misc.o(i.NVIC_SystemLPConfig), (32 bytes).
    Removing misc.o(i.SysTick_CLKSourceConfig), (40 bytes).
    Removing stm32f10x_adc.o(.rev16_text), (4 bytes).
    Removing stm32f10x_adc.o(.revsh_text), (4 bytes).
    Removing stm32f10x_adc.o(.rrx_text), (6 bytes).
    Removing stm32f10x_adc.o(i.ADC_AnalogWatchdogCmd), (20 bytes).
    Removing stm32f10x_adc.o(i.ADC_AnalogWatchdogSingleChannelConfig), (16 bytes).
    Removing stm32f10x_adc.o(i.ADC_AnalogWatchdogThresholdsConfig), (6 bytes).
    Removing stm32f10x_adc.o(i.ADC_AutoInjectedConvCmd), (22 bytes).
    Removing stm32f10x_adc.o(i.ADC_ClearFlag), (6 bytes).
[...]
    i.DCD_HandleUSBSuspend_ISR               0x0800145c   Section        0  usb_dcd_int.o(i.DCD_HandleUSBSuspend_ISR)
    DCD_HandleUSBSuspend_ISR                 0x0800145d   Thumb Code   158  usb_dcd_int.o(i.DCD_HandleUSBSuspend_ISR)
    i.DCD_HandleUsbReset_ISR                 0x08001504   Section        0  usb_dcd_int.o(i.DCD_HandleUsbReset_ISR)
    DCD_HandleUsbReset_ISR                   0x08001505   Thumb Code   254  usb_dcd_int.o(i.DCD_HandleUsbReset_ISR)
    i.DCD_Init                               0x08001608   Section        0  usb_dcd.o(i.DCD_Init)
    i.DCD_IsoINIncomplete_ISR                0x080016a4   Section        0  usb_dcd_int.o(i.DCD_IsoINIncomplete_ISR)
    DCD_IsoINIncomplete_ISR                  0x080016a5   Thumb Code    40  usb_dcd_int.o(i.DCD_IsoINIncomplete_ISR)
    i.DCD_IsoOUTIncomplete_ISR               0x080016d0   Section        0  usb_dcd_int.o(i.DCD_IsoOUTIncomplete_ISR)
    DCD_IsoOUTIncomplete_ISR                 0x080016d1   Thumb Code    40  usb_dcd_int.o(i.DCD_IsoOUTIncomplete_ISR)
    i.DCD_OTG_ISR                            0x080016fc   Section        0  usb_dcd_int.o(i.DCD_OTG_ISR)
    DCD_OTG_ISR                              0x080016fd   Thumb Code    38  usb_dcd_int.o(i.DCD_OTG_ISR)
    i.DCD_ReadDevInEP                        0x08001728   Section        0  usb_dcd_int.o(i.DCD_ReadDevInEP)
    DCD_ReadDevInEP                          0x08001729   Thumb Code    40  usb_dcd_int.o(i.DCD_ReadDevInEP)
    i.DCD_SessionRequest_ISR                 0x08001750   Section        0  usb_dcd_int.o(i.DCD_SessionRequest_ISR)
    DCD_SessionRequest_ISR                   0x08001751   Thumb Code    40  usb_dcd_int.o(i.DCD_SessionRequest_ISR)
    i.DCD_WriteEmptyTxFifo                   0x0800177c   Section        0  usb_dcd_int.o(i.DCD_WriteEmptyTxFifo)
    DCD_WriteEmptyTxFifo                     0x0800177d   Thumb Code   172  usb_dcd_int.o(i.DCD_WriteEmptyTxFifo)
    i.DeFIFO                                 0x08001828   Section        0  fifo8.o(i.DeFIFO)
    i.DebugMon_Handler                       0x08001844   Section        0  stm32fxxx_it.o(i.DebugMon_Handler)
    i.Driver_Init                            0x08001846   Section        0  driver.o(i.Driver_Init)
    i.EnFIFO                                 0x08001856   Section        0  fifo8.o(i.EnFIFO)
    i.EnFIFOBuf                              0x08001870   Section        0  fifo8.o(i.EnFIFOBuf)
    i.FIFOLen                                0x080018f4   Section        0  fifo8.o(i.FIFOLen)
    i.GPIO_Init                              0x08001916   Section        0  stm32f10x_gpio.o(i.GPIO_Init)
    i.GPIO_PinRemapConfig                    0x08001a2c   Section        0  stm32f10x_gpio.o(i.GPIO_PinRemapConfig)
    i.GPIO_ResetBits                         0x08001abc   Section        0  stm32f10x_gpio.o(i.GPIO_ResetBits)
    i.Get_SerialNum                          0x08001ac0   Section        0  usbd_desc.o(i.Get_SerialNum)
    Get_SerialNum                            0x08001ac1   Thumb Code    42  usbd_desc.o(i.Get_SerialNum)
    i.Handle_USBAsynchXfer                   0x08001af4   Section        0  usbd_cdc_core.o(i.Handle_USBAsynchXfer)
    Handle_USBAsynchXfer                     0x08001af5   Thumb Code   200  usbd_cdc_core.o(i.Handle_USBAsynchXfer)
    i.HardFault_Handler                      0x08001bd0   Section        0  stm32fxxx_it.o(i.HardFault_Handler)
    i.InitFIFO                               0x08001bd4   Section        0  fifo8.o(i.InitFIFO)
    i.InitVar                                0x08001be0   Section        0  app.o(i.InitVar)
    InitVar                                  0x08001be1   Thumb Code    56  app.o(i.InitVar)
    i.Init_GPIO                              0x08001c34   Section        0  driver.o(i.Init_GPIO)
    Init_GPIO                                0x08001c35   Thumb Code    76  driver.o(i.Init_GPIO)
    i.IntToUnicode                           0x08001c84   Section        0  usbd_desc.o(i.IntToUnicode)
    IntToUnicode                             0x08001c85   Thumb Code    62  usbd_desc.o(i.IntToUnicode)
    i.MakeDataFrame                          0x08001cc4   Section        0  comm.o(i.MakeDataFrame)
    i.MemManage_Handler                      0x08001d58   Section        0  stm32fxxx_it.o(i.MemManage_Handler)
    i.NMI_Handler                            0x08001d5c   Section        0  stm32fxxx_it.o(i.NMI_Handler)
    i.NVIC_Config                            0x08001d5e   Section        0  driver.o(i.NVIC_Config)
    NVIC_Config                              0x08001d5f   Thumb Code   124  driver.o(i.NVIC_Config)
    i.NVIC_Init                              0x08001ddc   Section        0  misc.o(i.NVIC_Init)
    i.NVIC_PriorityGroupConfig               0x08001e4c   Section        0  misc.o(i.NVIC_PriorityGroupConfig)
    i.OTG_FS_IRQHandler                      0x08001e60   Section        0  stm32fxxx_it.o(i.OTG_FS_IRQHandler)
    i.PendSV_Handler                         0x08001e70   Section        0  stm32fxxx_it.o(i.PendSV_Handler)
    i.RCC_AHBPeriphClockCmd                  0x08001e74   Section        0  stm32f10x_rcc.o(i.RCC_AHBPeriphClockCmd)
    i.RCC_APB1PeriphClockCmd                 0x08001e94   Section        0  stm32f10x_rcc.o(i.RCC_APB1PeriphClockCmd)
    i.RCC_APB1PeriphResetCmd                 0x08001eb4   Section        0  stm32f10x_rcc.o(i.RCC_APB1PeriphResetCmd)
    i.RCC_APB2PeriphClockCmd                 0x08001ed4   Section        0  stm32f10x_rcc.o(i.RCC_APB2PeriphClockCmd)
    i.RCC_APB2PeriphResetCmd                 0x08001ef4   Section        0  stm32f10x_rcc.o(i.RCC_APB2PeriphResetCmd)
    i.RCC_GetClocksFreq                      0x08001f14   Section        0  stm32f10x_rcc.o(i.RCC_GetClocksFreq)
    i.RCC_OTGFSCLKConfig                     0x080020a4   Section        0  stm32f10x_rcc.o(i.RCC_OTGFSCLKConfig)
    i.RcvFrameFromFIFO                       0x080020b0   Section        0  comm.o(i.RcvFrameFromFIFO)
    i.SVC_Handler                            0x08002140   Section        0  stm32fxxx_it.o(i.SVC_Handler)
    i.SetSysClock                            0x08002142   Section        0  system_stm32f10x.o(i.SetSysClock)
    SetSysClock                              0x08002143   Thumb Code     8  system_stm32f10x.o(i.SetSysClock)
    i.SetSysClockTo72                        0x0800214c   Section        0  system_stm32f10x.o(i.SetSysClockTo72)
    SetSysClockTo72                          0x0800214d   Thumb Code   264  system_stm32f10x.o(i.SetSysClockTo72)
    i.SysTick_Handler                        0x08002264   Section        0  stm32fxxx_it.o(i.SysTick_Handler)
    i.SystemCoreClockUpdate                  0x08002268   Section        0  system_stm32f10x.o(i.SystemCoreClockUpdate)
    i.SystemInit                             0x08002368   Section        0  system_stm32f10x.o(i.SystemInit)
    i.TIM2_IRQHandler                        0x080023d4   Section        0  stm32fxxx_it.o(i.TIM2_IRQHandler)
    i.TIM_ClearFlag                          0x080023fc   Section        0  stm32f10x_tim.o(i.TIM_ClearFlag)
    i.TIM_ClearITPendingBit                  0x08002402   Section        0  stm32f10x_tim.o(i.TIM_ClearITPendingBit)
    i.TIM_Cmd                                0x08002408   Section        0  stm32f10x_tim.o(i.TIM_Cmd)
    i.TIM_DeInit                             0x08002420   Section        0  stm32f10x_tim.o(i.TIM_DeInit)
    i.TIM_GetITStatus                        0x08002608   Section        0  stm32f10x_tim.o(i.TIM_GetITStatus)
    i.TIM_ITConfig                           0x0800262a   Section        0  stm32f10x_tim.o(i.TIM_ITConfig)
    i.TIM_TimeBaseInit                       0x0800263c   Section        0  stm32f10x_tim.o(i.TIM_TimeBaseInit)
    i.USART1_IRQHandler                      0x080026e0   Section        0  usbd_cdc_vcp.o(i.USART1_IRQHandler)
    i.USART_GetFlagStatus                    0x080026fc   Section        0  stm32f10x_usart.o(i.USART_GetFlagStatus)
    i.USART_GetITStatus                      0x0800270e   Section        0  stm32f10x_usart.o(i.USART_GetITStatus)
    i.USART_ITConfig                         0x0800275a   Section        0  stm32f10x_usart.o(i.USART_ITConfig)
    i.USART_Init                             0x0800279c   Section        0  stm32f10x_usart.o(i.USART_Init)
    i.USBD_ClrCfg                            0x0800286c   Section        0  usbd_core.o(i.USBD_ClrCfg)
    i.USBD_ClrFeature                        0x08002882   Section        0  usbd_req.o(i.USBD_ClrFeature)
    USBD_ClrFeature                          0x08002883   Thumb Code    72  usbd_req.o(i.USBD_ClrFeature)
    i.USBD_CtlContinueRx                     0x080028ca   Section        0  usbd_ioreq.o(i.USBD_CtlContinueRx)
    i.USBD_CtlContinueSendData               0x080028e8   Section        0  usbd_ioreq.o(i.USBD_CtlContinueSendData)
    i.USBD_CtlError                          0x08002906   Section        0  usbd_req.o(i.USBD_CtlError)
    i.USBD_CtlPrepareRx                      0x08002924   Section        0  usbd_ioreq.o(i.USBD_CtlPrepareRx)
    i.USBD_CtlReceiveStatus                  0x08002952   Section        0  usbd_ioreq.o(i.USBD_CtlReceiveStatus)
    i.USBD_CtlSendData                       0x08002976   Section        0  usbd_ioreq.o(i.USBD_CtlSendData)
    i.USBD_CtlSendStatus                     0x080029a4   Section        0  usbd_ioreq.o(i.USBD_CtlSendStatus)
    i.USBD_DataInStage                       0x080029c8   Section        0  usbd_core.o(i.USBD_DataInStage)
    USBD_DataInStage                         0x080029c9   Thumb Code   232  usbd_core.o(i.USBD_DataInStage)
    i.USBD_DataOutStage                      0x08002ab0   Section        0  usbd_core.o(i.USBD_DataOutStage)
    USBD_DataOutStage                        0x08002ab1   Thumb Code   150  usbd_core.o(i.USBD_DataOutStage)
    i.USBD_DeInit                            0x08002b46   Section        0  usbd_core.o(i.USBD_DeInit)
    i.USBD_DevConnected                      0x08002b4c   Section        0  usbd_core.o(i.USBD_DevConnected)
    USBD_DevConnected                        0x08002b4d   Thumb Code    24  usbd_core.o(i.USBD_DevConnected)
    i.USBD_DevDisconnected                   0x08002b64   Section        0  usbd_core.o(i.USBD_DevDisconnected)
    USBD_DevDisconnected                     0x08002b65   Thumb Code    36  usbd_core.o(i.USBD_DevDisconnected)
    i.USBD_GetConfig                         0x08002b88   Section        0  usbd_req.o(i.USBD_GetConfig)
    USBD_GetConfig                           0x08002b89   Thumb Code    78  usbd_req.o(i.USBD_GetConfig)
    i.USBD_GetDescriptor                     0x08002bdc   Section        0  usbd_req.o(i.USBD_GetDescriptor)
    USBD_GetDescriptor                       0x08002bdd   Thumb Code   274  usbd_req.o(i.USBD_GetDescriptor)
    i.USBD_GetLen                            0x08002cee   Section        0  usbd_req.o(i.USBD_GetLen)
    USBD_GetLen                              0x08002cef   Thumb Code    20  usbd_req.o(i.USBD_GetLen)
    i.USBD_GetStatus                         0x08002d04   Section        0  usbd_req.o(i.USBD_GetStatus)
    USBD_GetStatus                           0x08002d05   Thumb Code    74  usbd_req.o(i.USBD_GetStatus)
    i.USBD_GetString                         0x08002d54   Section        0  usbd_req.o(i.USBD_GetString)
    i.USBD_Init                              0x08002da6   Section        0  usbd_core.o(i.USBD_Init)
    i.USBD_IsoINIncomplete                   0x08002de8   Section        0  usbd_core.o(i.USBD_IsoINIncomplete)
    USBD_IsoINIncomplete                     0x08002de9   Thumb Code    18  usbd_core.o(i.USBD_IsoINIncomplete)
    i.USBD_IsoOUTIncomplete                  0x08002dfa   Section        0  usbd_core.o(i.USBD_IsoOUTIncomplete)
    USBD_IsoOUTIncomplete                    0x08002dfb   Thumb Code    18  usbd_core.o(i.USBD_IsoOUTIncomplete)
    i.USBD_OTG_ISR_Handler                   0x08002e0c   Section        0  usb_dcd_int.o(i.USBD_OTG_ISR_Handler)
    i.USBD_ParseSetupRequest                 0x08002f0c   Section        0  usbd_req.o(i.USBD_ParseSetupRequest)
    i.USBD_Reset                             0x08002f54   Section        0  usbd_core.o(i.USBD_Reset)
    USBD_Reset                               0x08002f55   Thumb Code    50  usbd_core.o(i.USBD_Reset)
    i.USBD_Resume                            0x08002f86   Section        0  usbd_core.o(i.USBD_Resume)
    USBD_Resume                              0x08002f87   Thumb Code    30  usbd_core.o(i.USBD_Resume)
    i.USBD_RunTestMode                       0x08002fa4   Section        0  usbd_core.o(i.USBD_RunTestMode)
    USBD_RunTestMode                         0x08002fa5   Thumb Code    14  usbd_core.o(i.USBD_RunTestMode)
    i.USBD_SOF                               0x08002fb8   Section        0  usbd_core.o(i.USBD_SOF)
    USBD_SOF                                 0x08002fb9   Thumb Code    26  usbd_core.o(i.USBD_SOF)
    i.USBD_SetAddress                        0x08002fd2   Section        0  usbd_req.o(i.USBD_SetAddress)
    USBD_SetAddress                          0x08002fd3   Thumb Code    92  usbd_req.o(i.USBD_SetAddress)
    i.USBD_SetCfg                            0x0800302e   Section        0  usbd_core.o(i.USBD_SetCfg)
    i.USBD_SetConfig                         0x0800304c   Section        0  usbd_req.o(i.USBD_SetConfig)
    USBD_SetConfig                           0x0800304d   Thumb Code   204  usbd_req.o(i.USBD_SetConfig)
    i.USBD_SetFeature                        0x0800311c   Section        0  usbd_req.o(i.USBD_SetFeature)
    USBD_SetFeature                          0x0800311d   Thumb Code   172  usbd_req.o(i.USBD_SetFeature)
    i.USBD_SetupStage                        0x080031cc   Section        0  usbd_core.o(i.USBD_SetupStage)
    USBD_SetupStage                          0x080031cd   Thumb Code    84  usbd_core.o(i.USBD_SetupStage)
    i.USBD_StdDevReq                         0x08003220   Section        0  usbd_req.o(i.USBD_StdDevReq)
    i.USBD_StdEPReq                          0x08003294   Section        0  usbd_req.o(i.USBD_StdEPReq)
    i.USBD_StdItfReq                         0x0800340c   Section        0  usbd_req.o(i.USBD_StdItfReq)
    i.USBD_Suspend                           0x08003458   Section        0  usbd_core.o(i.USBD_Suspend)
    USBD_Suspend                             0x08003459   Thumb Code    32  usbd_core.o(i.USBD_Suspend)
    i.USBD_USR_ConfigStrDescriptor           0x08003478   Section        0  usbd_desc.o(i.USBD_USR_ConfigStrDescriptor)
    i.USBD_USR_DeviceConfigured              0x080034ac   Section        0  usbd_usr.o(i.USBD_USR_DeviceConfigured)
    i.USBD_USR_DeviceConnected               0x080034ae   Section        0  usbd_usr.o(i.USBD_USR_DeviceConnected)
    i.USBD_USR_DeviceDescriptor              0x080034b0   Section        0  usbd_desc.o(i.USBD_USR_DeviceDescriptor)
    i.USBD_USR_DeviceDisconnected            0x080034c0   Section        0  usbd_usr.o(i.USBD_USR_DeviceDisconnected)
    i.USBD_USR_DeviceReset                   0x080034c2   Section        0  usbd_usr.o(i.USBD_USR_DeviceReset)
    i.USBD_USR_DeviceResumed                 0x080034d4   Section        0  usbd_usr.o(i.USBD_USR_DeviceResumed)
    i.USBD_USR_DeviceSuspended               0x080034d6   Section        0  usbd_usr.o(i.USBD_USR_DeviceSuspended)
    i.USBD_USR_Init                          0x080034d8   Section        0  usbd_usr.o(i.USBD_USR_Init)
    i.USBD_USR_InterfaceStrDescriptor        0x080034dc   Section        0  usbd_desc.o(i.USBD_USR_InterfaceStrDescriptor)
    i.USBD_USR_LangIDStrDescriptor           0x08003514   Section        0  usbd_desc.o(i.USBD_USR_LangIDStrDescriptor)
    i.USBD_USR_ManufacturerStrDescriptor     0x08003524   Section        0  usbd_desc.o(i.USBD_USR_ManufacturerStrDescriptor)
    i.USBD_USR_ProductStrDescriptor          0x08003550   Section        0  usbd_desc.o(i.USBD_USR_ProductStrDescriptor)
    i.USBD_USR_SerialStrDescriptor           0x080035c0   Section        0  usbd_desc.o(i.USBD_USR_SerialStrDescriptor)
    i.USBD_cdc_GetCfgDesc                    0x080035d8   Section        0  usbd_cdc_core.o(i.USBD_cdc_GetCfgDesc)
    USBD_cdc_GetCfgDesc                      0x080035d9   Thumb Code    10  usbd_cdc_core.o(i.USBD_cdc_GetCfgDesc)
    i.USB_OTG_BSP_EnableInterrupt            0x080035e8   Section        0  usb_bsp.o(i.USB_OTG_BSP_EnableInterrupt)
    i.USB_OTG_BSP_Init                       0x080035ea   Section        0  usb_bsp.o(i.USB_OTG_BSP_Init)
    i.USB_OTG_BSP_mDelay                     0x080035fe   Section        0  usb_bsp.o(i.USB_OTG_BSP_mDelay)
    i.USB_OTG_BSP_uDelay                     0x08003610   Section        0  usb_bsp.o(i.USB_OTG_BSP_uDelay)
    i.USB_OTG_CoreInit                       0x0800362e   Section        0  usb_core.o(i.USB_OTG_CoreInit)
    i.USB_OTG_CoreInitDev                    0x08003748   Section        0  usb_core.o(i.USB_OTG_CoreInitDev)
    i.USB_OTG_CoreReset                      0x08003958   Section        0  usb_core.o(i.USB_OTG_CoreReset)
    USB_OTG_CoreReset                        0x08003959   Thumb Code   108  usb_core.o(i.USB_OTG_CoreReset)
    i.USB_OTG_DisableGlobalInt               0x080039c8   Section        0  usb_core.o(i.USB_OTG_DisableGlobalInt)
    i.USB_OTG_EP0Activate                    0x080039ea   Section        0  usb_core.o(i.USB_OTG_EP0Activate)
    i.USB_OTG_EP0StartXfer                   0x08003a5e   Section        0  usb_core.o(i.USB_OTG_EP0StartXfer)
    i.USB_OTG_EP0_OutStart                   0x08003bb4   Section        0  usb_core.o(i.USB_OTG_EP0_OutStart)
    i.USB_OTG_EPActivate                     0x08003c16   Section        0  usb_core.o(i.USB_OTG_EPActivate)
    i.USB_OTG_EPClearStall                   0x08003cae   Section        0  usb_core.o(i.USB_OTG_EPClearStall)
    i.USB_OTG_EPDeactivate                   0x08003cfe   Section        0  usb_core.o(i.USB_OTG_EPDeactivate)
    i.USB_OTG_EPSetStall                     0x08003d5c   Section        0  usb_core.o(i.USB_OTG_EPSetStall)
    i.USB_OTG_EPStartXfer                    0x08003dc0   Section        0  usb_core.o(i.USB_OTG_EPStartXfer)
    i.USB_OTG_EnableCommonInt                0x08003fbe   Section        0  usb_core.o(i.USB_OTG_EnableCommonInt)
    USB_OTG_EnableCommonInt                  0x08003fbf   Thumb Code    52  usb_core.o(i.USB_OTG_EnableCommonInt)
    i.USB_OTG_EnableDevInt                   0x08003ff2   Section        0  usb_core.o(i.USB_OTG_EnableDevInt)
    i.USB_OTG_EnableGlobalInt                0x080040a2   Section        0  usb_core.o(i.USB_OTG_EnableGlobalInt)
    i.USB_OTG_FlushRxFifo                    0x080040c4   Section        0  usb_core.o(i.USB_OTG_FlushRxFifo)
    i.USB_OTG_FlushTxFifo                    0x08004110   Section        0  usb_core.o(i.USB_OTG_FlushTxFifo)
    i.USB_OTG_GetDeviceSpeed                 0x08004164   Section        0  usb_core.o(i.USB_OTG_GetDeviceSpeed)
    i.USB_OTG_GetMode                        0x0800419c   Section        0  usb_core.o(i.USB_OTG_GetMode)
    i.USB_OTG_InitDevSpeed                   0x080041a8   Section        0  usb_core.o(i.USB_OTG_InitDevSpeed)
    i.USB_OTG_IsDeviceMode                   0x080041c0   Section        0  usb_core.o(i.USB_OTG_IsDeviceMode)
    i.USB_OTG_ReadCoreItr                    0x080041d6   Section        0  usb_core.o(i.USB_OTG_ReadCoreItr)
    i.USB_OTG_ReadDevAllInEPItr              0x080041e6   Section        0  usb_core.o(i.USB_OTG_ReadDevAllInEPItr)
    i.USB_OTG_ReadDevAllOutEp_itr            0x080041f6   Section        0  usb_core.o(i.USB_OTG_ReadDevAllOutEp_itr)
    i.USB_OTG_ReadDevOutEP_itr               0x08004206   Section        0  usb_core.o(i.USB_OTG_ReadDevOutEP_itr)
    i.USB_OTG_ReadPacket                     0x0800421a   Section        0  usb_core.o(i.USB_OTG_ReadPacket)
    i.USB_OTG_SelectCore                     0x08004244   Section        0  usb_core.o(i.USB_OTG_SelectCore)
    i.USB_OTG_SetCurrentMode                 0x08004314   Section        0  usb_core.o(i.USB_OTG_SetCurrentMode)
    i.USB_OTG_WritePacket                    0x08004362   Section        0  usb_core.o(i.USB_OTG_WritePacket)
    i.UsageFault_Handler                     0x080043a2   Section        0  stm32fxxx_it.o(i.UsageFault_Handler)
    i.UsbSendData                            0x080043a6   Section        0  usbd_cdc_vcp.o(i.UsbSendData)
    i.VCP_Ctrl                               0x080043b0   Section        0  usbd_cdc_vcp.o(i.VCP_Ctrl)
    VCP_Ctrl                                 0x080043b1   Thumb Code   126  usbd_cdc_vcp.o(i.VCP_Ctrl)
    i.VCP_DataRx                             0x08004434   Section        0  usbd_cdc_vcp.o(i.VCP_DataRx)
    VCP_DataRx                               0x08004435   Thumb Code    28  usbd_cdc_vcp.o(i.VCP_DataRx)
    i.VCP_DataTx                             0x08004454   Section        0  usbd_cdc_vcp.o(i.VCP_DataTx)
    VCP_DataTx                               0x08004455   Thumb Code    12  usbd_cdc_vcp.o(i.VCP_DataTx)
    i.VCP_DeInit                             0x08004468   Section        0  usbd_cdc_vcp.o(i.VCP_DeInit)
    VCP_DeInit                               0x08004469   Thumb Code     4  usbd_cdc_vcp.o(i.VCP_DeInit)
    i.VCP_Init                               0x0800446c   Section        0  usbd_cdc_vcp.o(i.VCP_Init)
    VCP_Init                                 0x0800446d   Thumb Code    80  usbd_cdc_vcp.o(i.VCP_Init)
    i.drv_GetCurTime                         0x080044c4   Section        0  driver.o(i.drv_GetCurTime)
    i.drv_timer2_init                        0x080044d8   Section        0  driver.o(i.drv_timer2_init)
    drv_timer2_init                          0x080044d9   Thumb Code    86  driver.o(i.drv_timer2_init)
    i.main                                   0x08004530   Section        0  app.o(i.main)
    i.usbd_cdc_DataIn                        0x0800457c   Section        0  usbd_cdc_core.o(i.usbd_cdc_DataIn)
    i.usbd_cdc_DataOut                       0x0800462c   Section        0  usbd_cdc_core.o(i.usbd_cdc_DataOut)
    i.usbd_cdc_DeInit                        0x08004664   Section        0  usbd_cdc_core.o(i.usbd_cdc_DeInit)
    i.usbd_cdc_EP0_RxReady                   0x08004690   Section        0  usbd_cdc_core.o(i.usbd_cdc_EP0_RxReady)
    i.usbd_cdc_Init                          0x080046c8   Section        0  usbd_cdc_core.o(i.usbd_cdc_Init)
    i.usbd_cdc_SOF                           0x08004720   Section        0  usbd_cdc_core.o(i.usbd_cdc_SOF)
    i.usbd_cdc_Setup                         0x08004748   Section        0  usbd_cdc_core.o(i.usbd_cdc_Setup)
    .data                                    0x20000000   Section      152  usbd_cdc_core.o(.data)
    usbd_cdc_AltSet                          0x20000000   Data           4  usbd_cdc_core.o(.data)
    cdcCmd                                   0x2000001c   Data           4  usbd_cdc_core.o(.data)
    cdcLen                                   0x20000020   Data           4  usbd_cdc_core.o(.data)
    FrameCount                               0x20000094   Data           4  usbd_cdc_core.o(.data)
    .data                                    0x20000098   Section       13  usbd_req.o(.data)
    cfgidx                                   0x200000a4   Data           1  usbd_req.o(.data)
    .data                                    0x200000a8   Section       52  usbd_core.o(.data)
    .data                                    0x200000dc   Section       20  system_stm32f10x.o(.data)
    .data                                    0x200000f0   Section       28  usbd_cdc_vcp.o(.data)
    .data                                    0x2000010c   Section       86  usbd_desc.o(.data)
    .data                                    0x20000164   Section       12  app.o(.data)
    .data                                    0x20000170   Section       28  usbd_usr.o(.data)
    .data                                    0x2000018c   Section        8  can.o(.data)
    i                                        0x2000018c   Data           4  can.o(.data)
    i                                        0x20000190   Data           4  can.o(.data)
    .data                                    0x20000194   Section       20  stm32f10x_rcc.o(.data)
    APBAHBPrescTable                         0x20000194   Data          16  stm32f10x_rcc.o(.data)
    ADCPrescTable                            0x200001a4   Data           4  stm32f10x_rcc.o(.data)
    .bss                                     0x200001a8   Section     8323  usbd_cdc_core.o(.bss)
    .bss                                     0x2000222c   Section       16  usbd_cdc_vcp.o(.bss)
    .bss                                     0x2000223c   Section      255  usbd_desc.o(.bss)
    .bss                                     0x2000233c   Section     3668  app.o(.bss)
    .bss                                     0x20003190   Section       20  can.o(.bss)
    .bss                                     0x200031a4   Section       64  comm.o(.bss)
    TxFrameBuff                              0x200031a4   Data          64  comm.o(.bss)
    .bss                                     0x200031e4   Section       96  libspace.o(.bss)
    HEAP                                     0x20003248   Section      512  startup_stm32f10x_cl.o(HEAP)
    Heap_Mem                                 0x20003248   Data         512  startup_stm32f10x_cl.o(HEAP)
    STACK                                    0x20003448   Section     1024  startup_stm32f10x_cl.o(STACK)
    Stack_Mem                                0x20003448   Data        1024  startup_stm32f10x_cl.o(STACK)
    __initial_sp                             0x20003848   Data           0  startup_stm32f10x_cl.o(STACK)

    Global Symbols

    Symbol Name                              Value     Ov Type        Size  Object(Section)

    BuildAttributes$$THM_ISAv4$P$D$K$B$S$PE$A:L22UL41UL21$X:L11$S22US41US21$IEEE1$IW$USESV6$~STKCKD$USESV7$~SHL$OSPACE$ROPI$EBA8$UX$STANDARDLIB$REQ8$PRES8$EABIv2 0x00000000   Number         0  anon$$obj.o ABSOLUTE
    __ARM_use_no_argv                        0x00000000   Number         0  app.o ABSOLUTE
    __ARM_exceptions_init                     - Undefined Weak Reference
    __alloca_initialize                       - Undefined Weak Reference
    __arm_preinit_                            - Undefined Weak Reference
    __cpp_initialize__aeabi_                  - Undefined Weak Reference
    __cxa_finalize                            - Undefined Weak Reference
    __rt_locale                               - Undefined Weak Reference
    __sigvec_lookup                           - Undefined Weak Reference
    _atexit_init                              - Undefined Weak Reference
    _call_atexit_fns                          - Undefined Weak Reference
    _clock_init                               - Undefined Weak Reference
    _fp_trap_init                             - Undefined Weak Reference
    _fp_trap_shutdown                         - Undefined Weak Reference
    _get_lc_collate                           - Undefined Weak Reference
    _get_lc_ctype                             - Undefined Weak Reference
    _get_lc_monetary                          - Undefined Weak Reference
    _get_lc_numeric                           - Undefined Weak Reference
    _get_lc_time                              - Undefined Weak Reference
    _getenv_init                              - Undefined Weak Reference
    _handle_redirection                       - Undefined Weak Reference
    _init_alloc                               - Undefined Weak Reference
    _init_user_alloc                          - Undefined Weak Reference
    _initio                                   - Undefined Weak Reference
    _rand_init                                - Undefined Weak Reference
    _signal_finish                            - Undefined Weak Reference
    _signal_init                              - Undefined Weak Reference
    _terminate_alloc                          - Undefined Weak Reference
    _terminate_user_alloc                     - Undefined Weak Reference
    _terminateio                              - Undefined Weak Reference
    __Vectors_Size                           0x00000150   Number         0  startup_stm32f10x_cl.o ABSOLUTE
    __Vectors                                0x08000000   Data           4  startup_stm32f10x_cl.o(RESET)
    __Vectors_End                            0x08000150   Data           0  startup_stm32f10x_cl.o(RESET)
    __main                                   0x08000151   Thumb Code     8  __main.o(!!!main)
    __scatterload                            0x08000159   Thumb Code     0  __scatter.o(!!!scatter)
    __scatterload_rt2                        0x08000159   Thumb Code    44  __scatter.o(!!!scatter)
    __scatterload_rt2_thumb_only             0x08000159   Thumb Code     0  __scatter.o(!!!scatter)
    __scatterload_null                       0x08000167   Thumb Code     0  __scatter.o(!!!scatter)
    __decompress                             0x0800018d   Thumb Code    90  __dczerorl2.o(!!dczerorl2)
    __decompress1                            0x0800018d   Thumb Code     0  __dczerorl2.o(!!dczerorl2)
    __scatterload_zeroinit                   0x080001e9   Thumb Code    28  __scatter_zi.o(!!handler_zi)
    __rt_lib_init                            0x08000205   Thumb Code     0  libinit.o(.ARM.Collect$$libinit$$00000000)
    __rt_lib_init_alloca_1                   0x08000207   Thumb Code     0  libinit2.o(.ARM.Collect$$libinit$$0000002E)
    __rt_lib_init_argv_1                     0x08000207   Thumb Code     0  libinit2.o(.ARM.Collect$$libinit$$0000002C)
    __rt_lib_init_atexit_1                   0x08000207   Thumb Code     0  libinit2.o(.ARM.Collect$$libinit$$0000001B)
    __rt_lib_init_clock_1                    0x08000207   Thumb Code     0  libinit2.o(.ARM.Collect$$libinit$$00000021)
    __rt_lib_init_cpp_1                      0x08000207   Thumb Code     0  libinit2.o(.ARM.Collect$$libinit$$00000032)
    __rt_lib_init_exceptions_1               0x08000207   Thumb Code     0  libinit2.o(.ARM.Collect$$libinit$$00000030)
    __rt_lib_init_fp_1                       0x08000207   Thumb Code     0  libinit2.o(.ARM.Collect$$libinit$$00000002)
    __rt_lib_init_fp_trap_1                  0x08000207   Thumb Code     0  libinit2.o(.ARM.Collect$$libinit$$0000001F)
    __rt_lib_init_getenv_1                   0x08000207   Thumb Code     0  libinit2.o(.ARM.Collect$$libinit$$00000023)
    __rt_lib_init_heap_1                     0x08000207   Thumb Code     0  libinit2.o(.ARM.Collect$$libinit$$0000000A)
    __rt_lib_init_lc_collate_1               0x08000207   Thumb Code     0  libinit2.o(.ARM.Collect$$libinit$$00000011)
    __rt_lib_init_lc_ctype_1                 0x08000207   Thumb Code     0  libinit2.o(.ARM.Collect$$libinit$$00000013)
    __rt_lib_init_lc_monetary_1              0x08000207   Thumb Code     0  libinit2.o(.ARM.Collect$$libinit$$00000015)
    __rt_lib_init_lc_numeric_1               0x08000207   Thumb Code     0  libinit2.o(.ARM.Collect$$libinit$$00000017)
    __rt_lib_init_lc_time_1                  0x08000207   Thumb Code     0  libinit2.o(.ARM.Collect$$libinit$$00000019)
    __rt_lib_init_preinit_1                  0x08000207   Thumb Code     0  libinit2.o(.ARM.Collect$$libinit$$00000004)
    __rt_lib_init_rand_1                     0x08000207   Thumb Code     0  libinit2.o(.ARM.Collect$$libinit$$0000000E)
    __rt_lib_init_return                     0x08000207   Thumb Code     0  libinit2.o(.ARM.Collect$$libinit$$00000033)
    __rt_lib_init_signal_1                   0x08000207   Thumb Code     0  libinit2.o(.ARM.Collect$$libinit$$0000001D)
    __rt_lib_init_stdio_1                    0x08000207   Thumb Code     0  libinit2.o(.ARM.Collect$$libinit$$00000025)
    __rt_lib_init_user_alloc_1               0x08000207   Thumb Code     0  libinit2.o(.ARM.Collect$$libinit$$0000000C)
    __rt_lib_shutdown                        0x08000209   Thumb Code     0  libshutdown.o(.ARM.Collect$$libshutdown$$00000000)
    __rt_lib_shutdown_cpp_1                  0x0800020b   Thumb Code     0  libshutdown2.o(.ARM.Collect$$libshutdown$$00000002)
    __rt_lib_shutdown_fp_trap_1              0x0800020b   Thumb Code     0  libshutdown2.o(.ARM.Collect$$libshutdown$$00000007)
    __rt_lib_shutdown_heap_1                 0x0800020b   Thumb Code     0  libshutdown2.o(.ARM.Collect$$libshutdown$$0000000F)
    __rt_lib_shutdown_return                 0x0800020b   Thumb Code     0  libshutdown2.o(.ARM.Collect$$libshutdown$$00000010)
    __rt_lib_shutdown_signal_1               0x0800020b   Thumb Code     0  libshutdown2.o(.ARM.Collect$$libshutdown$$0000000A)
    __rt_lib_shutdown_stdio_1                0x0800020b   Thumb Code     0  libshutdown2.o(.ARM.Collect$$libshutdown$$00000004)
    __rt_lib_shutdown_user_alloc_1           0x0800020b   Thumb Code     0  libshutdown2.o(.ARM.Collect$$libshutdown$$0000000C)
    __rt_entry                               0x0800020d   Thumb Code     0  __rtentry.o(.ARM.Collect$$rtentry$$00000000)
    __rt_entry_presh_1                       0x0800020d   Thumb Code     0  __rtentry2.o(.ARM.Collect$$rtentry$$00000002)
    __rt_entry_sh                            0x0800020d   Thumb Code     0  __rtentry4.o(.ARM.Collect$$rtentry$$00000004)
    __rt_entry_li                            0x08000213   Thumb Code     0  __rtentry2.o(.ARM.Collect$$rtentry$$0000000A)
    __rt_entry_postsh_1                      0x08000213   Thumb Code     0  __rtentry2.o(.ARM.Collect$$rtentry$$00000009)
    __rt_entry_main                          0x08000217   Thumb Code     0  __rtentry2.o(.ARM.Collect$$rtentry$$0000000D)
    __rt_entry_postli_1                      0x08000217   Thumb Code     0  __rtentry2.o(.ARM.Collect$$rtentry$$0000000C)
    __rt_exit                                0x0800021f   Thumb Code     0  rtexit.o(.ARM.Collect$$rtexit$$00000000)
    __rt_exit_ls                             0x08000221   Thumb Code     0  rtexit2.o(.ARM.Collect$$rtexit$$00000003)
    __rt_exit_prels_1                        0x08000221   Thumb Code     0  rtexit2.o(.ARM.Collect$$rtexit$$00000002)
    __rt_exit_exit                           0x08000225   Thumb Code     0  rtexit2.o(.ARM.Collect$$rtexit$$00000004)
    Reset_Handler                            0x0800022d   Thumb Code     8  startup_stm32f10x_cl.o(.text)
    ADC1_2_IRQHandler                        0x08000247   Thumb Code     0  startup_stm32f10x_cl.o(.text)
    CAN1_RX1_IRQHandler                      0x08000247   Thumb Code     0  startup_stm32f10x_cl.o(.text)
    CAN1_SCE_IRQHandler                      0x08000247   Thumb Code     0  startup_stm32f10x_cl.o(.text)
    CAN1_TX_IRQHandler                       0x08000247   Thumb Code     0  startup_stm32f10x_cl.o(.text)
    CAN2_RX0_IRQHandler                      0x08000247   Thumb Code     0  startup_stm32f10x_cl.o(.text)
    CAN2_SCE_IRQHandler                      0x08000247   Thumb Code     0  startup_stm32f10x_cl.o(.text)
    CAN2_TX_IRQHandler                       0x08000247   Thumb Code     0  startup_stm32f10x_cl.o(.text)
    DMA1_Channel1_IRQHandler                 0x08000247   Thumb Code     0  startup_stm32f10x_cl.o(.text)
    DMA1_Channel2_IRQHandler                 0x08000247   Thumb Code     0  startup_stm32f10x_cl.o(.text)
    DMA1_Channel3_IRQHandler                 0x08000247   Thumb Code     0  startup_stm32f10x_cl.o(.text)
    DMA1_Channel4_IRQHandler                 0x08000247   Thumb Code     0  startup_stm32f10x_cl.o(.text)
    DMA1_Channel5_IRQHandler                 0x08000247   Thumb Code     0  startup_stm32f10x_cl.o(.text)
    DMA1_Channel6_IRQHandler                 0x08000247   Thumb Code     0  startup_stm32f10x_cl.o(.text)
    DMA1_Channel7_IRQHandler                 0x08000247   Thumb Code     0  startup_stm32f10x_cl.o(.text)
    DMA2_Channel1_IRQHandler                 0x08000247   Thumb Code     0  startup_stm32f10x_cl.o(.text)
    DMA2_Channel2_IRQHandler                 0x08000247   Thumb Code     0  startup_stm32f10x_cl.o(.text)
    DMA2_Channel3_IRQHandler                 0x08000247   Thumb Code     0  startup_stm32f10x_cl.o(.text)
    DMA2_Channel4_IRQHandler                 0x08000247   Thumb Code     0  startup_stm32f10x_cl.o(.text)
    DMA2_Channel5_IRQHandler                 0x08000247   Thumb Code     0  startup_stm32f10x_cl.o(.text)
    ETH_IRQHandler                           0x08000247   Thumb Code     0  startup_stm32f10x_cl.o(.text)
    ETH_WKUP_IRQHandler                      0x08000247   Thumb Code     0  startup_stm32f10x_cl.o(.text)
    EXTI0_IRQHandler                         0x08000247   Thumb Code     0  startup_stm32f10x_cl.o(.text)
    EXTI15_10_IRQHandler                     0x08000247   Thumb Code     0  startup_stm32f10x_cl.o(.text)
    EXTI1_IRQHandler                         0x08000247   Thumb Code     0  startup_stm32f10x_cl.o(.text)
    EXTI2_IRQHandler                         0x08000247   Thumb Code     0  startup_stm32f10x_cl.o(.text)
    EXTI3_IRQHandler                         0x08000247   Thumb Code     0  startup_stm32f10x_cl.o(.text)
    EXTI4_IRQHandler                         0x08000247   Thumb Code     0  startup_stm32f10x_cl.o(.text)
    EXTI9_5_IRQHandler                       0x08000247   Thumb Code     0  startup_stm32f10x_cl.o(.text)
    FLASH_IRQHandler                         0x08000247   Thumb Code     0  startup_stm32f10x_cl.o(.text)
    I2C1_ER_IRQHandler                       0x08000247   Thumb Code     0  startup_stm32f10x_cl.o(.text)
    I2C1_EV_IRQHandler                       0x08000247   Thumb Code     0  startup_stm32f10x_cl.o(.text)
    I2C2_ER_IRQHandler                       0x08000247   Thumb Code     0  startup_stm32f10x_cl.o(.text)
    I2C2_EV_IRQHandler                       0x08000247   Thumb Code     0  startup_stm32f10x_cl.o(.text)
    OTG_FS_WKUP_IRQHandler                   0x08000247   Thumb Code     0  startup_stm32f10x_cl.o(.text)
    PVD_IRQHandler                           0x08000247   Thumb Code     0  startup_stm32f10x_cl.o(.text)
    RCC_IRQHandler                           0x08000247   Thumb Code     0  startup_stm32f10x_cl.o(.text)
    RTCAlarm_IRQHandler                      0x08000247   Thumb Code     0  startup_stm32f10x_cl.o(.text)
    RTC_IRQHandler                           0x08000247   Thumb Code     0  startup_stm32f10x_cl.o(.text)
    SPI1_IRQHandler                          0x08000247   Thumb Code     0  startup_stm32f10x_cl.o(.text)
    SPI2_IRQHandler                          0x08000247   Thumb Code     0  startup_stm32f10x_cl.o(.text)
    SPI3_IRQHandler                          0x08000247   Thumb Code     0  startup_stm32f10x_cl.o(.text)
    TAMPER_IRQHandler                        0x08000247   Thumb Code     0  startup_stm32f10x_cl.o(.text)
    TIM1_BRK_IRQHandler                      0x08000247   Thumb Code     0  startup_stm32f10x_cl.o(.text)
    TIM1_CC_IRQHandler                       0x08000247   Thumb Code     0  startup_stm32f10x_cl.o(.text)
    TIM1_TRG_COM_IRQHandler                  0x08000247   Thumb Code     0  startup_stm32f10x_cl.o(.text)
    TIM1_UP_IRQHandler                       0x08000247   Thumb Code     0  startup_stm32f10x_cl.o(.text)
    TIM3_IRQHandler                          0x08000247   Thumb Code     0  startup_stm32f10x_cl.o(.text)
    TIM4_IRQHandler                          0x08000247   Thumb Code     0  startup_stm32f10x_cl.o(.text)
    TIM5_IRQHandler                          0x08000247   Thumb Code     0  startup_stm32f10x_cl.o(.text)
    TIM6_IRQHandler                          0x08000247   Thumb Code     0  startup_stm32f10x_cl.o(.text)
    TIM7_IRQHandler                          0x08000247   Thumb Code     0  startup_stm32f10x_cl.o(.text)
    UART4_IRQHandler                         0x08000247   Thumb Code     0  startup_stm32f10x_cl.o(.text)
    UART5_IRQHandler                         0x08000247   Thumb Code     0  startup_stm32f10x_cl.o(.text)
    USART2_IRQHandler                        0x08000247   Thumb Code     0  startup_stm32f10x_cl.o(.text)
    USART3_IRQHandler                        0x08000247   Thumb Code     0  startup_stm32f10x_cl.o(.text)
    WWDG_IRQHandler                          0x08000247   Thumb Code     0  startup_stm32f10x_cl.o(.text)
    __user_initial_stackheap                 0x08000249   Thumb Code     0  startup_stm32f10x_cl.o(.text)
    __aeabi_memcpy                           0x0800026d   Thumb Code     0  rt_memcpy_v6.o(.text)
    __rt_memcpy                              0x0800026d   Thumb Code   138  rt_memcpy_v6.o(.text)
    _memcpy_lastbytes                        0x080002d3   Thumb Code     0  rt_memcpy_v6.o(.text)
    __use_two_region_memory                  0x080002f7   Thumb Code     2  heapauxi.o(.text)
    __rt_heap_escrow$2region                 0x080002f9   Thumb Code     2  heapauxi.o(.text)
    __rt_heap_expand$2region                 0x080002fb   Thumb Code     2  heapauxi.o(.text)
    __aeabi_memcpy4                          0x080002fd   Thumb Code     0  rt_memcpy_w.o(.text)
    __aeabi_memcpy8                          0x080002fd   Thumb Code     0  rt_memcpy_w.o(.text)
    __rt_memcpy_w                            0x080002fd   Thumb Code   100  rt_memcpy_w.o(.text)
    _memcpy_lastbytes_aligned                0x08000345   Thumb Code     0  rt_memcpy_w.o(.text)
    __user_setup_stackheap                   0x08000361   Thumb Code    74  sys_stackheap_outer.o(.text)
    exit                                     0x080003ab   Thumb Code    18  exit.o(.text)
    __user_libspace                          0x080003bd   Thumb Code     8  libspace.o(.text)
    __user_perproc_libspace                  0x080003bd   Thumb Code     0  libspace.o(.text)
    __user_perthread_libspace                0x080003bd   Thumb Code     0  libspace.o(.text)
    _sys_exit                                0x080003c5   Thumb Code     8  sys_exit.o(.text)
    __I$use$semihosting                      0x080003d1   Thumb Code     0  use_no_semi.o(.text)
    __use_no_semihosting_swi                 0x080003d1   Thumb Code     2  use_no_semi.o(.text)
    BusFault_Handler                         0x080003d3   Thumb Code     4  stm32fxxx_it.o(i.BusFault_Handler)
    __semihosting_library_function           0x080003d3   Thumb Code     0  indicate_semi.o(.text)
    CAN1_Config                              0x080003d9   Thumb Code   288  can.o(i.CAN1_Config)
    CAN1_RX0_IRQHandler                      0x08000505   Thumb Code   120  can.o(i.CAN1_RX0_IRQHandler)
    CAN2_Config                              0x0800058d   Thumb Code   272  can.o(i.CAN2_Config)
    CAN2_RX1_IRQHandler                      0x080006a9   Thumb Code   120  can.o(i.CAN2_RX1_IRQHandler)
    CAN_ClearITPendingBit                    0x08000731   Thumb Code   162  stm32f10x_can.o(i.CAN_ClearITPendingBit)
    CAN_DeInit                               0x080007d9   Thumb Code    50  stm32f10x_can.o(i.CAN_DeInit)
    CAN_FilterInit                           0x08000811   Thumb Code   258  stm32f10x_can.o(i.CAN_FilterInit)
    CAN_GetITStatus                          0x08000919   Thumb Code   284  stm32f10x_can.o(i.CAN_GetITStatus)
    CAN_ITConfig                             0x08000a39   Thumb Code    18  stm32f10x_can.o(i.CAN_ITConfig)
    CAN_Init                                 0x08000a4b   Thumb Code   276  stm32f10x_can.o(i.CAN_Init)
    CAN_Receive                              0x08000b5f   Thumb Code   240  stm32f10x_can.o(i.CAN_Receive)
    CAN_StructInit                           0x08000c4f   Thumb Code    32  stm32f10x_can.o(i.CAN_StructInit)
    CheckFIFOByte                            0x08000c6f   Thumb Code    10  fifo8.o(i.CheckFIFOByte)
    CommFuncs                                0x08000caf   Thumb Code    40  comm.o(i.CommFuncs)
    DCD_EP_Close                             0x08000d55   Thumb Code    74  usb_dcd.o(i.DCD_EP_Close)
    DCD_EP_ClrStall                          0x08000d9f   Thumb Code    72  usb_dcd.o(i.DCD_EP_ClrStall)
    DCD_EP_Open                              0x08000de7   Thumb Code   104  usb_dcd.o(i.DCD_EP_Open)
    DCD_EP_PrepareRx                         0x08000e4f   Thumb Code    82  usb_dcd.o(i.DCD_EP_PrepareRx)
    DCD_EP_SetAddress                        0x08000ea1   Thumb Code    28  usb_dcd.o(i.DCD_EP_SetAddress)
    DCD_EP_Stall                             0x08000ebd   Thumb Code    72  usb_dcd.o(i.DCD_EP_Stall)
    DCD_EP_Tx                                0x08000f05   Thumb Code    78  usb_dcd.o(i.DCD_EP_Tx)
    DCD_Init                                 0x08001609   Thumb Code   156  usb_dcd.o(i.DCD_Init)
    DeFIFO                                   0x08001829   Thumb Code    28  fifo8.o(i.DeFIFO)
    DebugMon_Handler                         0x08001845   Thumb Code     2  stm32fxxx_it.o(i.DebugMon_Handler)
    Driver_Init                              0x08001847   Thumb Code    16  driver.o(i.Driver_Init)
    EnFIFO                                   0x08001857   Thumb Code    26  fifo8.o(i.EnFIFO)
    EnFIFOBuf                                0x08001871   Thumb Code   132  fifo8.o(i.EnFIFOBuf)
    FIFOLen                                  0x080018f5   Thumb Code    34  fifo8.o(i.FIFOLen)
    GPIO_Init                                0x08001917   Thumb Code   278  stm32f10x_gpio.o(i.GPIO_Init)
    GPIO_PinRemapConfig                      0x08001a2d   Thumb Code   138  stm32f10x_gpio.o(i.GPIO_PinRemapConfig)
    GPIO_ResetBits                           0x08001abd   Thumb Code     4  stm32f10x_gpio.o(i.GPIO_ResetBits)
    HardFault_Handler                        0x08001bd1   Thumb Code     4  stm32fxxx_it.o(i.HardFault_Handler)
    InitFIFO                                 0x08001bd5   Thumb Code    12  fifo8.o(i.InitFIFO)
    MakeDataFrame                            0x08001cc5   Thumb Code   128  comm.o(i.MakeDataFrame)
    MemManage_Handler                        0x08001d59   Thumb Code     4  stm32fxxx_it.o(i.MemManage_Handler)
    NMI_Handler                              0x08001d5d   Thumb Code     2  stm32fxxx_it.o(i.NMI_Handler)
    NVIC_Init                                0x08001ddd   Thumb Code   100  misc.o(i.NVIC_Init)
    NVIC_PriorityGroupConfig                 0x08001e4d   Thumb Code    10  misc.o(i.NVIC_PriorityGroupConfig)
    OTG_FS_IRQHandler                        0x08001e61   Thumb Code    10  stm32fxxx_it.o(i.OTG_FS_IRQHandler)
    PendSV_Handler                           0x08001e71   Thumb Code     2  stm32fxxx_it.o(i.PendSV_Handler)
    RCC_AHBPeriphClockCmd                    0x08001e75   Thumb Code    26  stm32f10x_rcc.o(i.RCC_AHBPeriphClockCmd)
    RCC_APB1PeriphClockCmd                   0x08001e95   Thumb Code    26  stm32f10x_rcc.o(i.RCC_APB1PeriphClockCmd)
    RCC_APB1PeriphResetCmd                   0x08001eb5   Thumb Code    26  stm32f10x_rcc.o(i.RCC_APB1PeriphResetCmd)
    RCC_APB2PeriphClockCmd                   0x08001ed5   Thumb Code    26  stm32f10x_rcc.o(i.RCC_APB2PeriphClockCmd)
    RCC_APB2PeriphResetCmd                   0x08001ef5   Thumb Code    26  stm32f10x_rcc.o(i.RCC_APB2PeriphResetCmd)
    RCC_GetClocksFreq                        0x08001f15   Thumb Code   374  stm32f10x_rcc.o(i.RCC_GetClocksFreq)
    RCC_OTGFSCLKConfig                       0x080020a5   Thumb Code     6  stm32f10x_rcc.o(i.RCC_OTGFSCLKConfig)
    RcvFrameFromFIFO                         0x080020b1   Thumb Code   144  comm.o(i.RcvFrameFromFIFO)
    SVC_Handler                              0x08002141   Thumb Code     2  stm32fxxx_it.o(i.SVC_Handler)
    SysTick_Handler                          0x08002265   Thumb Code     2  stm32fxxx_it.o(i.SysTick_Handler)
    SystemCoreClockUpdate                    0x08002269   Thumb Code   232  system_stm32f10x.o(i.SystemCoreClockUpdate)
    SystemInit                               0x08002369   Thumb Code    92  system_stm32f10x.o(i.SystemInit)
    TIM2_IRQHandler                          0x080023d5   Thumb Code    36  stm32fxxx_it.o(i.TIM2_IRQHandler)
    TIM_ClearFlag                            0x080023fd   Thumb Code     6  stm32f10x_tim.o(i.TIM_ClearFlag)
    TIM_ClearITPendingBit                    0x08002403   Thumb Code     6  stm32f10x_tim.o(i.TIM_ClearITPendingBit)
    TIM_Cmd                                  0x08002409   Thumb Code    24  stm32f10x_tim.o(i.TIM_Cmd)
    TIM_DeInit                               0x08002421   Thumb Code   424  stm32f10x_tim.o(i.TIM_DeInit)
    TIM_GetITStatus                          0x08002609   Thumb Code    34  stm32f10x_tim.o(i.TIM_GetITStatus)
    TIM_ITConfig                             0x0800262b   Thumb Code    18  stm32f10x_tim.o(i.TIM_ITConfig)
    TIM_TimeBaseInit                         0x0800263d   Thumb Code   122  stm32f10x_tim.o(i.TIM_TimeBaseInit)
    USART1_IRQHandler                        0x080026e1   Thumb Code    22  usbd_cdc_vcp.o(i.USART1_IRQHandler)
    USART_GetFlagStatus                      0x080026fd   Thumb Code    18  stm32f10x_usart.o(i.USART_GetFlagStatus)
    USART_GetITStatus                        0x0800270f   Thumb Code    76  stm32f10x_usart.o(i.USART_GetITStatus)
    USART_ITConfig                           0x0800275b   Thumb Code    64  stm32f10x_usart.o(i.USART_ITConfig)
    USART_Init                               0x0800279d   Thumb Code   204  stm32f10x_usart.o(i.USART_Init)
    USBD_ClrCfg                              0x0800286d   Thumb Code    22  usbd_core.o(i.USBD_ClrCfg)
    USBD_CtlContinueRx                       0x080028cb   Thumb Code    30  usbd_ioreq.o(i.USBD_CtlContinueRx)
    USBD_CtlContinueSendData                 0x080028e9   Thumb Code    30  usbd_ioreq.o(i.USBD_CtlContinueSendData)
    USBD_CtlError                            0x08002907   Thumb Code    30  usbd_req.o(i.USBD_CtlError)
    USBD_CtlPrepareRx                        0x08002925   Thumb Code    46  usbd_ioreq.o(i.USBD_CtlPrepareRx)
    USBD_CtlReceiveStatus                    0x08002953   Thumb Code    36  usbd_ioreq.o(i.USBD_CtlReceiveStatus)
    USBD_CtlSendData                         0x08002977   Thumb Code    46  usbd_ioreq.o(i.USBD_CtlSendData)
    USBD_CtlSendStatus                       0x080029a5   Thumb Code    36  usbd_ioreq.o(i.USBD_CtlSendStatus)
    USBD_DeInit                              0x08002b47   Thumb Code     6  usbd_core.o(i.USBD_DeInit)
    USBD_GetString                           0x08002d55   Thumb Code    82  usbd_req.o(i.USBD_GetString)
    USBD_Init                                0x08002da7   Thumb Code    66  usbd_core.o(i.USBD_Init)
    USBD_OTG_ISR_Handler                     0x08002e0d   Thumb Code   256  usb_dcd_int.o(i.USBD_OTG_ISR_Handler)
    USBD_ParseSetupRequest                   0x08002f0d   Thumb Code    72  usbd_req.o(i.USBD_ParseSetupRequest)
    USBD_SetCfg                              0x0800302f   Thumb Code    30  usbd_core.o(i.USBD_SetCfg)
    USBD_StdDevReq                           0x08003221   Thumb Code   114  usbd_req.o(i.USBD_StdDevReq)
    USBD_StdEPReq                            0x08003295   Thumb Code   370  usbd_req.o(i.USBD_StdEPReq)
    USBD_StdItfReq                           0x0800340d   Thumb Code    76  usbd_req.o(i.USBD_StdItfReq)
    USBD_USR_ConfigStrDescriptor             0x08003479   Thumb Code    34  usbd_desc.o(i.USBD_USR_ConfigStrDescriptor)
    USBD_USR_DeviceConfigured                0x080034ad   Thumb Code     2  usbd_usr.o(i.USBD_USR_DeviceConfigured)
    USBD_USR_DeviceConnected                 0x080034af   Thumb Code     2  usbd_usr.o(i.USBD_USR_DeviceConnected)
    USBD_USR_DeviceDescriptor                0x080034b1   Thumb Code    10  usbd_desc.o(i.USBD_USR_DeviceDescriptor)
    USBD_USR_DeviceDisconnected              0x080034c1   Thumb Code     2  usbd_usr.o(i.USBD_USR_DeviceDisconnected)
    USBD_USR_DeviceReset                     0x080034c3   Thumb Code    18  usbd_usr.o(i.USBD_USR_DeviceReset)
    USBD_USR_DeviceResumed                   0x080034d5   Thumb Code     2  usbd_usr.o(i.USBD_USR_DeviceResumed)
    USBD_USR_DeviceSuspended                 0x080034d7   Thumb Code     2  usbd_usr.o(i.USBD_USR_DeviceSuspended)
    USBD_USR_Init                            0x080034d9   Thumb Code     2  usbd_usr.o(i.USBD_USR_Init)
    USBD_USR_InterfaceStrDescriptor          0x080034dd   Thumb Code    34  usbd_desc.o(i.USBD_USR_InterfaceStrDescriptor)
    USBD_USR_LangIDStrDescriptor             0x08003515   Thumb Code    10  usbd_desc.o(i.USBD_USR_LangIDStrDescriptor)
    USBD_USR_ManufacturerStrDescriptor       0x08003525   Thumb Code    20  usbd_desc.o(i.USBD_USR_ManufacturerStrDescriptor)
    USBD_USR_ProductStrDescriptor            0x08003551   Thumb Code    34  usbd_desc.o(i.USBD_USR_ProductStrDescriptor)
    USBD_USR_SerialStrDescriptor             0x080035c1   Thumb Code    18  usbd_desc.o(i.USBD_USR_SerialStrDescriptor)
    USB_OTG_BSP_EnableInterrupt              0x080035e9   Thumb Code     2  usb_bsp.o(i.USB_OTG_BSP_EnableInterrupt)
    USB_OTG_BSP_Init                         0x080035eb   Thumb Code    20  usb_bsp.o(i.USB_OTG_BSP_Init)
    USB_OTG_BSP_mDelay                       0x080035ff   Thumb Code    18  usb_bsp.o(i.USB_OTG_BSP_mDelay)
    USB_OTG_BSP_uDelay                       0x08003611   Thumb Code    30  usb_bsp.o(i.USB_OTG_BSP_uDelay)
    USB_OTG_CoreInit                         0x0800362f   Thumb Code   282  usb_core.o(i.USB_OTG_CoreInit)
    USB_OTG_CoreInitDev                      0x08003749   Thumb Code   526  usb_core.o(i.USB_OTG_CoreInitDev)
    USB_OTG_DisableGlobalInt                 0x080039c9   Thumb Code    34  usb_core.o(i.USB_OTG_DisableGlobalInt)
    USB_OTG_EP0Activate                      0x080039eb   Thumb Code   116  usb_core.o(i.USB_OTG_EP0Activate)
    USB_OTG_EP0StartXfer                     0x08003a5f   Thumb Code   342  usb_core.o(i.USB_OTG_EP0StartXfer)
    USB_OTG_EP0_OutStart                     0x08003bb5   Thumb Code    98  usb_core.o(i.USB_OTG_EP0_OutStart)
    USB_OTG_EPActivate                       0x08003c17   Thumb Code   152  usb_core.o(i.USB_OTG_EPActivate)
    USB_OTG_EPClearStall                     0x08003caf   Thumb Code    80  usb_core.o(i.USB_OTG_EPClearStall)
    USB_OTG_EPDeactivate                     0x08003cff   Thumb Code    94  usb_core.o(i.USB_OTG_EPDeactivate)
    USB_OTG_EPSetStall                       0x08003d5d   Thumb Code   100  usb_core.o(i.USB_OTG_EPSetStall)
    USB_OTG_EPStartXfer                      0x08003dc1   Thumb Code   510  usb_core.o(i.USB_OTG_EPStartXfer)
    USB_OTG_EnableDevInt                     0x08003ff3   Thumb Code   176  usb_core.o(i.USB_OTG_EnableDevInt)
    USB_OTG_EnableGlobalInt                  0x080040a3   Thumb Code    34  usb_core.o(i.USB_OTG_EnableGlobalInt)
    USB_OTG_FlushRxFifo                      0x080040c5   Thumb Code    70  usb_core.o(i.USB_OTG_FlushRxFifo)
    USB_OTG_FlushTxFifo                      0x08004111   Thumb Code    80  usb_core.o(i.USB_OTG_FlushTxFifo)
    USB_OTG_GetDeviceSpeed                   0x08004165   Thumb Code    56  usb_core.o(i.USB_OTG_GetDeviceSpeed)
    USB_OTG_GetMode                          0x0800419d   Thumb Code    12  usb_core.o(i.USB_OTG_GetMode)
    USB_OTG_InitDevSpeed                     0x080041a9   Thumb Code    24  usb_core.o(i.USB_OTG_InitDevSpeed)
    USB_OTG_IsDeviceMode                     0x080041c1   Thumb Code    22  usb_core.o(i.USB_OTG_IsDeviceMode)
    USB_OTG_ReadCoreItr                      0x080041d7   Thumb Code    16  usb_core.o(i.USB_OTG_ReadCoreItr)
    USB_OTG_ReadDevAllInEPItr                0x080041e7   Thumb Code    16  usb_core.o(i.USB_OTG_ReadDevAllInEPItr)
    USB_OTG_ReadDevAllOutEp_itr              0x080041f7   Thumb Code    16  usb_core.o(i.USB_OTG_ReadDevAllOutEp_itr)
    USB_OTG_ReadDevOutEP_itr                 0x08004207   Thumb Code    20  usb_core.o(i.USB_OTG_ReadDevOutEP_itr)
    USB_OTG_ReadPacket                       0x0800421b   Thumb Code    40  usb_core.o(i.USB_OTG_ReadPacket)
    USB_OTG_SelectCore                       0x08004245   Thumb Code   204  usb_core.o(i.USB_OTG_SelectCore)
    USB_OTG_SetCurrentMode                   0x08004315   Thumb Code    78  usb_core.o(i.USB_OTG_SetCurrentMode)
    USB_OTG_WritePacket                      0x08004363   Thumb Code    64  usb_core.o(i.USB_OTG_WritePacket)
    UsageFault_Handler                       0x080043a3   Thumb Code     4  stm32fxxx_it.o(i.UsageFault_Handler)
    UsbSendData                              0x080043a7   Thumb Code     8  usbd_cdc_vcp.o(i.UsbSendData)
    drv_GetCurTime                           0x080044c5   Thumb Code    16  driver.o(i.drv_GetCurTime)
    main                                     0x08004531   Thumb Code    50  app.o(i.main)
    usbd_cdc_DataIn                          0x0800457d   Thumb Code   160  usbd_cdc_core.o(i.usbd_cdc_DataIn)
    usbd_cdc_DataOut                         0x0800462d   Thumb Code    48  usbd_cdc_core.o(i.usbd_cdc_DataOut)
    usbd_cdc_DeInit                          0x08004665   Thumb Code    40  usbd_cdc_core.o(i.usbd_cdc_DeInit)
    usbd_cdc_EP0_RxReady                     0x08004691   Thumb Code    38  usbd_cdc_core.o(i.usbd_cdc_EP0_RxReady)
    usbd_cdc_Init                            0x080046c9   Thumb Code    74  usbd_cdc_core.o(i.usbd_cdc_Init)
    usbd_cdc_SOF                             0x08004721   Thumb Code    36  usbd_cdc_core.o(i.usbd_cdc_SOF)
    usbd_cdc_Setup                           0x08004749   Thumb Code   180  usbd_cdc_core.o(i.usbd_cdc_Setup)
    Region$$Table$$Base                      0x08004810   Number         0  anon$$obj.o(Region$$Table)
    Region$$Table$$Limit                     0x08004830   Number         0  anon$$obj.o(Region$$Table)
    CmdBuff                                  0x20000004   Data           8  usbd_cdc_core.o(.data)
    APP_Tx_ptr_in                            0x2000000c   Data           4  usbd_cdc_core.o(.data)
    APP_Tx_ptr_out                           0x20000010   Data           4  usbd_cdc_core.o(.data)
    APP_Tx_length                            0x20000014   Data           4  usbd_cdc_core.o(.data)
    USB_Tx_State                             0x20000018   Data           1  usbd_cdc_core.o(.data)
    USBD_CDC_cb                              0x20000024   Data          44  usbd_cdc_core.o(.data)
    usbd_cdc_CfgDesc                         0x20000050   Data          67  usbd_cdc_core.o(.data)
    USBD_ep_status                           0x20000098   Data           4  usbd_req.o(.data)
    USBD_default_cfg                         0x2000009c   Data           4  usbd_req.o(.data)
    USBD_cfg_status                          0x200000a0   Data           4  usbd_req.o(.data)
    SET_TEST_MODE                            0x200000a8   Data           4  usbd_core.o(.data)
    USBD_DCD_INT_cb                          0x200000ac   Data          44  usbd_core.o(.data)
    USBD_DCD_INT_fops                        0x200000d8   Data           4  usbd_core.o(.data)
    SystemCoreClock                          0x200000dc   Data           4  system_stm32f10x.o(.data)
    AHBPrescTable                            0x200000e0   Data          16  system_stm32f10x.o(.data)
    linecoding                               0x200000f0   Data           8  usbd_cdc_vcp.o(.data)
    VCP_fops                                 0x200000f8   Data          20  usbd_cdc_vcp.o(.data)
    USR_desc                                 0x2000010c   Data          28  usbd_desc.o(.data)
    USBD_DeviceDesc                          0x20000128   Data          18  usbd_desc.o(.data)
    USBD_DeviceQualifierDesc                 0x2000013a   Data          10  usbd_desc.o(.data)
    USBD_LangIDDesc                          0x20000144   Data           4  usbd_desc.o(.data)
    USBD_StringSerial                        0x20000148   Data          26  usbd_desc.o(.data)
    SystemTime                               0x20000164   Data           4  app.o(.data)
    can_para                                 0x20000168   Data           8  app.o(.data)
    USR_cb                                   0x20000170   Data          28  usbd_usr.o(.data)
    usbd_cdc_OtherCfgDesc                    0x200001a8   Data          67  usbd_cdc_core.o(.bss)
    USB_Rx_Buffer                            0x200001eb   Data          64  usbd_cdc_core.o(.bss)
    APP_Tx_Buffer                            0x2000022b   Data        8192  usbd_cdc_core.o(.bss)
    USART_InitStructure                      0x2000222c   Data          16  usbd_cdc_vcp.o(.bss)
    USBD_StrDesc                             0x2000223c   Data         255  usbd_desc.o(.bss)
    UsbTxFifo                                0x2000233c   Data          16  app.o(.bss)
    UsbRxFifo                                0x2000234c   Data          16  app.o(.bss)
    USB_OTG_dev                              0x2000235c   Data        1524  app.o(.bss)
    APP_Rx_Buffer                            0x20002950   Data        2048  app.o(.bss)
    FrameBuffer                              0x20003150   Data          64  app.o(.bss)
    rxMsgCan                                 0x20003190   Data          20  can.o(.bss)
    __libspace_start                         0x200031e4   Data          96  libspace.o(.bss)
    __temporary_stack_top$libspace           0x20003244   Data           0  libspace.o(.bss)



==============================================================================

Memory Map of the image

  Image Entry point : 0x08000151

  Load Region LR_IROM1 (Base: 0x08000000, Size: 0x000049d8, Max: 0x00020000, ABSOLUTE, COMPRESSED[0x00004930])

    Execution Region ER_IROM1 (Base: 0x08000000, Size: 0x00004830, Max: 0x00020000, ABSOLUTE)

    Base Addr    Size         Type   Attr      Idx    E Section Name        Object

    0x08000000   0x00000150   Data   RO          985    RESET               startup_stm32f10x_cl.o
    0x08000150   0x00000008   Code   RO         4946  * !!!main             c_w.l(__main.o)
    0x08000158   0x00000034   Code   RO         5107    !!!scatter          c_w.l(__scatter.o)
    0x0800018c   0x0000005a   Code   RO         5105    !!dczerorl2         c_w.l(__dczerorl2.o)
    0x080001e6   0x00000002   PAD
    0x080001e8   0x0000001c   Code   RO         5109    !!handler_zi        c_w.l(__scatter_zi.o)
    0x08000204   0x00000002   Code   RO         4975    .ARM.Collect$$libinit$$00000000  c_w.l(libinit.o)
    0x08000206   0x00000000   Code   RO         4982    .ARM.Collect$$libinit$$00000002  c_w.l(libinit2.o)
    0x08000206   0x00000000   Code   RO         4984    .ARM.Collect$$libinit$$00000004  c_w.l(libinit2.o)
    0x08000206   0x00000000   Code   RO         4987    .ARM.Collect$$libinit$$0000000A  c_w.l(libinit2.o)
    0x08000206   0x00000000   Code   RO         4989    .ARM.Collect$$libinit$$0000000C  c_w.l(libinit2.o)
    0x08000206   0x00000000   Code   RO         4991    .ARM.Collect$$libinit$$0000000E  c_w.l(libinit2.o)
    0x08000206   0x00000000   Code   RO         4994    .ARM.Collect$$libinit$$00000011  c_w.l(libinit2.o)
    0x08000206   0x00000000   Code   RO         4996    .ARM.Collect$$libinit$$00000013  c_w.l(libinit2.o)
    0x08000206   0x00000000   Code   RO         4998    .ARM.Collect$$libinit$$00000015  c_w.l(libinit2.o)
    0x08000206   0x00000000   Code   RO         5000    .ARM.Collect$$libinit$$00000017  c_w.l(libinit2.o)
    0x08000206   0x00000000   Code   RO         5002    .ARM.Collect$$libinit$$00000019  c_w.l(libinit2.o)
    0x08000206   0x00000000   Code   RO         5004    .ARM.Collect$$libinit$$0000001B  c_w.l(libinit2.o)
    0x08000206   0x00000000   Code   RO         5006    .ARM.Collect$$libinit$$0000001D  c_w.l(libinit2.o)
    0x08000206   0x00000000   Code   RO         5008    .ARM.Collect$$libinit$$0000001F  c_w.l(libinit2.o)
    0x08000206   0x00000000   Code   RO         5010    .ARM.Collect$$libinit$$00000021  c_w.l(libinit2.o)
    0x08000206   0x00000000   Code   RO         5012    .ARM.Collect$$libinit$$00000023  c_w.l(libinit2.o)
    0x08000206   0x00000000   Code   RO         5014    .ARM.Collect$$libinit$$00000025  c_w.l(libinit2.o)
    0x08000206   0x00000000   Code   RO         5018    .ARM.Collect$$libinit$$0000002C  c_w.l(libinit2.o)
    0x08000206   0x00000000   Code   RO         5020    .ARM.Collect$$libinit$$0000002E  c_w.l(libinit2.o)
    0x08000206   0x00000000   Code   RO         5022    .ARM.Collect$$libinit$$00000030  c_w.l(libinit2.o)
    0x08000206   0x00000000   Code   RO         5024    .ARM.Collect$$libinit$$00000032  c_w.l(libinit2.o)
    0x08000206   0x00000002   Code   RO         5025    .ARM.Collect$$libinit$$00000033  c_w.l(libinit2.o)
    0x08000208   0x00000002   Code   RO         5045    .ARM.Collect$$libshutdown$$00000000  c_w.l(libshutdown.o)
    0x0800020a   0x00000000   Code   RO         5058    .ARM.Collect$$libshutdown$$00000002  c_w.l(libshutdown2.o)
    0x0800020a   0x00000000   Code   RO         5060    .ARM.Collect$$libshutdown$$00000004  c_w.l(libshutdown2.o)
    0x0800020a   0x00000000   Code   RO         5063    .ARM.Collect$$libshutdown$$00000007  c_w.l(libshutdown2.o)
    0x0800020a   0x00000000   Code   RO         5066    .ARM.Collect$$libshutdown$$0000000A  c_w.l(libshutdown2.o)
    0x0800020a   0x00000000   Code   RO         5068    .ARM.Collect$$libshutdown$$0000000C  c_w.l(libshutdown2.o)
    0x0800020a   0x00000000   Code   RO         5071    .ARM.Collect$$libshutdown$$0000000F  c_w.l(libshutdown2.o)
    0x0800020a   0x00000002   Code   RO         5072    .ARM.Collect$$libshutdown$$00000010  c_w.l(libshutdown2.o)
    0x0800020c   0x00000000   Code   RO         4948    .ARM.Collect$$rtentry$$00000000  c_w.l(__rtentry.o)
    0x0800020c   0x00000000   Code   RO         4952    .ARM.Collect$$rtentry$$00000002  c_w.l(__rtentry2.o)
    0x0800020c   0x00000006   Code   RO         4964    .ARM.Collect$$rtentry$$00000004  c_w.l(__rtentry4.o)
    0x08000212   0x00000000   Code   RO         4954    .ARM.Collect$$rtentry$$00000009  c_w.l(__rtentry2.o)
    0x08000212   0x00000004   Code   RO         4955    .ARM.Collect$$rtentry$$0000000A  c_w.l(__rtentry2.o)
    0x08000216   0x00000000   Code   RO         4957    .ARM.Collect$$rtentry$$0000000C  c_w.l(__rtentry2.o)
    0x08000216   0x00000008   Code   RO         4958    .ARM.Collect$$rtentry$$0000000D  c_w.l(__rtentry2.o)
    0x0800021e   0x00000002   Code   RO         4979    .ARM.Collect$$rtexit$$00000000  c_w.l(rtexit.o)
    0x08000220   0x00000000   Code   RO         5027    .ARM.Collect$$rtexit$$00000002  c_w.l(rtexit2.o)
    0x08000220   0x00000004   Code   RO         5028    .ARM.Collect$$rtexit$$00000003  c_w.l(rtexit2.o)
    0x08000224   0x00000006   Code   RO         5029    .ARM.Collect$$rtexit$$00000004  c_w.l(rtexit2.o)
    0x0800022a   0x00000002   PAD
    0x0800022c   0x00000040   Code   RO          986    .text               startup_stm32f10x_cl.o
    0x0800026c   0x0000008a   Code   RO         4942    .text               c_w.l(rt_memcpy_v6.o)
    0x080002f6   0x00000006   Code   RO         4944    .text               c_w.l(heapauxi.o)
    0x080002fc   0x00000064   Code   RO         4949    .text               c_w.l(rt_memcpy_w.o)
    0x08000360   0x0000004a   Code   RO         4966    .text               c_w.l(sys_stackheap_outer.o)
    0x080003aa   0x00000012   Code   RO         4968    .text               c_w.l(exit.o)
    0x080003bc   0x00000008   Code   RO         4976    .text               c_w.l(libspace.o)
    0x080003c4   0x0000000c   Code   RO         5037    .text               c_w.l(sys_exit.o)
    0x080003d0   0x00000002   Code   RO         5048    .text               c_w.l(use_no_semi.o)
    0x080003d2   0x00000000   Code   RO         5050    .text               c_w.l(indicate_semi.o)
    0x080003d2   0x00000004   Code   RO          847    i.BusFault_Handler  stm32fxxx_it.o
    0x080003d6   0x00000002   PAD
    0x080003d8   0x0000012c   Code   RO         1387    i.CAN1_Config       can.o
    0x08000504   0x00000088   Code   RO         1388    i.CAN1_RX0_IRQHandler  can.o
    0x0800058c   0x0000011c   Code   RO         1389    i.CAN2_Config       can.o
    0x080006a8   0x00000088   Code   RO         1390    i.CAN2_RX1_IRQHandler  can.o
    0x08000730   0x000000a8   Code   RO         1972    i.CAN_ClearITPendingBit  stm32f10x_can.o
    0x080007d8   0x00000038   Code   RO         1974    i.CAN_DeInit        stm32f10x_can.o
    0x08000810   0x00000108   Code   RO         1976    i.CAN_FilterInit    stm32f10x_can.o
    0x08000918   0x00000120   Code   RO         1978    i.CAN_GetITStatus   stm32f10x_can.o
    0x08000a38   0x00000012   Code   RO         1982    i.CAN_ITConfig      stm32f10x_can.o
    0x08000a4a   0x00000114   Code   RO         1983    i.CAN_Init          stm32f10x_can.o
    0x08000b5e   0x000000f0   Code   RO         1986    i.CAN_Receive       stm32f10x_can.o
    0x08000c4e   0x00000020   Code   RO         1989    i.CAN_StructInit    stm32f10x_can.o
    0x08000c6e   0x0000000a   Code   RO         1529    i.CheckFIFOByte     fifo8.o
    0x08000c78   0x00000024   Code   RO         1439    i.CheckFrameHeaderFromFIFO  comm.o
    0x08000c9c   0x00000012   Code   RO         1994    i.CheckITStatus     stm32f10x_can.o
    0x08000cae   0x00000028   Code   RO         1440    i.CommFuncs         comm.o
    0x08000cd6   0x0000005e   Code   RO         1441    i.CommMsgCtrl       comm.o
    0x08000d34   0x0000001e   Code   RO         1442    i.CommServiceCtrl   comm.o
    0x08000d52   0x00000002   Code   RO         1443    i.CommServiceData   comm.o
    0x08000d54   0x0000004a   Code   RO          144    i.DCD_EP_Close      usb_dcd.o
    0x08000d9e   0x00000048   Code   RO          145    i.DCD_EP_ClrStall   usb_dcd.o
    0x08000de6   0x00000068   Code   RO          147    i.DCD_EP_Open       usb_dcd.o
    0x08000e4e   0x00000052   Code   RO          148    i.DCD_EP_PrepareRx  usb_dcd.o
    0x08000ea0   0x0000001c   Code   RO          149    i.DCD_EP_SetAddress  usb_dcd.o
    0x08000ebc   0x00000048   Code   RO          150    i.DCD_EP_Stall      usb_dcd.o
    0x08000f04   0x0000004e   Code   RO          151    i.DCD_EP_Tx         usb_dcd.o
    0x08000f52   0x00000002   PAD
    0x08000f54   0x00000198   Code   RO          739    i.DCD_HandleEnumDone_ISR  usb_dcd_int.o
    0x080010ec   0x00000128   Code   RO          740    i.DCD_HandleInEP_ISR  usb_dcd_int.o
    0x08001214   0x00000100   Code   RO          741    i.DCD_HandleOutEP_ISR  usb_dcd_int.o
    0x08001314   0x0000006c   Code   RO          742    i.DCD_HandleResume_ISR  usb_dcd_int.o
    0x08001380   0x000000b0   Code   RO          743    i.DCD_HandleRxStatusQueueLevel_ISR  usb_dcd_int.o
    0x08001430   0x0000002c   Code   RO          744    i.DCD_HandleSof_ISR  usb_dcd_int.o
    0x0800145c   0x000000a8   Code   RO          745    i.DCD_HandleUSBSuspend_ISR  usb_dcd_int.o
    0x08001504   0x00000104   Code   RO          746    i.DCD_HandleUsbReset_ISR  usb_dcd_int.o
    0x08001608   0x0000009c   Code   RO          153    i.DCD_Init          usb_dcd.o
    0x080016a4   0x0000002c   Code   RO          747    i.DCD_IsoINIncomplete_ISR  usb_dcd_int.o
    0x080016d0   0x0000002c   Code   RO          748    i.DCD_IsoOUTIncomplete_ISR  usb_dcd_int.o
    0x080016fc   0x0000002c   Code   RO          749    i.DCD_OTG_ISR       usb_dcd_int.o
    0x08001728   0x00000028   Code   RO          750    i.DCD_ReadDevInEP   usb_dcd_int.o
    0x08001750   0x0000002c   Code   RO          751    i.DCD_SessionRequest_ISR  usb_dcd_int.o
    0x0800177c   0x000000ac   Code   RO          752    i.DCD_WriteEmptyTxFifo  usb_dcd_int.o
    0x08001828   0x0000001c   Code   RO         1530    i.DeFIFO            fifo8.o
    0x08001844   0x00000002   Code   RO          848    i.DebugMon_Handler  stm32fxxx_it.o
    0x08001846   0x00000010   Code   RO         1335    i.Driver_Init       driver.o
    0x08001856   0x0000001a   Code   RO         1531    i.EnFIFO            fifo8.o
    0x08001870   0x00000084   Code   RO         1532    i.EnFIFOBuf         fifo8.o
    0x080018f4   0x00000022   Code   RO         1534    i.FIFOLen           fifo8.o
    0x08001916   0x00000116   Code   RO         2920    i.GPIO_Init         stm32f10x_gpio.o
    0x08001a2c   0x00000090   Code   RO         2922    i.GPIO_PinRemapConfig  stm32f10x_gpio.o
    0x08001abc   0x00000004   Code   RO         2927    i.GPIO_ResetBits    stm32f10x_gpio.o
    0x08001ac0   0x00000034   Code   RO         1156    i.Get_SerialNum     usbd_desc.o
    0x08001af4   0x000000dc   Code   RO            4    i.Handle_USBAsynchXfer  usbd_cdc_core.o
    0x08001bd0   0x00000004   Code   RO          849    i.HardFault_Handler  stm32fxxx_it.o
    0x08001bd4   0x0000000c   Code   RO         1535    i.InitFIFO          fifo8.o
    0x08001be0   0x00000054   Code   RO         1234    i.InitVar           app.o
    0x08001c34   0x00000050   Code   RO         1336    i.Init_GPIO         driver.o
    0x08001c84   0x0000003e   Code   RO         1157    i.IntToUnicode      usbd_desc.o
    0x08001cc2   0x00000002   PAD
    0x08001cc4   0x00000094   Code   RO         1444    i.MakeDataFrame     comm.o
    0x08001d58   0x00000004   Code   RO          850    i.MemManage_Handler  stm32fxxx_it.o
    0x08001d5c   0x00000002   Code   RO          851    i.NMI_Handler       stm32fxxx_it.o
    0x08001d5e   0x0000007c   Code   RO         1337    i.NVIC_Config       driver.o
    0x08001dda   0x00000002   PAD
    0x08001ddc   0x00000070   Code   RO         1589    i.NVIC_Init         misc.o
    0x08001e4c   0x00000014   Code   RO         1590    i.NVIC_PriorityGroupConfig  misc.o
    0x08001e60   0x00000010   Code   RO          852    i.OTG_FS_IRQHandler  stm32fxxx_it.o
    0x08001e70   0x00000002   Code   RO          853    i.PendSV_Handler    stm32fxxx_it.o
    0x08001e72   0x00000002   PAD
    0x08001e74   0x00000020   Code   RO         3392    i.RCC_AHBPeriphClockCmd  stm32f10x_rcc.o
    0x08001e94   0x00000020   Code   RO         3394    i.RCC_APB1PeriphClockCmd  stm32f10x_rcc.o
    0x08001eb4   0x00000020   Code   RO         3395    i.RCC_APB1PeriphResetCmd  stm32f10x_rcc.o
    0x08001ed4   0x00000020   Code   RO         3396    i.RCC_APB2PeriphClockCmd  stm32f10x_rcc.o
    0x08001ef4   0x00000020   Code   RO         3397    i.RCC_APB2PeriphResetCmd  stm32f10x_rcc.o
    0x08001f14   0x00000190   Code   RO         3404    i.RCC_GetClocksFreq  stm32f10x_rcc.o
    0x080020a4   0x0000000c   Code   RO         3417    i.RCC_OTGFSCLKConfig  stm32f10x_rcc.o
    0x080020b0   0x00000090   Code   RO         1445    i.RcvFrameFromFIFO  comm.o
    0x08002140   0x00000002   Code   RO          854    i.SVC_Handler       stm32fxxx_it.o
    0x08002142   0x00000008   Code   RO          993    i.SetSysClock       system_stm32f10x.o
    0x0800214a   0x00000002   PAD
    0x0800214c   0x00000118   Code   RO          994    i.SetSysClockTo72   system_stm32f10x.o
    0x08002264   0x00000002   Code   RO          855    i.SysTick_Handler   stm32fxxx_it.o
    0x08002266   0x00000002   PAD
    0x08002268   0x00000100   Code   RO          995    i.SystemCoreClockUpdate  system_stm32f10x.o
    0x08002368   0x0000006c   Code   RO          996    i.SystemInit        system_stm32f10x.o
    0x080023d4   0x00000028   Code   RO          856    i.TIM2_IRQHandler   stm32fxxx_it.o
    0x080023fc   0x00000006   Code   RO         4132    i.TIM_ClearFlag     stm32f10x_tim.o
    0x08002402   0x00000006   Code   RO         4133    i.TIM_ClearITPendingBit  stm32f10x_tim.o
    0x08002408   0x00000018   Code   RO         4138    i.TIM_Cmd           stm32f10x_tim.o
    0x08002420   0x000001e8   Code   RO         4143    i.TIM_DeInit        stm32f10x_tim.o
    0x08002608   0x00000022   Code   RO         4159    i.TIM_GetITStatus   stm32f10x_tim.o
    0x0800262a   0x00000012   Code   RO         4163    i.TIM_ITConfig      stm32f10x_tim.o
    0x0800263c   0x000000a4   Code   RO         4209    i.TIM_TimeBaseInit  stm32f10x_tim.o
    0x080026e0   0x0000001c   Code   RO         1091    i.USART1_IRQHandler  usbd_cdc_vcp.o
    0x080026fc   0x00000012   Code   RO         4689    i.USART_GetFlagStatus  stm32f10x_usart.o
    0x0800270e   0x0000004c   Code   RO         4690    i.USART_GetITStatus  stm32f10x_usart.o
    0x0800275a   0x00000040   Code   RO         4692    i.USART_ITConfig    stm32f10x_usart.o
    0x0800279a   0x00000002   PAD
    0x0800279c   0x000000d0   Code   RO         4693    i.USART_Init        stm32f10x_usart.o
    0x0800286c   0x00000016   Code   RO          571    i.USBD_ClrCfg       usbd_core.o
    0x08002882   0x00000048   Code   RO          241    i.USBD_ClrFeature   usbd_req.o
    0x080028ca   0x0000001e   Code   RO          679    i.USBD_CtlContinueRx  usbd_ioreq.o
    0x080028e8   0x0000001e   Code   RO          680    i.USBD_CtlContinueSendData  usbd_ioreq.o
    0x08002906   0x0000001e   Code   RO          242    i.USBD_CtlError     usbd_req.o
    0x08002924   0x0000002e   Code   RO          681    i.USBD_CtlPrepareRx  usbd_ioreq.o
    0x08002952   0x00000024   Code   RO          682    i.USBD_CtlReceiveStatus  usbd_ioreq.o
    0x08002976   0x0000002e   Code   RO          683    i.USBD_CtlSendData  usbd_ioreq.o
    0x080029a4   0x00000024   Code   RO          684    i.USBD_CtlSendStatus  usbd_ioreq.o
    0x080029c8   0x000000e8   Code   RO          572    i.USBD_DataInStage  usbd_core.o
    0x08002ab0   0x00000096   Code   RO          573    i.USBD_DataOutStage  usbd_core.o
    0x08002b46   0x00000006   Code   RO          574    i.USBD_DeInit       usbd_core.o
    0x08002b4c   0x00000018   Code   RO          575    i.USBD_DevConnected  usbd_core.o
    0x08002b64   0x00000024   Code   RO          576    i.USBD_DevDisconnected  usbd_core.o
    0x08002b88   0x00000054   Code   RO          243    i.USBD_GetConfig    usbd_req.o
    0x08002bdc   0x00000112   Code   RO          244    i.USBD_GetDescriptor  usbd_req.o
    0x08002cee   0x00000014   Code   RO          245    i.USBD_GetLen       usbd_req.o
    0x08002d02   0x00000002   PAD
    0x08002d04   0x00000050   Code   RO          246    i.USBD_GetStatus    usbd_req.o
    0x08002d54   0x00000052   Code   RO          247    i.USBD_GetString    usbd_req.o
    0x08002da6   0x00000042   Code   RO          577    i.USBD_Init         usbd_core.o
    0x08002de8   0x00000012   Code   RO          578    i.USBD_IsoINIncomplete  usbd_core.o
    0x08002dfa   0x00000012   Code   RO          579    i.USBD_IsoOUTIncomplete  usbd_core.o
    0x08002e0c   0x00000100   Code   RO          753    i.USBD_OTG_ISR_Handler  usb_dcd_int.o
    0x08002f0c   0x00000048   Code   RO          248    i.USBD_ParseSetupRequest  usbd_req.o
    0x08002f54   0x00000032   Code   RO          580    i.USBD_Reset        usbd_core.o
    0x08002f86   0x0000001e   Code   RO          581    i.USBD_Resume       usbd_core.o
    0x08002fa4   0x00000014   Code   RO          582    i.USBD_RunTestMode  usbd_core.o
    0x08002fb8   0x0000001a   Code   RO          583    i.USBD_SOF          usbd_core.o
    0x08002fd2   0x0000005c   Code   RO          249    i.USBD_SetAddress   usbd_req.o
    0x0800302e   0x0000001e   Code   RO          584    i.USBD_SetCfg       usbd_core.o
    0x0800304c   0x000000d0   Code   RO          250    i.USBD_SetConfig    usbd_req.o
    0x0800311c   0x000000b0   Code   RO          251    i.USBD_SetFeature   usbd_req.o
    0x080031cc   0x00000054   Code   RO          585    i.USBD_SetupStage   usbd_core.o
    0x08003220   0x00000072   Code   RO          252    i.USBD_StdDevReq    usbd_req.o
    0x08003292   0x00000002   PAD
    0x08003294   0x00000178   Code   RO          253    i.USBD_StdEPReq     usbd_req.o
    0x0800340c   0x0000004c   Code   RO          254    i.USBD_StdItfReq    usbd_req.o
    0x08003458   0x00000020   Code   RO          586    i.USBD_Suspend      usbd_core.o
    0x08003478   0x00000034   Code   RO         1158    i.USBD_USR_ConfigStrDescriptor  usbd_desc.o
    0x080034ac   0x00000002   Code   RO         1268    i.USBD_USR_DeviceConfigured  usbd_usr.o
    0x080034ae   0x00000002   Code   RO         1269    i.USBD_USR_DeviceConnected  usbd_usr.o
    0x080034b0   0x00000010   Code   RO         1159    i.USBD_USR_DeviceDescriptor  usbd_desc.o
    0x080034c0   0x00000002   Code   RO         1270    i.USBD_USR_DeviceDisconnected  usbd_usr.o
    0x080034c2   0x00000012   Code   RO         1271    i.USBD_USR_DeviceReset  usbd_usr.o
    0x080034d4   0x00000002   Code   RO         1272    i.USBD_USR_DeviceResumed  usbd_usr.o
    0x080034d6   0x00000002   Code   RO         1273    i.USBD_USR_DeviceSuspended  usbd_usr.o
    0x080034d8   0x00000002   Code   RO         1274    i.USBD_USR_Init     usbd_usr.o
    0x080034da   0x00000002   PAD
    0x080034dc   0x00000038   Code   RO         1160    i.USBD_USR_InterfaceStrDescriptor  usbd_desc.o
    0x08003514   0x00000010   Code   RO         1161    i.USBD_USR_LangIDStrDescriptor  usbd_desc.o
    0x08003524   0x0000002c   Code   RO         1162    i.USBD_USR_ManufacturerStrDescriptor  usbd_desc.o
    0x08003550   0x00000070   Code   RO         1163    i.USBD_USR_ProductStrDescriptor  usbd_desc.o
    0x080035c0   0x00000018   Code   RO         1164    i.USBD_USR_SerialStrDescriptor  usbd_desc.o
    0x080035d8   0x00000010   Code   RO            5    i.USBD_cdc_GetCfgDesc  usbd_cdc_core.o
    0x080035e8   0x00000002   Code   RO         1039    i.USB_OTG_BSP_EnableInterrupt  usb_bsp.o
    0x080035ea   0x00000014   Code   RO         1040    i.USB_OTG_BSP_Init  usb_bsp.o
    0x080035fe   0x00000012   Code   RO         1041    i.USB_OTG_BSP_mDelay  usb_bsp.o
    0x08003610   0x0000001e   Code   RO         1042    i.USB_OTG_BSP_uDelay  usb_bsp.o
    0x0800362e   0x0000011a   Code   RO          340    i.USB_OTG_CoreInit  usb_core.o
    0x08003748   0x0000020e   Code   RO          341    i.USB_OTG_CoreInitDev  usb_core.o
    0x08003956   0x00000002   PAD
    0x08003958   0x00000070   Code   RO          342    i.USB_OTG_CoreReset  usb_core.o
    0x080039c8   0x00000022   Code   RO          343    i.USB_OTG_DisableGlobalInt  usb_core.o
    0x080039ea   0x00000074   Code   RO          344    i.USB_OTG_EP0Activate  usb_core.o
    0x08003a5e   0x00000156   Code   RO          345    i.USB_OTG_EP0StartXfer  usb_core.o
    0x08003bb4   0x00000062   Code   RO          346    i.USB_OTG_EP0_OutStart  usb_core.o
    0x08003c16   0x00000098   Code   RO          347    i.USB_OTG_EPActivate  usb_core.o
    0x08003cae   0x00000050   Code   RO          348    i.USB_OTG_EPClearStall  usb_core.o
    0x08003cfe   0x0000005e   Code   RO          349    i.USB_OTG_EPDeactivate  usb_core.o
    0x08003d5c   0x00000064   Code   RO          350    i.USB_OTG_EPSetStall  usb_core.o
    0x08003dc0   0x000001fe   Code   RO          351    i.USB_OTG_EPStartXfer  usb_core.o
    0x08003fbe   0x00000034   Code   RO          352    i.USB_OTG_EnableCommonInt  usb_core.o
    0x08003ff2   0x000000b0   Code   RO          353    i.USB_OTG_EnableDevInt  usb_core.o
    0x080040a2   0x00000022   Code   RO          354    i.USB_OTG_EnableGlobalInt  usb_core.o
    0x080040c4   0x0000004c   Code   RO          355    i.USB_OTG_FlushRxFifo  usb_core.o
    0x08004110   0x00000054   Code   RO          356    i.USB_OTG_FlushTxFifo  usb_core.o
    0x08004164   0x00000038   Code   RO          357    i.USB_OTG_GetDeviceSpeed  usb_core.o
    0x0800419c   0x0000000c   Code   RO          359    i.USB_OTG_GetMode   usb_core.o
    0x080041a8   0x00000018   Code   RO          360    i.USB_OTG_InitDevSpeed  usb_core.o
    0x080041c0   0x00000016   Code   RO          361    i.USB_OTG_IsDeviceMode  usb_core.o
    0x080041d6   0x00000010   Code   RO          363    i.USB_OTG_ReadCoreItr  usb_core.o
    0x080041e6   0x00000010   Code   RO          364    i.USB_OTG_ReadDevAllInEPItr  usb_core.o
    0x080041f6   0x00000010   Code   RO          365    i.USB_OTG_ReadDevAllOutEp_itr  usb_core.o
    0x08004206   0x00000014   Code   RO          366    i.USB_OTG_ReadDevOutEP_itr  usb_core.o
    0x0800421a   0x00000028   Code   RO          368    i.USB_OTG_ReadPacket  usb_core.o
    0x08004242   0x00000002   PAD
    0x08004244   0x000000d0   Code   RO          369    i.USB_OTG_SelectCore  usb_core.o
    0x08004314   0x0000004e   Code   RO          370    i.USB_OTG_SetCurrentMode  usb_core.o
    0x08004362   0x00000040   Code   RO          374    i.USB_OTG_WritePacket  usb_core.o
    0x080043a2   0x00000004   Code   RO          857    i.UsageFault_Handler  stm32fxxx_it.o
    0x080043a6   0x00000008   Code   RO         1092    i.UsbSendData       usbd_cdc_vcp.o
    0x080043ae   0x00000002   PAD
    0x080043b0   0x00000084   Code   RO         1094    i.VCP_Ctrl          usbd_cdc_vcp.o
    0x08004434   0x00000020   Code   RO         1095    i.VCP_DataRx        usbd_cdc_vcp.o
    0x08004454   0x00000014   Code   RO         1096    i.VCP_DataTx        usbd_cdc_vcp.o
    0x08004468   0x00000004   Code   RO         1097    i.VCP_DeInit        usbd_cdc_vcp.o
    0x0800446c   0x00000058   Code   RO         1098    i.VCP_Init          usbd_cdc_vcp.o
    0x080044c4   0x00000014   Code   RO         1338    i.drv_GetCurTime    driver.o
    0x080044d8   0x00000056   Code   RO         1340    i.drv_timer2_init   driver.o
    0x0800452e   0x00000002   PAD
    0x08004530   0x0000004c   Code   RO         1235    i.main              app.o
    0x0800457c   0x000000b0   Code   RO            6    i.usbd_cdc_DataIn   usbd_cdc_core.o
    0x0800462c   0x00000038   Code   RO            7    i.usbd_cdc_DataOut  usbd_cdc_core.o
    0x08004664   0x0000002c   Code   RO            8    i.usbd_cdc_DeInit   usbd_cdc_core.o
    0x08004690   0x00000038   Code   RO            9    i.usbd_cdc_EP0_RxReady  usbd_cdc_core.o
    0x080046c8   0x00000058   Code   RO           10    i.usbd_cdc_Init     usbd_cdc_core.o
    0x08004720   0x00000028   Code   RO           11    i.usbd_cdc_SOF      usbd_cdc_core.o
    0x08004748   0x000000c8   Code   RO           12    i.usbd_cdc_Setup    usbd_cdc_core.o
    0x08004810   0x00000020   Data   RO         5103    Region$$Table       anon$$obj.o


    Execution Region RW_IRAM1 (Base: 0x20000000, Size: 0x00003848, Max: 0x00010000, ABSOLUTE, COMPRESSED[0x00000100])

    Base Addr    Size         Type   Attr      Idx    E Section Name        Object

    0x20000000   0x00000098   Data   RW           14    .data               usbd_cdc_core.o
    0x20000098   0x0000000d   Data   RW          255    .data               usbd_req.o
    0x200000a5   0x00000003   PAD
    0x200000a8   0x00000034   Data   RW          587    .data               usbd_core.o
    0x200000dc   0x00000014   Data   RW          997    .data               system_stm32f10x.o
    0x200000f0   0x0000001c   Data   RW         1100    .data               usbd_cdc_vcp.o
    0x2000010c   0x00000056   Data   RW         1166    .data               usbd_desc.o
    0x20000162   0x00000002   PAD
    0x20000164   0x0000000c   Data   RW         1237    .data               app.o
    0x20000170   0x0000001c   Data   RW         1275    .data               usbd_usr.o
    0x2000018c   0x00000008   Data   RW         1393    .data               can.o
    0x20000194   0x00000014   Data   RW         3432    .data               stm32f10x_rcc.o
    0x200001a8   0x00002083   Zero   RW           13    .bss                usbd_cdc_core.o
    0x2000222b   0x00000001   PAD
    0x2000222c   0x00000010   Zero   RW         1099    .bss                usbd_cdc_vcp.o
    0x2000223c   0x000000ff   Zero   RW         1165    .bss                usbd_desc.o
    0x2000233b   0x00000001   PAD
    0x2000233c   0x00000e54   Zero   RW         1236    .bss                app.o
    0x20003190   0x00000014   Zero   RW         1392    .bss                can.o
    0x200031a4   0x00000040   Zero   RW         1446    .bss                comm.o
    0x200031e4   0x00000060   Zero   RW         4977    .bss                c_w.l(libspace.o)
    0x20003244   0x00000004   PAD
    0x20003248   0x00000200   Zero   RW          984    HEAP                startup_stm32f10x_cl.o
    0x20003448   0x00000400   Zero   RW          983    STACK               startup_stm32f10x_cl.o


==============================================================================

Image component sizes


      Code (inc. data)   RO Data    RW Data    ZI Data      Debug   Object Name

       160         54          0         12       3668       1775   app.o
       856         56          0          8         20       3451   can.o
       494         20          0          0         64       5209   comm.o
       326          8          0          0          0       2801   driver.o
       242          0          0          0          0       3751   fifo8.o
       132         22          0          0          0       3535   misc.o
        64         26        336          0       1536        820   startup_stm32f10x_cl.o
      1360         22          0          0          0      15749   stm32f10x_can.o
       426          6          0          0          0       3611   stm32f10x_gpio.o
       572         62          0         20          0       8037   stm32f10x_rcc.o
       740        106          0          0          0       5415   stm32f10x_tim.o
       366          4          0          0          0       4860   stm32f10x_usart.o
        82         10          0          0          0     275282   stm32fxxx_it.o
       652         56          0         20          0       3073   system_stm32f10x.o
        70          0          0          0          0       2487   usb_bsp.o
      3440         18          0          0          0      22048   usb_core.o
       666          0          0          0          0       6252   usb_dcd.o
      2360        108          0          0          0     246151   usb_dcd_int.o
       896        110          0        152       8323     255302   usbd_cdc_core.o
       312         32          0         28         16       4370   usbd_cdc_vcp.o
       844          6          0         52          0      12260   usbd_core.o
       434        170          0         86        255       6899   usbd_desc.o
       224          0          0          0          0       4776   usbd_ioreq.o
      1756         56          0         13          0      11126   usbd_req.o
        30          0          0         28          0       3433   usbd_usr.o

    ----------------------------------------------------------------------
     17534        952        368        424      13884     912473   Object Totals
         0          0         32          0          0          0   (incl. Generated)
        30          0          0          5          2          0   (incl. Padding)

    ----------------------------------------------------------------------

      Code (inc. data)   RO Data    RW Data    ZI Data      Debug   Library Member Name

        90          0          0          0          0          0   __dczerorl2.o
         8          0          0          0          0         68   __main.o
         0          0          0          0          0          0   __rtentry.o
        12          0          0          0          0          0   __rtentry2.o
         6          0          0          0          0          0   __rtentry4.o
        52          8          0          0          0          0   __scatter.o
        28          0          0          0          0          0   __scatter_zi.o
        18          0          0          0          0         80   exit.o
         6          0          0          0          0        152   heapauxi.o
         0          0          0          0          0          0   indicate_semi.o
         2          0          0          0          0          0   libinit.o
         2          0          0          0          0          0   libinit2.o
         2          0          0          0          0          0   libshutdown.o
         2          0          0          0          0          0   libshutdown2.o
         8          4          0          0         96         68   libspace.o
       138          0          0          0          0         68   rt_memcpy_v6.o
       100          0          0          0          0         80   rt_memcpy_w.o
         2          0          0          0          0          0   rtexit.o
        10          0          0          0          0          0   rtexit2.o
        12          4          0          0          0         68   sys_exit.o
        74          0          0          0          0         80   sys_stackheap_outer.o
         2          0          0          0          0         68   use_no_semi.o

    ----------------------------------------------------------------------
       578         16          0          0        100        732   Library Totals
         4          0          0          0          4          0   (incl. Padding)

    ----------------------------------------------------------------------

      Code (inc. data)   RO Data    RW Data    ZI Data      Debug   Library Name

       574         16          0          0         96        732   c_w.l

    ----------------------------------------------------------------------
       578         16          0          0        100        732   Library Totals

    ----------------------------------------------------------------------

==============================================================================


      Code (inc. data)   RO Data    RW Data    ZI Data      Debug   

     18112        968        368        424      13984     903061   Grand Totals
     18112        968        368        256      13984     903061   ELF Image Totals (compressed)
     18112        968        368        256          0          0   ROM Totals

==============================================================================

    Total RO  Size (Code + RO Data)                18480 (  18.05kB)
    Total RW  Size (RW Data + ZI Data)             14408 (  14.07kB)
    Total ROM Size (Code + RO Data + RW Data)      18736 (  18.30kB)

==============================================================================

