<html>
<body>
<pre>
<h1>µVision Build Log</h1>
<h2>Tool Versions:</h2>
IDE-Version: ¦ÌVision V5.20.0.0
Copyright (C) 2016 ARM Ltd and ARM Germany GmbH. All rights reserved.
License Information: yoko xinli, yokocom, LIC=EPP8T-R1E2T-MQV0F-6SQ7J-FA8NM-R5D9F
 
Tool Versions:
Toolchain:       MDK-ARM Professional  Version: 5.20
Toolchain Path:  C:\Keil_v5\ARM\ARMCC\Bin
C Compiler:      Armcc.exe V5.06 update 2 (build 183)
Assembler:       Armasm.exe V5.06 update 2 (build 183)
Linker/Locator:  ArmLink.exe V5.06 update 2 (build 183)
Library Manager: ArmAr.exe V5.06 update 2 (build 183)
Hex Converter:   FromElf.exe V5.06 update 2 (build 183)
CPU DLL:         SARMCM3.DLL V5.20
Dialog DLL:      DCM.DLL V1.13.7.0
Target DLL:      STLink\ST-LINKIII-KEIL_SWO.dll V2.0.18.0
Dialog DLL:      TCM.DLL V1.14.9.0
 
<h2>Project:</h2>
D:\workdir\adasl\adas_checkBoard\STM32_USB-Host-Device_Lib_V2.2.0\VCP\tester.uvprojx
Project File Date:  03/24/2017

<h2>Output:</h2>
*** Using Compiler 'V5.06 update 2 (build 183)', folder: 'C:\Keil_v5\ARM\ARMCC\Bin'
Build target 'Target 1'
compiling usbd_cdc_core.c...
compiling usb_dcd.c...
compiling usbd_req.c...
compiling usbd_core.c...
compiling usb_core.c...
compiling usbd_ioreq.c...
assembling bin_locate.s...
assembling startup_stm32f10x_cl.s...
compiling usb_dcd_int.c...
compiling stm32fxxx_it.c...
compiling system_stm32f10x.c...
compiling usbd_cdc_vcp.c...
compiling usb_bsp.c...
compiling usbd_desc.c...
compiling driver.c...
compiling usbd_usr.c...
compiling can.c...
compiling crc32.c...
compiling fifo8.c...
compiling main.c...
compiling adc.c...
src\adc.c(163): warning:  #167-D: argument of type "unsigned char *" is incompatible with parameter of type "char *restrict"
  		sprintf(strbuf,"adc value: %d voltage1 : %f ,voltage2: %f \r\n",adc[i],m1,m);
src\adc.c(164): warning:  #167-D: argument of type "unsigned char *" is incompatible with parameter of type "char *"
  		TraceStr(strbuf);
src\adc.c: 2 warnings, 0 errors
compiling trace.c...
compiling INA226.c...
src\INA226.c(279): warning:  #167-D: argument of type "unsigned char *" is incompatible with parameter of type "char *restrict"
  	sprintf(strbuf,"%4dv, current: %4d,power=%4d\r\n",BusVoltage,TotalCurrent,Power);
src\INA226.c(281): warning:  #167-D: argument of type "unsigned char *" is incompatible with parameter of type "char *"
  	TraceStr(strbuf);
src\INA226.c: 2 warnings, 0 errors
compiling soft_i2c.c...
compiling usb_comm.c...
src\usb_comm.c(70): warning:  #177-D: variable "TxFrameBuff" was declared but never referenced
  __ALIGN_BEGIN static u8 TxFrameBuff[TMP_FRAME_BUFF_SIZE] __ALIGN_END;
src\usb_comm.c: 1 warning, 0 errors
compiling uart_comm.c...
src\uart_comm.c(136): warning:  #167-D: argument of type "unsigned char *" is incompatible with parameter of type "char *restrict"
  		sprintf(&UartRcvFrameBuffer[i*3],"%02d ",framebuf[i]);
src\uart_comm.c(137): warning:  #167-D: argument of type "unsigned char *" is incompatible with parameter of type "char *"
  	TraceStr(UartRcvFrameBuffer);
src\uart_comm.c: 2 warnings, 0 errors
compiling test.c...
src\test.c(72): warning:  #223-D: function "init_INA226_normal" declared implicitly
  	init_INA226_normal();
src\test.c(73): warning:  #223-D: function "InitADC" declared implicitly
  	InitADC();
src\test.c(74): warning:  #223-D: function "drv_boot_high" declared implicitly
  	drv_boot_high();
src\test.c(79): warning:  #223-D: function "FirmTest" declared implicitly
  	FirmTest();
src\test.c(68): warning:  #177-D: variable "msg_queue" was declared but never referenced
  	msg_queue_t msg_queue;
src\test.c(69): warning:  #177-D: variable "msg_head" was declared but never referenced
  	msg_head_t *msg_head;
src\test.c(70): warning:  #177-D: variable "msg_type" was declared but never referenced
  	u32 msg_type;
src\test.c(142): warning:  #1-D: last line of file ends without a newline
  }
src\test.c(135): warning:  #177-D: function "TestStartTest" was declared but never referenced
  static  void TestStartTest(void)
src\test.c: 9 warnings, 0 errors
compiling firm.c...
src\firm.c(178): warning:  #111-D: statement is unreachable
  	len = RcvFirmFrameFromUart(&UartRxFifo,CommBuf);
src\firm.c(182): warning:  #167-D: argument of type "unsigned char *" is incompatible with parameter of type "char *"
  	TraceStr(UartRcvFrameBuffer);
src\firm.c(233): warning:  #940-D: missing return statement at end of non-void function "FirmDownload"
  }
src\firm.c: 3 warnings, 0 errors
compiling misc.c...
compiling stm32f10x_adc.c...
compiling stm32f10x_bkp.c...
compiling stm32f10x_can.c...
compiling stm32f10x_cec.c...
compiling stm32f10x_crc.c...
compiling stm32f10x_dac.c...
compiling stm32f10x_dbgmcu.c...
compiling stm32f10x_dma.c...
compiling stm32f10x_exti.c...
compiling stm32f10x_flash.c...
compiling stm32f10x_fsmc.c...
compiling stm32f10x_iwdg.c...
compiling stm32f10x_gpio.c...
compiling stm32f10x_i2c.c...
compiling stm32f10x_rtc.c...
compiling stm32f10x_pwr.c...
compiling stm32f10x_rcc.c...
compiling stm32f10x_sdio.c...
compiling stm32f10x_spi.c...
compiling stm32f10x_tim.c...
compiling stm32f10x_usart.c...
compiling list.c...
compiling stm32f10x_wwdg.c...
compiling queue.c...
compiling timers.c...
compiling tasks.c...
compiling heap_3.c...
compiling port.c...
linking...
Program Size: Code=26616 RO-data=368 RW-data=520 ZI-data=20568  
FromELF: creating hex file...
".\Objects\tester.axf" - 0 Error(s), 19 Warning(s).

<h2>Collection of Component include folders:</h2>
  D:\workdir\adasl\adas_checkBoard\STM32_USB-Host-Device_Lib_V2.2.0\VCP\RTE
  C:\Keil_v5\ARM\PACK\Keil\STM32F1xx_DFP\2.2.0\Device\Include

<h2>Collection of Component Files used:</h2>
Build Time Elapsed:  00:00:22
</pre>
</body>
</html>
